<html>
<body>
<pre>
<h1>µVision Build Log</h1>
<h2>Tool Versions:</h2>
IDE-Version: ¦ÌVision V5.40.0.0
Copyright (C) 2024 ARM Ltd and ARM Germany GmbH. All rights reserved.
License Information: 0 zzzwj, 1, LIC=EXJT4-FE4SK-56IQ2-99L02-IIFFZ-LV5W1
 
Tool Versions:
Toolchain:       MDK-ARM Plus  Version: 5.40.0.3
Toolchain Path:  C:\Users\zzzwj\AppData\Local\Keil_v5\ARM\ARMCC\Bin
C Compiler:      Armcc.exe V5.06 update 5 (build 528)
Assembler:       Armasm.exe V5.06 update 5 (build 528)
Linker/Locator:  ArmLink.exe V5.06 update 5 (build 528)
Library Manager: ArmAr.exe V5.06 update 5 (build 528)
Hex Converter:   FromElf.exe V5.06 update 5 (build 528)
CPU DLL:         SARMCM3.DLL V5.40.0.3
Dialog DLL:      DCM.DLL V1.17.5.0
Target DLL:      CMSIS_AGDI.dll V1.33.18.0
Dialog DLL:      TCM.DLL V1.56.4.0
 
<h2>Project:</h2>
B:\GitHub\wheel_leg_2025\IMU\MDK-ARM\Taurus_IMU.uvprojx
Project File Date:  04/26/2025

<h2>Output:</h2>
*** Using Compiler 'V5.06 update 5 (build 528)', folder: 'C:\Users\zzzwj\AppData\Local\Keil_v5\ARM\ARMCC\Bin'
Build target 'Taurus_IMU'
compiling stm32f3xx_hal_gpio.c...
compiling system_stm32f3xx.c...
compiling stm32f3xx_hal_dma.c...
compiling stm32f3xx_hal_uart.c...
compiling stm32f3xx_hal_spi_ex.c...
compiling stm32f3xx_hal_cortex.c...
compiling stm32f3xx_hal_pwr.c...
compiling stm32f3xx_hal.c...
compiling stm32f3xx_hal_rcc_ex.c...
compiling stm32f3xx_hal_can.c...
compiling stm32f3xx_hal_uart_ex.c...
compiling stm32f3xx_hal_tim.c...
compiling stm32f3xx_hal_spi.c...
compiling stm32f3xx_hal_tim_ex.c...
compiling stm32f3xx_hal_rcc.c...
compiling usart.c...
compiling can.c...
compiling gpio.c...
compiling stm32f3xx_hal_flash_ex.c...
compiling stm32f3xx_hal_i2c_ex.c...
compiling stm32f3xx_hal_pwr_ex.c...
compiling tim.c...
compiling stm32f3xx_hal_flash.c...
compiling spi.c...
compiling stm32f3xx_hal_timebase_tim.c...
compiling stm32f3xx_hal_i2c.c...
compiling main.c...
compiling dma.c...
compiling stm32f3xx_hal_msp.c...
compiling stm32f3xx_it.c...
compiling bsp_delay.c...
compiling bsp_spi.c...
compiling bsp_can.c...
compiling bsp_iic.c...
compiling bsp_ist8310.c...
compiling bsp_bmi088.c...
compiling bsp_JY901.c...
compiling bsp_imu.c...
compiling bsp_flash.c...
compiling IST8310_Read.c...
compiling bsp_dwt.c...
compiling BMI088_Read.c...
compiling bsp_uart.c...
compiling Comm_Task.c...
compiling IMU_AHRSupdate.c...
compiling data_processing.c...
compiling Status_Task.c...
compiling Calibration.c...
compiling QuaternionEKF.c...
compiling kalman_filter.c...
compiling KalmanFilter.c...
compiling pid.c...
compiling Filter.c...
linking...
Program Size: Code=35768 RO-data=716 RW-data=812 ZI-data=14780  
FromELF: creating hex file...
"Taurus_IMU\Taurus_IMU.axf" - 0 Error(s), 0 Warning(s).

<h2>Software Packages used:</h2>

Package Vendor: ARM
                https://www.keil.com/pack/ARM.CMSIS.6.1.0.pack
                ARM::CMSIS@6.1.0
                CMSIS (Common Microcontroller Software Interface Standard)
   * Component: CORE Version: 6.1.0

Package Vendor: Keil
                http://www.keil.com/pack/Keil.STM32F3xx_DFP.2.2.2.pack
                Keil::STM32F3xx_DFP@2.2.2
                STMicroelectronics STM32F3 Series Device Support and Examples

<h2>Collection of Component include folders:</h2>
  ./RTE/_Taurus_IMU
  C:/Users/zzzwj/AppData/Local/Arm/Packs/ARM/CMSIS/6.1.0/CMSIS/Core/Include
  C:/Users/zzzwj/AppData/Local/Arm/Packs/Keil/STM32F3xx_DFP/2.2.2/Drivers/CMSIS/Device/ST/STM32F3xx/Include

<h2>Collection of Component Files used:</h2>

   * Component: ARM::CMSIS:CORE@6.1.0
Build Time Elapsed:  00:00:09
</pre>
</body>
</html>
