Component: ARM Compiler 5.06 update 6 (build 750) Tool: armlink [4d35ed]

==============================================================================

Section Cross References

    startup_stm32g431xx.o(RESET) refers to startup_stm32g431xx.o(STACK) for __initial_sp
    startup_stm32g431xx.o(RESET) refers to startup_stm32g431xx.o(.text) for Reset_Handler
    startup_stm32g431xx.o(RESET) refers to stm32g4xx_it.o(i.NMI_Handler) for NMI_Handler
    startup_stm32g431xx.o(RESET) refers to stm32g4xx_it.o(i.HardFault_Handler) for HardFault_Handler
    startup_stm32g431xx.o(RESET) refers to stm32g4xx_it.o(i.MemManage_Handler) for MemManage_Handler
    startup_stm32g431xx.o(RESET) refers to stm32g4xx_it.o(i.BusFault_Handler) for BusFault_Handler
    startup_stm32g431xx.o(RESET) refers to stm32g4xx_it.o(i.UsageFault_Handler) for UsageFault_Handler
    startup_stm32g431xx.o(RESET) refers to stm32g4xx_it.o(i.SVC_Handler) for SVC_Handler
    startup_stm32g431xx.o(RESET) refers to stm32g4xx_it.o(i.DebugMon_Handler) for DebugMon_Handler
    startup_stm32g431xx.o(RESET) refers to stm32g4xx_it.o(i.PendSV_Handler) for PendSV_Handler
    startup_stm32g431xx.o(RESET) refers to stm32g4xx_it.o(i.SysTick_Handler) for SysTick_Handler
    startup_stm32g431xx.o(RESET) refers to stm32g4xx_it.o(i.DMA1_Channel1_IRQHandler) for DMA1_Channel1_IRQHandler
    startup_stm32g431xx.o(RESET) refers to stm32g4xx_it.o(i.DMA1_Channel2_IRQHandler) for DMA1_Channel2_IRQHandler
    startup_stm32g431xx.o(RESET) refers to stm32g4xx_it.o(i.TIM2_IRQHandler) for TIM2_IRQHandler
    startup_stm32g431xx.o(RESET) refers to stm32g4xx_it.o(i.TIM3_IRQHandler) for TIM3_IRQHandler
    startup_stm32g431xx.o(.text) refers to system_stm32g4xx.o(i.SystemInit) for SystemInit
    startup_stm32g431xx.o(.text) refers to entry.o(.ARM.Collect$$$$00000000) for __main
    main.o(i.HAL_TIM_PeriodElapsedCallback) refers to stm32g4xx_hal.o(i.HAL_IncTick) for HAL_IncTick
    main.o(i.HAL_TIM_PeriodElapsedCallback) refers to bsp_dwt.o(i.DWT_GetDeltaT) for DWT_GetDeltaT
    main.o(i.HAL_TIM_PeriodElapsedCallback) refers to can_comm.o(i.can_std_transmit) for can_std_transmit
    main.o(i.HAL_TIM_PeriodElapsedCallback) refers to main.o(.data) for dwt_count
    main.o(i.HAL_TIM_PeriodElapsedCallback) refers to can_comm.o(.bss) for imu_msg_send
    main.o(i.HAL_TIM_PeriodElapsedCallback) refers to fdcan.o(.bss) for hfdcan1
    main.o(i.SystemClock_Config) refers to memseta.o(.text) for __aeabi_memclr4
    main.o(i.SystemClock_Config) refers to stm32g4xx_hal_pwr_ex.o(i.HAL_PWREx_ControlVoltageScaling) for HAL_PWREx_ControlVoltageScaling
    main.o(i.SystemClock_Config) refers to stm32g4xx_hal_rcc.o(i.HAL_RCC_OscConfig) for HAL_RCC_OscConfig
    main.o(i.SystemClock_Config) refers to main.o(i.Error_Handler) for Error_Handler
    main.o(i.SystemClock_Config) refers to stm32g4xx_hal_rcc.o(i.HAL_RCC_ClockConfig) for HAL_RCC_ClockConfig
    main.o(i.main) refers to stm32g4xx_hal.o(i.HAL_Init) for HAL_Init
    main.o(i.main) refers to main.o(i.SystemClock_Config) for SystemClock_Config
    main.o(i.main) refers to gpio.o(i.MX_GPIO_Init) for MX_GPIO_Init
    main.o(i.main) refers to dma.o(i.MX_DMA_Init) for MX_DMA_Init
    main.o(i.main) refers to spi.o(i.MX_SPI1_Init) for MX_SPI1_Init
    main.o(i.main) refers to tim.o(i.MX_TIM1_Init) for MX_TIM1_Init
    main.o(i.main) refers to fdcan.o(i.MX_FDCAN1_Init) for MX_FDCAN1_Init
    main.o(i.main) refers to tim.o(i.MX_TIM3_Init) for MX_TIM3_Init
    main.o(i.main) refers to iwdg.o(i.MX_IWDG_Init) for MX_IWDG_Init
    main.o(i.main) refers to fdcan.o(i.MY_FDCAN1_Init) for MY_FDCAN1_Init
    main.o(i.main) refers to bsp_dwt.o(i.DWT_Init) for DWT_Init
    main.o(i.main) refers to icm42688_driver.o(i.ICM42688_init) for ICM42688_init
    main.o(i.main) refers to stm32g4xx_hal.o(i.HAL_Delay) for HAL_Delay
    main.o(i.main) refers to can_comm.o(i.can_comm_init) for can_comm_init
    main.o(i.main) refers to stm32g4xx_hal_tim.o(i.HAL_TIM_PWM_Start) for HAL_TIM_PWM_Start
    main.o(i.main) refers to pid.o(i.PID_struct_init) for PID_struct_init
    main.o(i.main) refers to bsp_flash.o(i.imu_flash_read) for imu_flash_read
    main.o(i.main) refers to stm32g4xx_hal_tim.o(i.HAL_TIM_Base_Start_IT) for HAL_TIM_Base_Start_IT
    main.o(i.main) refers to bsp_imu.o(i.IMU_AHRS_Calcu_task) for IMU_AHRS_Calcu_task
    main.o(i.main) refers to stm32g4xx_hal_gpio.o(i.HAL_GPIO_TogglePin) for HAL_GPIO_TogglePin
    main.o(i.main) refers to bsp_dwt.o(i.DWT_Delay) for DWT_Delay
    main.o(i.main) refers to icm42688_driver.o(.data) for init_flag
    main.o(i.main) refers to tim.o(.bss) for htim1
    main.o(i.main) refers to pid.o(.bss) for pid_temperature
    main.o(i.main) refers to icm42688_driver.o(.bss) for IMU_Data
    main.o(i.main) refers to bsp_imu.o(.data) for califlag
    main.o(i.main) refers to main.o(.data) for led_count
    gpio.o(i.MX_GPIO_Init) refers to memseta.o(.text) for __aeabi_memclr4
[...]
    i.HAL_TIMEx_DirectionChangeCallback      0x08003314   Section        0  stm32g4xx_hal_tim_ex.o(i.HAL_TIMEx_DirectionChangeCallback)
    i.HAL_TIMEx_EncoderIndexCallback         0x08003316   Section        0  stm32g4xx_hal_tim_ex.o(i.HAL_TIMEx_EncoderIndexCallback)
    i.HAL_TIMEx_IndexErrorCallback           0x08003318   Section        0  stm32g4xx_hal_tim_ex.o(i.HAL_TIMEx_IndexErrorCallback)
    i.HAL_TIMEx_MasterConfigSynchronization  0x0800331c   Section        0  stm32g4xx_hal_tim_ex.o(i.HAL_TIMEx_MasterConfigSynchronization)
    i.HAL_TIMEx_TransitionErrorCallback      0x080033d4   Section        0  stm32g4xx_hal_tim_ex.o(i.HAL_TIMEx_TransitionErrorCallback)
    i.HAL_TIM_Base_Init                      0x080033d6   Section        0  stm32g4xx_hal_tim.o(i.HAL_TIM_Base_Init)
    i.HAL_TIM_Base_MspInit                   0x08003444   Section        0  tim.o(i.HAL_TIM_Base_MspInit)
    i.HAL_TIM_Base_Start_IT                  0x08003488   Section        0  stm32g4xx_hal_tim.o(i.HAL_TIM_Base_Start_IT)
    i.HAL_TIM_ConfigClockSource              0x08003524   Section        0  stm32g4xx_hal_tim.o(i.HAL_TIM_ConfigClockSource)
    i.HAL_TIM_IC_CaptureCallback             0x08003658   Section        0  stm32g4xx_hal_tim.o(i.HAL_TIM_IC_CaptureCallback)
    i.HAL_TIM_IRQHandler                     0x0800365a   Section        0  stm32g4xx_hal_tim.o(i.HAL_TIM_IRQHandler)
    i.HAL_TIM_MspPostInit                    0x0800387c   Section        0  tim.o(i.HAL_TIM_MspPostInit)
    i.HAL_TIM_OC_DelayElapsedCallback        0x080038d8   Section        0  stm32g4xx_hal_tim.o(i.HAL_TIM_OC_DelayElapsedCallback)
    i.HAL_TIM_PWM_ConfigChannel              0x080038da   Section        0  stm32g4xx_hal_tim.o(i.HAL_TIM_PWM_ConfigChannel)
    i.HAL_TIM_PWM_Init                       0x08003a4a   Section        0  stm32g4xx_hal_tim.o(i.HAL_TIM_PWM_Init)
    i.HAL_TIM_PWM_MspInit                    0x08003ab8   Section        0  tim.o(i.HAL_TIM_PWM_MspInit)
    i.HAL_TIM_PWM_PulseFinishedCallback      0x08003ae8   Section        0  stm32g4xx_hal_tim.o(i.HAL_TIM_PWM_PulseFinishedCallback)
    i.HAL_TIM_PWM_Start                      0x08003aec   Section        0  stm32g4xx_hal_tim.o(i.HAL_TIM_PWM_Start)
    i.HAL_TIM_PeriodElapsedCallback          0x08003c38   Section        0  main.o(i.HAL_TIM_PeriodElapsedCallback)
    i.HAL_TIM_TriggerCallback                0x08003cac   Section        0  stm32g4xx_hal_tim.o(i.HAL_TIM_TriggerCallback)
    i.H_K_R_Adjustment                       0x08003cb0   Section        0  kalman_filter.o(i.H_K_R_Adjustment)
    H_K_R_Adjustment                         0x08003cb1   Thumb Code   300  kalman_filter.o(i.H_K_R_Adjustment)
    i.HardFault_Handler                      0x08003de0   Section        0  stm32g4xx_it.o(i.HardFault_Handler)
    i.ICM42688P_ConvertToPhysical            0x08003de4   Section        0  icm42688_driver.o(i.ICM42688P_ConvertToPhysical)
    i.ICM42688_init                          0x08003e90   Section        0  icm42688_driver.o(i.ICM42688_init)
    i.ICM42688_read_muli_reg                 0x08004474   Section        0  icm42688_driver.o(i.ICM42688_read_muli_reg)
    ICM42688_read_muli_reg                   0x08004475   Thumb Code    38  icm42688_driver.o(i.ICM42688_read_muli_reg)
    i.ICM42688_read_single_reg               0x0800449a   Section        0  icm42688_driver.o(i.ICM42688_read_single_reg)
    ICM42688_read_single_reg                 0x0800449b   Thumb Code    26  icm42688_driver.o(i.ICM42688_read_single_reg)
    i.ICM42688_read_write_byte               0x080044b4   Section        0  icm42688_middleware.o(i.ICM42688_read_write_byte)
    i.ICM42688_write_single_reg              0x080044d0   Section        0  icm42688_driver.o(i.ICM42688_write_single_reg)
    ICM42688_write_single_reg                0x080044d1   Thumb Code    20  icm42688_driver.o(i.ICM42688_write_single_reg)
    i.IMU_AHRS_Calcu_task                    0x080044e4   Section        0  bsp_imu.o(i.IMU_AHRS_Calcu_task)
    i.IMU_QuaternionEKF_F_Linearization_P_Fading 0x08004950   Section        0  quaternionekf.o(i.IMU_QuaternionEKF_F_Linearization_P_Fading)
    IMU_QuaternionEKF_F_Linearization_P_Fading 0x08004951   Thumb Code   540  quaternionekf.o(i.IMU_QuaternionEKF_F_Linearization_P_Fading)
    i.IMU_QuaternionEKF_Init                 0x08004b88   Section        0  quaternionekf.o(i.IMU_QuaternionEKF_Init)
    i.IMU_QuaternionEKF_Observe              0x08004cb8   Section        0  quaternionekf.o(i.IMU_QuaternionEKF_Observe)
    IMU_QuaternionEKF_Observe                0x08004cb9   Thumb Code    40  quaternionekf.o(i.IMU_QuaternionEKF_Observe)
    i.IMU_QuaternionEKF_SetH                 0x08004cec   Section        0  quaternionekf.o(i.IMU_QuaternionEKF_SetH)
    IMU_QuaternionEKF_SetH                   0x08004ced   Thumb Code   274  quaternionekf.o(i.IMU_QuaternionEKF_SetH)
    i.IMU_QuaternionEKF_Update               0x08004e14   Section        0  quaternionekf.o(i.IMU_QuaternionEKF_Update)
    i.IMU_QuaternionEKF_xhatUpdate           0x08005458   Section        0  quaternionekf.o(i.IMU_QuaternionEKF_xhatUpdate)
    IMU_QuaternionEKF_xhatUpdate             0x08005459   Thumb Code  1284  quaternionekf.o(i.IMU_QuaternionEKF_xhatUpdate)
    i.Kalman_Filter_Init                     0x08005960   Section        0  kalman_filter.o(i.Kalman_Filter_Init)
    i.Kalman_Filter_Measure                  0x0800606c   Section        0  kalman_filter.o(i.Kalman_Filter_Measure)
    i.Kalman_Filter_P_Update                 0x080060bc   Section        0  kalman_filter.o(i.Kalman_Filter_P_Update)
    i.Kalman_Filter_PminusUpdate             0x08006124   Section        0  kalman_filter.o(i.Kalman_Filter_PminusUpdate)
    i.Kalman_Filter_SetK                     0x0800618c   Section        0  kalman_filter.o(i.Kalman_Filter_SetK)
    i.Kalman_Filter_Update                   0x08006260   Section        0  kalman_filter.o(i.Kalman_Filter_Update)
    i.Kalman_Filter_xhatMinusUpdate          0x08006388   Section        0  kalman_filter.o(i.Kalman_Filter_xhatMinusUpdate)
    i.Kalman_Filter_xhatUpdate               0x08006404   Section        0  kalman_filter.o(i.Kalman_Filter_xhatUpdate)
    i.MX_DMA_Init                            0x0800648c   Section        0  dma.o(i.MX_DMA_Init)
    i.MX_FDCAN1_Init                         0x080064ec   Section        0  fdcan.o(i.MX_FDCAN1_Init)
    i.MX_GPIO_Init                           0x08006548   Section        0  gpio.o(i.MX_GPIO_Init)
    i.MX_IWDG_Init                           0x080065fc   Section        0  iwdg.o(i.MX_IWDG_Init)
    i.MX_SPI1_Init                           0x08006628   Section        0  spi.o(i.MX_SPI1_Init)
    i.MX_TIM1_Init                           0x0800667c   Section        0  tim.o(i.MX_TIM1_Init)
    i.MX_TIM3_Init                           0x08006740   Section        0  tim.o(i.MX_TIM3_Init)
    i.MY_FDCAN1_Init                         0x080067b0   Section        0  fdcan.o(i.MY_FDCAN1_Init)
    i.MemManage_Handler                      0x08006808   Section        0  stm32g4xx_it.o(i.MemManage_Handler)
    i.NMI_Handler                            0x0800680c   Section        0  stm32g4xx_it.o(i.NMI_Handler)
    i.PID_struct_init                        0x08006810   Section        0  pid.o(i.PID_struct_init)
    i.PendSV_Handler                         0x08006860   Section        0  stm32g4xx_it.o(i.PendSV_Handler)
    i.RCC_GetSysClockFreqFromPLLSource       0x08006864   Section        0  stm32g4xx_hal_rcc.o(i.RCC_GetSysClockFreqFromPLLSource)
    RCC_GetSysClockFreqFromPLLSource         0x08006865   Thumb Code    90  stm32g4xx_hal_rcc.o(i.RCC_GetSysClockFreqFromPLLSource)
    i.SPI_DMAError                           0x080068c8   Section        0  stm32g4xx_hal_spi.o(i.SPI_DMAError)
    SPI_DMAError                             0x080068c9   Thumb Code    40  stm32g4xx_hal_spi.o(i.SPI_DMAError)
    i.SPI_DMAHalfReceiveCplt                 0x080068f0   Section        0  stm32g4xx_hal_spi.o(i.SPI_DMAHalfReceiveCplt)
    SPI_DMAHalfReceiveCplt                   0x080068f1   Thumb Code    14  stm32g4xx_hal_spi.o(i.SPI_DMAHalfReceiveCplt)
    i.SPI_DMAHalfTransmitReceiveCplt         0x080068fe   Section        0  stm32g4xx_hal_spi.o(i.SPI_DMAHalfTransmitReceiveCplt)
    SPI_DMAHalfTransmitReceiveCplt           0x080068ff   Thumb Code    14  stm32g4xx_hal_spi.o(i.SPI_DMAHalfTransmitReceiveCplt)
    i.SPI_DMAReceiveCplt                     0x0800690c   Section        0  stm32g4xx_hal_spi.o(i.SPI_DMAReceiveCplt)
    SPI_DMAReceiveCplt                       0x0800690d   Thumb Code   124  stm32g4xx_hal_spi.o(i.SPI_DMAReceiveCplt)
    i.SPI_DMATransmitReceiveCplt             0x08006988   Section        0  stm32g4xx_hal_spi.o(i.SPI_DMATransmitReceiveCplt)
    SPI_DMATransmitReceiveCplt               0x08006989   Thumb Code   104  stm32g4xx_hal_spi.o(i.SPI_DMATransmitReceiveCplt)
    i.SPI_EndRxTransaction                   0x080069f0   Section        0  stm32g4xx_hal_spi.o(i.SPI_EndRxTransaction)
    SPI_EndRxTransaction                     0x080069f1   Thumb Code   130  stm32g4xx_hal_spi.o(i.SPI_EndRxTransaction)
    i.SPI_EndRxTxTransaction                 0x08006a72   Section        0  stm32g4xx_hal_spi.o(i.SPI_EndRxTxTransaction)
    SPI_EndRxTxTransaction                   0x08006a73   Thumb Code   100  stm32g4xx_hal_spi.o(i.SPI_EndRxTxTransaction)
    i.SPI_WaitFifoStateUntilTimeout          0x08006ad8   Section        0  stm32g4xx_hal_spi.o(i.SPI_WaitFifoStateUntilTimeout)
    SPI_WaitFifoStateUntilTimeout            0x08006ad9   Thumb Code   242  stm32g4xx_hal_spi.o(i.SPI_WaitFifoStateUntilTimeout)
    i.SPI_WaitFlagStateUntilTimeout          0x08006bd0   Section        0  stm32g4xx_hal_spi.o(i.SPI_WaitFlagStateUntilTimeout)
    SPI_WaitFlagStateUntilTimeout            0x08006bd1   Thumb Code   210  stm32g4xx_hal_spi.o(i.SPI_WaitFlagStateUntilTimeout)
    i.SVC_Handler                            0x08006ca8   Section        0  stm32g4xx_it.o(i.SVC_Handler)
    i.SysTick_Handler                        0x08006caa   Section        0  stm32g4xx_it.o(i.SysTick_Handler)
    i.SystemClock_Config                     0x08006cac   Section        0  main.o(i.SystemClock_Config)
    i.SystemInit                             0x08006d1c   Section        0  system_stm32g4xx.o(i.SystemInit)
    i.TIM2_IRQHandler                        0x08006d30   Section        0  stm32g4xx_it.o(i.TIM2_IRQHandler)
    i.TIM3_IRQHandler                        0x08006d40   Section        0  stm32g4xx_it.o(i.TIM3_IRQHandler)
    i.TIM_Base_SetConfig                     0x08006d50   Section        0  stm32g4xx_hal_tim.o(i.TIM_Base_SetConfig)
    i.TIM_CCxChannelCmd                      0x08006e1c   Section        0  stm32g4xx_hal_tim.o(i.TIM_CCxChannelCmd)
    i.TIM_ETR_SetConfig                      0x08006e3e   Section        0  stm32g4xx_hal_tim.o(i.TIM_ETR_SetConfig)
    i.TIM_ITRx_SetConfig                     0x08006e54   Section        0  stm32g4xx_hal_tim.o(i.TIM_ITRx_SetConfig)
    TIM_ITRx_SetConfig                       0x08006e55   Thumb Code    18  stm32g4xx_hal_tim.o(i.TIM_ITRx_SetConfig)
    i.TIM_OC1_SetConfig                      0x08006e6c   Section        0  stm32g4xx_hal_tim.o(i.TIM_OC1_SetConfig)
    TIM_OC1_SetConfig                        0x08006e6d   Thumb Code   146  stm32g4xx_hal_tim.o(i.TIM_OC1_SetConfig)
    i.TIM_OC2_SetConfig                      0x08006f18   Section        0  stm32g4xx_hal_tim.o(i.TIM_OC2_SetConfig)
    i.TIM_OC3_SetConfig                      0x08006fcc   Section        0  stm32g4xx_hal_tim.o(i.TIM_OC3_SetConfig)
    TIM_OC3_SetConfig                        0x08006fcd   Thumb Code   154  stm32g4xx_hal_tim.o(i.TIM_OC3_SetConfig)
    i.TIM_OC4_SetConfig                      0x08007080   Section        0  stm32g4xx_hal_tim.o(i.TIM_OC4_SetConfig)
    TIM_OC4_SetConfig                        0x08007081   Thumb Code   156  stm32g4xx_hal_tim.o(i.TIM_OC4_SetConfig)
    i.TIM_OC5_SetConfig                      0x08007134   Section        0  stm32g4xx_hal_tim.o(i.TIM_OC5_SetConfig)
    TIM_OC5_SetConfig                        0x08007135   Thumb Code    86  stm32g4xx_hal_tim.o(i.TIM_OC5_SetConfig)
    i.TIM_OC6_SetConfig                      0x080071a4   Section        0  stm32g4xx_hal_tim.o(i.TIM_OC6_SetConfig)
    TIM_OC6_SetConfig                        0x080071a5   Thumb Code    88  stm32g4xx_hal_tim.o(i.TIM_OC6_SetConfig)
    i.TIM_Set_PWM                            0x08007214   Section        0  bsp_pwm.o(i.TIM_Set_PWM)
    i.TIM_TI1_ConfigInputStage               0x0800724e   Section        0  stm32g4xx_hal_tim.o(i.TIM_TI1_ConfigInputStage)
    TIM_TI1_ConfigInputStage                 0x0800724f   Thumb Code    38  stm32g4xx_hal_tim.o(i.TIM_TI1_ConfigInputStage)
    i.TIM_TI2_ConfigInputStage               0x08007274   Section        0  stm32g4xx_hal_tim.o(i.TIM_TI2_ConfigInputStage)
    TIM_TI2_ConfigInputStage                 0x08007275   Thumb Code    40  stm32g4xx_hal_tim.o(i.TIM_TI2_ConfigInputStage)
    i.UsageFault_Handler                     0x0800729c   Section        0  stm32g4xx_it.o(i.UsageFault_Handler)
    i.__ARM_fpclassifyf                      0x080072a0   Section        0  fpclassifyf.o(i.__ARM_fpclassifyf)
    i.__NVIC_GetPriorityGrouping             0x080072c8   Section        0  stm32g4xx_hal_cortex.o(i.__NVIC_GetPriorityGrouping)
    __NVIC_GetPriorityGrouping               0x080072c9   Thumb Code    10  stm32g4xx_hal_cortex.o(i.__NVIC_GetPriorityGrouping)
    i.__NVIC_SetPriority                     0x080072d8   Section        0  stm32g4xx_hal_cortex.o(i.__NVIC_SetPriority)
    __NVIC_SetPriority                       0x080072d9   Thumb Code    32  stm32g4xx_hal_cortex.o(i.__NVIC_SetPriority)
    i.__hardfp_acosf                         0x08007300   Section        0  acosf.o(i.__hardfp_acosf)
    i.__hardfp_asinf                         0x08007418   Section        0  asinf.o(i.__hardfp_asinf)
    i.__hardfp_atan2f                        0x08007544   Section        0  atan2f.o(i.__hardfp_atan2f)
    i.__hardfp_floorf                        0x08007794   Section        0  floorf.o(i.__hardfp_floorf)
    i.__mathlib_flt_infnan                   0x08007804   Section        0  funder.o(i.__mathlib_flt_infnan)
    i.__mathlib_flt_infnan2                  0x0800780a   Section        0  funder.o(i.__mathlib_flt_infnan2)
    i.__mathlib_flt_invalid                  0x08007810   Section        0  funder.o(i.__mathlib_flt_invalid)
    i.__mathlib_flt_underflow                0x08007820   Section        0  funder.o(i.__mathlib_flt_underflow)
    i.__scatterload_copy                     0x08007830   Section       14  handlers.o(i.__scatterload_copy)
    i.__scatterload_null                     0x0800783e   Section        2  handlers.o(i.__scatterload_null)
    i.__scatterload_zeroinit                 0x08007840   Section       14  handlers.o(i.__scatterload_zeroinit)
    i.__set_errno                            0x08007850   Section        0  errno.o(i.__set_errno)
    i.abs_limit                              0x0800785c   Section        0  pid.o(i.abs_limit)
    i.bsp_Icm42688GetAres                    0x0800789c   Section        0  icm42688_driver.o(i.bsp_Icm42688GetAres)
    i.bsp_Icm42688GetGres                    0x080078f8   Section        0  icm42688_driver.o(i.bsp_Icm42688GetGres)
    i.bsp_IcmGetRawData                      0x08007994   Section        0  icm42688_driver.o(i.bsp_IcmGetRawData)
    i.bsp_IcmGetTemperature                  0x08007ad0   Section        0  icm42688_driver.o(i.bsp_IcmGetTemperature)
    i.can_comm_init                          0x08007b60   Section        0  can_comm.o(i.can_comm_init)
    i.can_std_transmit                       0x08007b9c   Section        0  can_comm.o(i.can_std_transmit)
    i.flash_read                             0x08007bf0   Section        0  bsp_flash.o(i.flash_read)
    i.imu_flash_read                         0x08007c0c   Section        0  bsp_flash.o(i.imu_flash_read)
    i.invSqrt                                0x08007c48   Section        0  quaternionekf.o(i.invSqrt)
    invSqrt                                  0x08007c49   Thumb Code    56  quaternionekf.o(i.invSqrt)
    i.main                                   0x08007c84   Section        0  main.o(i.main)
    i.malloc                                 0x08007db4   Section        0  malloc.o(i.malloc)
    i.pid_calc                               0x08007e20   Section        0  pid.o(i.pid_calc)
    i.pid_param_init                         0x08008054   Section        0  pid.o(i.pid_param_init)
    pid_param_init                           0x08008055   Thumb Code    20  pid.o(i.pid_param_init)
    i.pid_reset                              0x08008068   Section        0  pid.o(i.pid_reset)
    pid_reset                                0x08008069   Thumb Code    14  pid.o(i.pid_reset)
    i.sqrtf                                  0x08008076   Section        0  sqrtf_full.o(i.sqrtf)
    .constdata                               0x080080b4   Section       16  stm32g4xx_hal_fdcan.o(.constdata)
    DLCtoBytes                               0x080080b4   Data          16  stm32g4xx_hal_fdcan.o(.constdata)
    .constdata                               0x080080c4   Section       24  system_stm32g4xx.o(.constdata)
    .constdata                               0x080080dc   Section       48  bsp_imu.o(.constdata)
    .constdata                               0x0800810c   Section      144  quaternionekf.o(.constdata)
    .data                                    0x20000000   Section       20  main.o(.data)
    led_count                                0x2000000c   Data           4  main.o(.data)
    send_dnt                                 0x20000010   Data           4  main.o(.data)
    .data                                    0x20000014   Section       12  stm32g4xx_hal.o(.data)
    .data                                    0x20000020   Section        4  system_stm32g4xx.o(.data)
    .data                                    0x20000024   Section       28  icm42688_driver.o(.data)
    .data                                    0x20000040   Section       64  bsp_dwt.o(.data)
    CPU_FREQ_Hz                              0x20000048   Data           4  bsp_dwt.o(.data)
    CPU_FREQ_Hz_ms                           0x2000004c   Data           4  bsp_dwt.o(.data)
    CPU_FREQ_Hz_us                           0x20000050   Data           4  bsp_dwt.o(.data)
    CYCCNT_RountCount                        0x20000054   Data           4  bsp_dwt.o(.data)
    CYCCNT_LAST                              0x20000058   Data           4  bsp_dwt.o(.data)
    CNT_TEMP1                                0x20000068   Data           8  bsp_dwt.o(.data)
    CNT_TEMP2                                0x20000070   Data           8  bsp_dwt.o(.data)
    CNT_TEMP3                                0x20000078   Data           8  bsp_dwt.o(.data)
    .data                                    0x20000080   Section       42  bsp_imu.o(.data)
    count                                    0x200000a4   Data           4  bsp_imu.o(.data)
    temp                                     0x200000a8   Data           2  bsp_imu.o(.data)
    .data                                    0x200000aa   Section        4  kalman_filter.o(.data)
    .data                                    0x200000b0   Section      212  quaternionekf.o(.data)
    halfgxdt                                 0x20000140   Data           4  quaternionekf.o(.data)
    halfgydt                                 0x20000144   Data           4  quaternionekf.o(.data)
    halfgzdt                                 0x20000148   Data           4  quaternionekf.o(.data)
    accelInvNorm                             0x2000014c   Data           4  quaternionekf.o(.data)
    q0                                       0x20000150   Data           4  quaternionekf.o(.data)
    q1                                       0x20000154   Data           4  quaternionekf.o(.data)
    q2                                       0x20000158   Data           4  quaternionekf.o(.data)
    q3                                       0x2000015c   Data           4  quaternionekf.o(.data)
    qInvNorm                                 0x20000160   Data           4  quaternionekf.o(.data)
    doubleq0                                 0x20000164   Data           4  quaternionekf.o(.data)
    doubleq1                                 0x20000168   Data           4  quaternionekf.o(.data)
    doubleq2                                 0x2000016c   Data           4  quaternionekf.o(.data)
    doubleq3                                 0x20000170   Data           4  quaternionekf.o(.data)
    q0                                       0x20000174   Data           4  quaternionekf.o(.data)
    q1                                       0x20000178   Data           4  quaternionekf.o(.data)
    q2                                       0x2000017c   Data           4  quaternionekf.o(.data)
    q3                                       0x20000180   Data           4  quaternionekf.o(.data)
    .data                                    0x20000184   Section        4  can_comm.o(.data)
    iwdg_cnt                                 0x20000184   Data           4  can_comm.o(.data)
    .data                                    0x20000188   Section        4  mvars.o(.data)
    .data                                    0x2000018c   Section        4  mvars.o(.data)
    .data                                    0x20000190   Section        4  errno.o(.data)
    _errno                                   0x20000190   Data           4  errno.o(.data)
    .bss                                     0x20000194   Section      100  fdcan.o(.bss)
    .bss                                     0x200001f8   Section       16  iwdg.o(.bss)
    .bss                                     0x20000208   Section      292  spi.o(.bss)
    .bss                                     0x2000032c   Section      152  tim.o(.bss)
    .bss                                     0x200003c4   Section       76  stm32g4xx_hal_timebase_tim.o(.bss)
    .bss                                     0x20000410   Section       96  icm42688_driver.o(.bss)
    .bss                                     0x20000470   Section      128  bsp_imu.o(.bss)
    .bss                                     0x200004f0   Section       16  bsp_flash.o(.bss)
    .bss                                     0x20000500   Section     2576  pid.o(.bss)
    .bss                                     0x20000f10   Section      624  quaternionekf.o(.bss)
    .bss                                     0x20001180   Section      172  can_comm.o(.bss)
    HEAP                                     0x20001230   Section     2048  startup_stm32g431xx.o(HEAP)
    STACK                                    0x20001a30   Section     2048  startup_stm32g431xx.o(STACK)

    Global Symbols

    Symbol Name                              Value     Ov Type        Size  Object(Section)

    BuildAttributes$$THM_ISAv4$E$P$D$K$B$S$7EM$VFPi3$EXTD16$VFPS$VFMA$PE$A:L22UL41UL21$X:L11$S22US41US21$IEEE1$IW$USESV6$~STKCKD$USESV7$~SHL$OTIME$ROPI$IEEEX$EBA8$MICROLIB$REQ8$PRES8$EABIv2 0x00000000   Number         0  anon$$obj.o ABSOLUTE
    __ARM_use_no_argv                        0x00000000   Number         0  main.o ABSOLUTE
    __cpp_initialize__aeabi_                  - Undefined Weak Reference
    __cxa_finalize                            - Undefined Weak Reference
    _clock_init                               - Undefined Weak Reference
    _microlib_exit                            - Undefined Weak Reference
    __Vectors_Size                           0x000001d8   Number         0  startup_stm32g431xx.o ABSOLUTE
    __Vectors                                0x08000000   Data           4  startup_stm32g431xx.o(RESET)
    __Vectors_End                            0x080001d8   Data           0  startup_stm32g431xx.o(RESET)
    __main                                   0x080001d9   Thumb Code     0  entry.o(.ARM.Collect$$$$00000000)
    _main_stk                                0x080001d9   Thumb Code     0  entry2.o(.ARM.Collect$$$$00000001)
    _main_scatterload                        0x080001dd   Thumb Code     0  entry5.o(.ARM.Collect$$$$00000004)
    __main_after_scatterload                 0x080001e1   Thumb Code     0  entry5.o(.ARM.Collect$$$$00000004)
    _main_clock                              0x080001e1   Thumb Code     0  entry7b.o(.ARM.Collect$$$$00000008)
    _main_cpp_init                           0x080001e1   Thumb Code     0  entry8b.o(.ARM.Collect$$$$0000000A)
    _main_init                               0x080001e1   Thumb Code     0  entry9a.o(.ARM.Collect$$$$0000000B)
    __rt_final_cpp                           0x080001e9   Thumb Code     0  entry10a.o(.ARM.Collect$$$$0000000D)
    __rt_final_exit                          0x080001e9   Thumb Code     0  entry11a.o(.ARM.Collect$$$$0000000F)
    Reset_Handler                            0x080001ed   Thumb Code     8  startup_stm32g431xx.o(.text)
    ADC1_2_IRQHandler                        0x08000207   Thumb Code     0  startup_stm32g431xx.o(.text)
    COMP1_2_3_IRQHandler                     0x08000207   Thumb Code     0  startup_stm32g431xx.o(.text)
    COMP4_IRQHandler                         0x08000207   Thumb Code     0  startup_stm32g431xx.o(.text)
    CORDIC_IRQHandler                        0x08000207   Thumb Code     0  startup_stm32g431xx.o(.text)
    CRS_IRQHandler                           0x08000207   Thumb Code     0  startup_stm32g431xx.o(.text)
    DMA1_Channel3_IRQHandler                 0x08000207   Thumb Code     0  startup_stm32g431xx.o(.text)
    DMA1_Channel4_IRQHandler                 0x08000207   Thumb Code     0  startup_stm32g431xx.o(.text)
    DMA1_Channel5_IRQHandler                 0x08000207   Thumb Code     0  startup_stm32g431xx.o(.text)
    DMA1_Channel6_IRQHandler                 0x08000207   Thumb Code     0  startup_stm32g431xx.o(.text)
    DMA2_Channel1_IRQHandler                 0x08000207   Thumb Code     0  startup_stm32g431xx.o(.text)
    DMA2_Channel2_IRQHandler                 0x08000207   Thumb Code     0  startup_stm32g431xx.o(.text)
    DMA2_Channel3_IRQHandler                 0x08000207   Thumb Code     0  startup_stm32g431xx.o(.text)
    DMA2_Channel4_IRQHandler                 0x08000207   Thumb Code     0  startup_stm32g431xx.o(.text)
    DMA2_Channel5_IRQHandler                 0x08000207   Thumb Code     0  startup_stm32g431xx.o(.text)
    DMA2_Channel6_IRQHandler                 0x08000207   Thumb Code     0  startup_stm32g431xx.o(.text)
    DMAMUX_OVR_IRQHandler                    0x08000207   Thumb Code     0  startup_stm32g431xx.o(.text)
    EXTI0_IRQHandler                         0x08000207   Thumb Code     0  startup_stm32g431xx.o(.text)
    EXTI15_10_IRQHandler                     0x08000207   Thumb Code     0  startup_stm32g431xx.o(.text)
    EXTI1_IRQHandler                         0x08000207   Thumb Code     0  startup_stm32g431xx.o(.text)
    EXTI2_IRQHandler                         0x08000207   Thumb Code     0  startup_stm32g431xx.o(.text)
    EXTI3_IRQHandler                         0x08000207   Thumb Code     0  startup_stm32g431xx.o(.text)
    EXTI4_IRQHandler                         0x08000207   Thumb Code     0  startup_stm32g431xx.o(.text)
    EXTI9_5_IRQHandler                       0x08000207   Thumb Code     0  startup_stm32g431xx.o(.text)
    FDCAN1_IT0_IRQHandler                    0x08000207   Thumb Code     0  startup_stm32g431xx.o(.text)
    FDCAN1_IT1_IRQHandler                    0x08000207   Thumb Code     0  startup_stm32g431xx.o(.text)
    FLASH_IRQHandler                         0x08000207   Thumb Code     0  startup_stm32g431xx.o(.text)
    FMAC_IRQHandler                          0x08000207   Thumb Code     0  startup_stm32g431xx.o(.text)
    FPU_IRQHandler                           0x08000207   Thumb Code     0  startup_stm32g431xx.o(.text)
    I2C1_ER_IRQHandler                       0x08000207   Thumb Code     0  startup_stm32g431xx.o(.text)
    I2C1_EV_IRQHandler                       0x08000207   Thumb Code     0  startup_stm32g431xx.o(.text)
    I2C2_ER_IRQHandler                       0x08000207   Thumb Code     0  startup_stm32g431xx.o(.text)
    I2C2_EV_IRQHandler                       0x08000207   Thumb Code     0  startup_stm32g431xx.o(.text)
    I2C3_ER_IRQHandler                       0x08000207   Thumb Code     0  startup_stm32g431xx.o(.text)
    I2C3_EV_IRQHandler                       0x08000207   Thumb Code     0  startup_stm32g431xx.o(.text)
    LPTIM1_IRQHandler                        0x08000207   Thumb Code     0  startup_stm32g431xx.o(.text)
    LPUART1_IRQHandler                       0x08000207   Thumb Code     0  startup_stm32g431xx.o(.text)
    PVD_PVM_IRQHandler                       0x08000207   Thumb Code     0  startup_stm32g431xx.o(.text)
    RCC_IRQHandler                           0x08000207   Thumb Code     0  startup_stm32g431xx.o(.text)
    RNG_IRQHandler                           0x08000207   Thumb Code     0  startup_stm32g431xx.o(.text)
    RTC_Alarm_IRQHandler                     0x08000207   Thumb Code     0  startup_stm32g431xx.o(.text)
    RTC_TAMP_LSECSS_IRQHandler               0x08000207   Thumb Code     0  startup_stm32g431xx.o(.text)
    RTC_WKUP_IRQHandler                      0x08000207   Thumb Code     0  startup_stm32g431xx.o(.text)
    SAI1_IRQHandler                          0x08000207   Thumb Code     0  startup_stm32g431xx.o(.text)
    SPI1_IRQHandler                          0x08000207   Thumb Code     0  startup_stm32g431xx.o(.text)
    SPI2_IRQHandler                          0x08000207   Thumb Code     0  startup_stm32g431xx.o(.text)
    SPI3_IRQHandler                          0x08000207   Thumb Code     0  startup_stm32g431xx.o(.text)
    TIM1_BRK_TIM15_IRQHandler                0x08000207   Thumb Code     0  startup_stm32g431xx.o(.text)
    TIM1_CC_IRQHandler                       0x08000207   Thumb Code     0  startup_stm32g431xx.o(.text)
    TIM1_TRG_COM_TIM17_IRQHandler            0x08000207   Thumb Code     0  startup_stm32g431xx.o(.text)
    TIM1_UP_TIM16_IRQHandler                 0x08000207   Thumb Code     0  startup_stm32g431xx.o(.text)
    TIM4_IRQHandler                          0x08000207   Thumb Code     0  startup_stm32g431xx.o(.text)
    TIM6_DAC_IRQHandler                      0x08000207   Thumb Code     0  startup_stm32g431xx.o(.text)
    TIM7_IRQHandler                          0x08000207   Thumb Code     0  startup_stm32g431xx.o(.text)
    TIM8_BRK_IRQHandler                      0x08000207   Thumb Code     0  startup_stm32g431xx.o(.text)
    TIM8_CC_IRQHandler                       0x08000207   Thumb Code     0  startup_stm32g431xx.o(.text)
    TIM8_TRG_COM_IRQHandler                  0x08000207   Thumb Code     0  startup_stm32g431xx.o(.text)
    TIM8_UP_IRQHandler                       0x08000207   Thumb Code     0  startup_stm32g431xx.o(.text)
    UART4_IRQHandler                         0x08000207   Thumb Code     0  startup_stm32g431xx.o(.text)
    UCPD1_IRQHandler                         0x08000207   Thumb Code     0  startup_stm32g431xx.o(.text)
    USART1_IRQHandler                        0x08000207   Thumb Code     0  startup_stm32g431xx.o(.text)
    USART2_IRQHandler                        0x08000207   Thumb Code     0  startup_stm32g431xx.o(.text)
    USART3_IRQHandler                        0x08000207   Thumb Code     0  startup_stm32g431xx.o(.text)
    USBWakeUp_IRQHandler                     0x08000207   Thumb Code     0  startup_stm32g431xx.o(.text)
    USB_HP_IRQHandler                        0x08000207   Thumb Code     0  startup_stm32g431xx.o(.text)
    USB_LP_IRQHandler                        0x08000207   Thumb Code     0  startup_stm32g431xx.o(.text)
    WWDG_IRQHandler                          0x08000207   Thumb Code     0  startup_stm32g431xx.o(.text)
    arm_mat_add_f32                          0x08000211   Thumb Code   264  arm_mat_add_f32.o(.text)
    arm_mat_init_f32                         0x08000319   Thumb Code     8  arm_mat_init_f32.o(.text)
    arm_mat_inverse_f32                      0x08000321   Thumb Code  1328  arm_mat_inverse_f32.o(.text)
    arm_mat_mult_f32                         0x08000851   Thumb Code   312  arm_mat_mult_f32.o(.text)
    arm_mat_sub_f32                          0x0800098d   Thumb Code   264  arm_mat_sub_f32.o(.text)
    arm_mat_trans_f32                        0x08000a95   Thumb Code   276  arm_mat_trans_f32.o(.text)
    __aeabi_memcpy                           0x08000ba9   Thumb Code    36  memcpya.o(.text)
    __aeabi_memcpy4                          0x08000ba9   Thumb Code     0  memcpya.o(.text)
    __aeabi_memcpy8                          0x08000ba9   Thumb Code     0  memcpya.o(.text)
    __aeabi_memset                           0x08000bcd   Thumb Code    14  memseta.o(.text)
    __aeabi_memset4                          0x08000bcd   Thumb Code     0  memseta.o(.text)
    __aeabi_memset8                          0x08000bcd   Thumb Code     0  memseta.o(.text)
    __aeabi_memclr                           0x08000bdb   Thumb Code     4  memseta.o(.text)
    __aeabi_memclr4                          0x08000bdb   Thumb Code     0  memseta.o(.text)
    __aeabi_memclr8                          0x08000bdb   Thumb Code     0  memseta.o(.text)
    _memset$wrapper                          0x08000bdf   Thumb Code    18  memseta.o(.text)
    __aeabi_dadd                             0x08000bf1   Thumb Code   322  dadd.o(.text)
    __aeabi_dsub                             0x08000d33   Thumb Code     6  dadd.o(.text)
    __aeabi_drsub                            0x08000d39   Thumb Code     6  dadd.o(.text)
    __aeabi_ddiv                             0x08000d3f   Thumb Code   222  ddiv.o(.text)
    __aeabi_i2d                              0x08000e1d   Thumb Code    34  dflti.o(.text)
    __aeabi_d2iz                             0x08000e3f   Thumb Code    62  dfixi.o(.text)
    __aeabi_llsl                             0x08000e7d   Thumb Code    30  llshl.o(.text)
    _ll_shift_l                              0x08000e7d   Thumb Code     0  llshl.o(.text)
    __aeabi_llsr                             0x08000e9b   Thumb Code    32  llushr.o(.text)
    _ll_ushift_r                             0x08000e9b   Thumb Code     0  llushr.o(.text)
    __aeabi_lasr                             0x08000ebb   Thumb Code    36  llsshr.o(.text)
    _ll_sshift_r                             0x08000ebb   Thumb Code     0  llsshr.o(.text)
    __I$use$fp                               0x08000edf   Thumb Code     0  iusefp.o(.text)
    _double_round                            0x08000edf   Thumb Code    30  depilogue.o(.text)
    _double_epilogue                         0x08000efd   Thumb Code   156  depilogue.o(.text)
    __scatterload                            0x08000f99   Thumb Code    28  init.o(.text)
    __scatterload_rt2                        0x08000f99   Thumb Code     0  init.o(.text)
    __decompress                             0x08000fbd   Thumb Code     0  __dczerorl2.o(.text)
    __decompress1                            0x08000fbd   Thumb Code    86  __dczerorl2.o(.text)
    BodyFrameToEarthFrame                    0x08001013   Thumb Code   346  bsp_imu.o(i.BodyFrameToEarthFrame)
    BusFault_Handler                         0x080011ad   Thumb Code     4  stm32g4xx_it.o(i.BusFault_Handler)
    DMA1_Channel1_IRQHandler                 0x080011b1   Thumb Code    10  stm32g4xx_it.o(i.DMA1_Channel1_IRQHandler)
    DMA1_Channel2_IRQHandler                 0x080011c1   Thumb Code    10  stm32g4xx_it.o(i.DMA1_Channel2_IRQHandler)
    DWT_Delay                                0x080012a9   Thumb Code    50  bsp_dwt.o(i.DWT_Delay)
    DWT_GetDeltaT                            0x080012e5   Thumb Code    68  bsp_dwt.o(i.DWT_GetDeltaT)
    DWT_Init                                 0x08001331   Thumb Code    74  bsp_dwt.o(i.DWT_Init)
    DebugMon_Handler                         0x08001399   Thumb Code     2  stm32g4xx_it.o(i.DebugMon_Handler)
    EarthFrameToBodyFrame                    0x0800139b   Thumb Code   346  bsp_imu.o(i.EarthFrameToBodyFrame)
    Error_Handler                            0x080014f5   Thumb Code     6  main.o(i.Error_Handler)
    HAL_DMA_IRQHandler                       0x08001635   Thumb Code   254  stm32g4xx_hal_dma.o(i.HAL_DMA_IRQHandler)
    HAL_DMA_Init                             0x08001735   Thumb Code   200  stm32g4xx_hal_dma.o(i.HAL_DMA_Init)
    HAL_DMA_Start_IT                         0x08001805   Thumb Code   194  stm32g4xx_hal_dma.o(i.HAL_DMA_Start_IT)
    HAL_Delay                                0x080018c9   Thumb Code    36  stm32g4xx_hal.o(i.HAL_Delay)
    HAL_FDCAN_AddMessageToTxFifoQ            0x080018f1   Thumb Code   106  stm32g4xx_hal_fdcan.o(i.HAL_FDCAN_AddMessageToTxFifoQ)
    HAL_FDCAN_ConfigGlobalFilter             0x0800195b   Thumb Code    60  stm32g4xx_hal_fdcan.o(i.HAL_FDCAN_ConfigGlobalFilter)
    HAL_FDCAN_Init                           0x08001999   Thumb Code   526  stm32g4xx_hal_fdcan.o(i.HAL_FDCAN_Init)
    HAL_FDCAN_MspInit                        0x08001bb1   Thumb Code   136  fdcan.o(i.HAL_FDCAN_MspInit)
    HAL_FDCAN_Start                          0x08001c41   Thumb Code    46  stm32g4xx_hal_fdcan.o(i.HAL_FDCAN_Start)
    HAL_FLASH_Unlock                         0x08001c71   Thumb Code    36  stm32g4xx_hal_flash.o(i.HAL_FLASH_Unlock)
    HAL_GPIO_Init                            0x08001ca1   Thumb Code   428  stm32g4xx_hal_gpio.o(i.HAL_GPIO_Init)
    HAL_GPIO_TogglePin                       0x08001e6d   Thumb Code    20  stm32g4xx_hal_gpio.o(i.HAL_GPIO_TogglePin)
    HAL_GPIO_WritePin                        0x08001e81   Thumb Code    10  stm32g4xx_hal_gpio.o(i.HAL_GPIO_WritePin)
    HAL_GetTick                              0x08001e8d   Thumb Code     6  stm32g4xx_hal.o(i.HAL_GetTick)
    HAL_IWDG_Init                            0x08001e99   Thumb Code   112  stm32g4xx_hal_iwdg.o(i.HAL_IWDG_Init)
    HAL_IWDG_Refresh                         0x08001f09   Thumb Code    14  stm32g4xx_hal_iwdg.o(i.HAL_IWDG_Refresh)
    HAL_IncTick                              0x08001f19   Thumb Code    16  stm32g4xx_hal.o(i.HAL_IncTick)
    HAL_Init                                 0x08001f31   Thumb Code    30  stm32g4xx_hal.o(i.HAL_Init)
    HAL_InitTick                             0x08001f51   Thumb Code   136  stm32g4xx_hal_timebase_tim.o(i.HAL_InitTick)
    HAL_MspInit                              0x08001fe9   Thumb Code    62  stm32g4xx_hal_msp.o(i.HAL_MspInit)
    HAL_NVIC_EnableIRQ                       0x0800202d   Thumb Code    40  stm32g4xx_hal_cortex.o(i.HAL_NVIC_EnableIRQ)
    HAL_NVIC_SetPriority                     0x08002055   Thumb Code   122  stm32g4xx_hal_cortex.o(i.HAL_NVIC_SetPriority)
    HAL_NVIC_SetPriorityGrouping             0x080020d1   Thumb Code    32  stm32g4xx_hal_cortex.o(i.HAL_NVIC_SetPriorityGrouping)
    HAL_PWREx_ControlVoltageScaling          0x080020f9   Thumb Code   268  stm32g4xx_hal_pwr_ex.o(i.HAL_PWREx_ControlVoltageScaling)
    HAL_PWREx_DisableUCPDDeadBattery         0x08002211   Thumb Code    14  stm32g4xx_hal_pwr_ex.o(i.HAL_PWREx_DisableUCPDDeadBattery)
    HAL_RCCEx_PeriphCLKConfig                0x08002225   Thumb Code   872  stm32g4xx_hal_rcc_ex.o(i.HAL_RCCEx_PeriphCLKConfig)
    HAL_RCC_ClockConfig                      0x08002595   Thumb Code   522  stm32g4xx_hal_rcc.o(i.HAL_RCC_ClockConfig)
    HAL_RCC_GetClockConfig                   0x080027b9   Thumb Code    58  stm32g4xx_hal_rcc.o(i.HAL_RCC_GetClockConfig)
    HAL_RCC_GetHCLKFreq                      0x080027fd   Thumb Code     6  stm32g4xx_hal_rcc.o(i.HAL_RCC_GetHCLKFreq)
    HAL_RCC_GetPCLK1Freq                     0x08002809   Thumb Code    26  stm32g4xx_hal_rcc.o(i.HAL_RCC_GetPCLK1Freq)
    HAL_RCC_GetSysClockFreq                  0x0800282d   Thumb Code   138  stm32g4xx_hal_rcc.o(i.HAL_RCC_GetSysClockFreq)
    HAL_RCC_OscConfig                        0x080028c1   Thumb Code  1360  stm32g4xx_hal_rcc.o(i.HAL_RCC_OscConfig)
    HAL_SPI_ErrorCallback                    0x08002e1d   Thumb Code     2  stm32g4xx_hal_spi.o(i.HAL_SPI_ErrorCallback)
    HAL_SPI_Init                             0x08002e1f   Thumb Code   252  stm32g4xx_hal_spi.o(i.HAL_SPI_Init)
    HAL_SPI_MspInit                          0x08002f1d   Thumb Code   226  spi.o(i.HAL_SPI_MspInit)
    HAL_SPI_RxCpltCallback                   0x08003015   Thumb Code     2  stm32g4xx_hal_spi.o(i.HAL_SPI_RxCpltCallback)
    HAL_SPI_RxHalfCpltCallback               0x08003017   Thumb Code     2  stm32g4xx_hal_spi.o(i.HAL_SPI_RxHalfCpltCallback)
    HAL_SPI_TransmitReceive_DMA              0x08003019   Thumb Code   532  stm32g4xx_hal_spi.o(i.HAL_SPI_TransmitReceive_DMA)
    HAL_SPI_TxRxCpltCallback                 0x08003241   Thumb Code     2  stm32g4xx_hal_spi.o(i.HAL_SPI_TxRxCpltCallback)
    HAL_SPI_TxRxHalfCpltCallback             0x08003243   Thumb Code     2  stm32g4xx_hal_spi.o(i.HAL_SPI_TxRxHalfCpltCallback)
    HAL_TIMEx_Break2Callback                 0x08003245   Thumb Code     2  stm32g4xx_hal_tim_ex.o(i.HAL_TIMEx_Break2Callback)
    HAL_TIMEx_BreakCallback                  0x08003247   Thumb Code     2  stm32g4xx_hal_tim_ex.o(i.HAL_TIMEx_BreakCallback)
    HAL_TIMEx_CommutCallback                 0x08003249   Thumb Code     2  stm32g4xx_hal_tim_ex.o(i.HAL_TIMEx_CommutCallback)
    HAL_TIMEx_ConfigBreakDeadTime            0x0800324d   Thumb Code   192  stm32g4xx_hal_tim_ex.o(i.HAL_TIMEx_ConfigBreakDeadTime)
    HAL_TIMEx_DirectionChangeCallback        0x08003315   Thumb Code     2  stm32g4xx_hal_tim_ex.o(i.HAL_TIMEx_DirectionChangeCallback)
    HAL_TIMEx_EncoderIndexCallback           0x08003317   Thumb Code     2  stm32g4xx_hal_tim_ex.o(i.HAL_TIMEx_EncoderIndexCallback)
    HAL_TIMEx_IndexErrorCallback             0x08003319   Thumb Code     2  stm32g4xx_hal_tim_ex.o(i.HAL_TIMEx_IndexErrorCallback)
    HAL_TIMEx_MasterConfigSynchronization    0x0800331d   Thumb Code   158  stm32g4xx_hal_tim_ex.o(i.HAL_TIMEx_MasterConfigSynchronization)
    HAL_TIMEx_TransitionErrorCallback        0x080033d5   Thumb Code     2  stm32g4xx_hal_tim_ex.o(i.HAL_TIMEx_TransitionErrorCallback)
    HAL_TIM_Base_Init                        0x080033d7   Thumb Code   110  stm32g4xx_hal_tim.o(i.HAL_TIM_Base_Init)
    HAL_TIM_Base_MspInit                     0x08003445   Thumb Code    58  tim.o(i.HAL_TIM_Base_MspInit)
    HAL_TIM_Base_Start_IT                    0x08003489   Thumb Code   130  stm32g4xx_hal_tim.o(i.HAL_TIM_Base_Start_IT)
    HAL_TIM_ConfigClockSource                0x08003525   Thumb Code   300  stm32g4xx_hal_tim.o(i.HAL_TIM_ConfigClockSource)
    HAL_TIM_IC_CaptureCallback               0x08003659   Thumb Code     2  stm32g4xx_hal_tim.o(i.HAL_TIM_IC_CaptureCallback)
    HAL_TIM_IRQHandler                       0x0800365b   Thumb Code   544  stm32g4xx_hal_tim.o(i.HAL_TIM_IRQHandler)
    HAL_TIM_MspPostInit                      0x0800387d   Thumb Code    82  tim.o(i.HAL_TIM_MspPostInit)
    HAL_TIM_OC_DelayElapsedCallback          0x080038d9   Thumb Code     2  stm32g4xx_hal_tim.o(i.HAL_TIM_OC_DelayElapsedCallback)
    HAL_TIM_PWM_ConfigChannel                0x080038db   Thumb Code   368  stm32g4xx_hal_tim.o(i.HAL_TIM_PWM_ConfigChannel)
    HAL_TIM_PWM_Init                         0x08003a4b   Thumb Code   110  stm32g4xx_hal_tim.o(i.HAL_TIM_PWM_Init)
    HAL_TIM_PWM_MspInit                      0x08003ab9   Thumb Code    40  tim.o(i.HAL_TIM_PWM_MspInit)
    HAL_TIM_PWM_PulseFinishedCallback        0x08003ae9   Thumb Code     2  stm32g4xx_hal_tim.o(i.HAL_TIM_PWM_PulseFinishedCallback)
    HAL_TIM_PWM_Start                        0x08003aed   Thumb Code   298  stm32g4xx_hal_tim.o(i.HAL_TIM_PWM_Start)
    HAL_TIM_PeriodElapsedCallback            0x08003c39   Thumb Code    92  main.o(i.HAL_TIM_PeriodElapsedCallback)
    HAL_TIM_TriggerCallback                  0x08003cad   Thumb Code     2  stm32g4xx_hal_tim.o(i.HAL_TIM_TriggerCallback)
    HardFault_Handler                        0x08003de1   Thumb Code     4  stm32g4xx_it.o(i.HardFault_Handler)
    ICM42688P_ConvertToPhysical              0x08003de5   Thumb Code   146  icm42688_driver.o(i.ICM42688P_ConvertToPhysical)
    ICM42688_init                            0x08003e91   Thumb Code  1500  icm42688_driver.o(i.ICM42688_init)
    ICM42688_read_write_byte                 0x080044b5   Thumb Code    22  icm42688_middleware.o(i.ICM42688_read_write_byte)
    IMU_AHRS_Calcu_task                      0x080044e5   Thumb Code  1126  bsp_imu.o(i.IMU_AHRS_Calcu_task)
    IMU_QuaternionEKF_Init                   0x08004b89   Thumb Code   264  quaternionekf.o(i.IMU_QuaternionEKF_Init)
    IMU_QuaternionEKF_Update                 0x08004e15   Thumb Code  1584  quaternionekf.o(i.IMU_QuaternionEKF_Update)
    Kalman_Filter_Init                       0x08005961   Thumb Code  1800  kalman_filter.o(i.Kalman_Filter_Init)
    Kalman_Filter_Measure                    0x0800606d   Thumb Code    74  kalman_filter.o(i.Kalman_Filter_Measure)
    Kalman_Filter_P_Update                   0x080060bd   Thumb Code   104  kalman_filter.o(i.Kalman_Filter_P_Update)
    Kalman_Filter_PminusUpdate               0x08006125   Thumb Code   104  kalman_filter.o(i.Kalman_Filter_PminusUpdate)
    Kalman_Filter_SetK                       0x0800618d   Thumb Code   210  kalman_filter.o(i.Kalman_Filter_SetK)
    Kalman_Filter_Update                     0x08006261   Thumb Code   292  kalman_filter.o(i.Kalman_Filter_Update)
    Kalman_Filter_xhatMinusUpdate            0x08006389   Thumb Code   124  kalman_filter.o(i.Kalman_Filter_xhatMinusUpdate)
    Kalman_Filter_xhatUpdate                 0x08006405   Thumb Code   134  kalman_filter.o(i.Kalman_Filter_xhatUpdate)
    MX_DMA_Init                              0x0800648d   Thumb Code    90  dma.o(i.MX_DMA_Init)
    MX_FDCAN1_Init                           0x080064ed   Thumb Code    84  fdcan.o(i.MX_FDCAN1_Init)
    MX_GPIO_Init                             0x08006549   Thumb Code   170  gpio.o(i.MX_GPIO_Init)
    MX_IWDG_Init                             0x080065fd   Thumb Code    34  iwdg.o(i.MX_IWDG_Init)
    MX_SPI1_Init                             0x08006629   Thumb Code    74  spi.o(i.MX_SPI1_Init)
    MX_TIM1_Init                             0x0800667d   Thumb Code   188  tim.o(i.MX_TIM1_Init)
    MX_TIM3_Init                             0x08006741   Thumb Code   104  tim.o(i.MX_TIM3_Init)
    MY_FDCAN1_Init                           0x080067b1   Thumb Code    80  fdcan.o(i.MY_FDCAN1_Init)
    MemManage_Handler                        0x08006809   Thumb Code     4  stm32g4xx_it.o(i.MemManage_Handler)
    NMI_Handler                              0x0800680d   Thumb Code     4  stm32g4xx_it.o(i.NMI_Handler)
    PID_struct_init                          0x08006811   Thumb Code    70  pid.o(i.PID_struct_init)
    PendSV_Handler                           0x08006861   Thumb Code     2  stm32g4xx_it.o(i.PendSV_Handler)
    SVC_Handler                              0x08006ca9   Thumb Code     2  stm32g4xx_it.o(i.SVC_Handler)
    SysTick_Handler                          0x08006cab   Thumb Code     2  stm32g4xx_it.o(i.SysTick_Handler)
    SystemClock_Config                       0x08006cad   Thumb Code   110  main.o(i.SystemClock_Config)
    SystemInit                               0x08006d1d   Thumb Code    14  system_stm32g4xx.o(i.SystemInit)
    TIM2_IRQHandler                          0x08006d31   Thumb Code    10  stm32g4xx_it.o(i.TIM2_IRQHandler)
    TIM3_IRQHandler                          0x08006d41   Thumb Code    10  stm32g4xx_it.o(i.TIM3_IRQHandler)
    TIM_Base_SetConfig                       0x08006d51   Thumb Code   174  stm32g4xx_hal_tim.o(i.TIM_Base_SetConfig)
    TIM_CCxChannelCmd                        0x08006e1d   Thumb Code    34  stm32g4xx_hal_tim.o(i.TIM_CCxChannelCmd)
    TIM_ETR_SetConfig                        0x08006e3f   Thumb Code    22  stm32g4xx_hal_tim.o(i.TIM_ETR_SetConfig)
    TIM_OC2_SetConfig                        0x08006f19   Thumb Code   156  stm32g4xx_hal_tim.o(i.TIM_OC2_SetConfig)
    TIM_Set_PWM                              0x08007215   Thumb Code    58  bsp_pwm.o(i.TIM_Set_PWM)
    UsageFault_Handler                       0x0800729d   Thumb Code     4  stm32g4xx_it.o(i.UsageFault_Handler)
    __ARM_fpclassifyf                        0x080072a1   Thumb Code    38  fpclassifyf.o(i.__ARM_fpclassifyf)
    __hardfp_acosf                           0x08007301   Thumb Code   234  acosf.o(i.__hardfp_acosf)
    __hardfp_asinf                           0x08007419   Thumb Code   258  asinf.o(i.__hardfp_asinf)
    __hardfp_atan2f                          0x08007545   Thumb Code   502  atan2f.o(i.__hardfp_atan2f)
    __hardfp_floorf                          0x08007795   Thumb Code    98  floorf.o(i.__hardfp_floorf)
    __mathlib_flt_infnan                     0x08007805   Thumb Code     6  funder.o(i.__mathlib_flt_infnan)
    __mathlib_flt_infnan2                    0x0800780b   Thumb Code     6  funder.o(i.__mathlib_flt_infnan2)
    __mathlib_flt_invalid                    0x08007811   Thumb Code    10  funder.o(i.__mathlib_flt_invalid)
    __mathlib_flt_underflow                  0x08007821   Thumb Code    10  funder.o(i.__mathlib_flt_underflow)
    __scatterload_copy                       0x08007831   Thumb Code    14  handlers.o(i.__scatterload_copy)
    __scatterload_null                       0x0800783f   Thumb Code     2  handlers.o(i.__scatterload_null)
    __scatterload_zeroinit                   0x08007841   Thumb Code    14  handlers.o(i.__scatterload_zeroinit)
    __set_errno                              0x08007851   Thumb Code     6  errno.o(i.__set_errno)
    abs_limit                                0x0800785d   Thumb Code    62  pid.o(i.abs_limit)
    bsp_Icm42688GetAres                      0x0800789d   Thumb Code    72  icm42688_driver.o(i.bsp_Icm42688GetAres)
    bsp_Icm42688GetGres                      0x080078f9   Thumb Code   122  icm42688_driver.o(i.bsp_Icm42688GetGres)
    bsp_IcmGetRawData                        0x08007995   Thumb Code   308  icm42688_driver.o(i.bsp_IcmGetRawData)
    bsp_IcmGetTemperature                    0x08007ad1   Thumb Code   126  icm42688_driver.o(i.bsp_IcmGetTemperature)
    can_comm_init                            0x08007b61   Thumb Code    50  can_comm.o(i.can_comm_init)
    can_std_transmit                         0x08007b9d   Thumb Code    72  can_comm.o(i.can_std_transmit)
    flash_read                               0x08007bf1   Thumb Code    28  bsp_flash.o(i.flash_read)
    imu_flash_read                           0x08007c0d   Thumb Code    52  bsp_flash.o(i.imu_flash_read)
    main                                     0x08007c85   Thumb Code   254  main.o(i.main)
    malloc                                   0x08007db5   Thumb Code    92  malloc.o(i.malloc)
    pid_calc                                 0x08007e21   Thumb Code   560  pid.o(i.pid_calc)
    sqrtf                                    0x08008077   Thumb Code    62  sqrtf_full.o(i.sqrtf)
    AHBPrescTable                            0x080080c4   Data          16  system_stm32g4xx.o(.constdata)
    APBPrescTable                            0x080080d4   Data           8  system_stm32g4xx.o(.constdata)
    xb                                       0x080080dc   Data          12  bsp_imu.o(.constdata)
    yb                                       0x080080e8   Data          12  bsp_imu.o(.constdata)
    zb                                       0x080080f4   Data          12  bsp_imu.o(.constdata)
    IMU_QuaternionEKF_F                      0x0800810c   Data         144  quaternionekf.o(.constdata)
    Region$$Table$$Base                      0x0800819c   Number         0  anon$$obj.o(Region$$Table)
    Region$$Table$$Limit                     0x080081bc   Number         0  anon$$obj.o(Region$$Table)
    dwt_count                                0x20000000   Data           4  main.o(.data)
    dt_can                                   0x20000004   Data           4  main.o(.data)
    TempWheninit                             0x20000008   Data           4  main.o(.data)
    uwTick                                   0x20000014   Data           4  stm32g4xx_hal.o(.data)
    uwTickPrio                               0x20000018   Data           4  stm32g4xx_hal.o(.data)
    uwTickFreq                               0x2000001c   Data           4  stm32g4xx_hal.o(.data)
    SystemCoreClock                          0x20000020   Data           4  system_stm32g4xx.o(.data)
    reg_val                                  0x20000024   Data           1  icm42688_driver.o(.data)
    init_flag                                0x20000025   Data           1  icm42688_driver.o(.data)
    temp                                     0x20000026   Data           2  icm42688_driver.o(.data)
    GetRaw_DWT_Count                         0x20000028   Data           4  icm42688_driver.o(.data)
    accSensitivity                           0x2000002c   Data           4  icm42688_driver.o(.data)
    gyroSensitivity                          0x20000030   Data           4  icm42688_driver.o(.data)
    accel_scale                              0x20000034   Data           4  icm42688_driver.o(.data)
    gyro_scale                               0x20000038   Data           4  icm42688_driver.o(.data)
    dt_raw                                   0x2000003c   Data           4  icm42688_driver.o(.data)
    SysTime                                  0x20000040   Data           8  bsp_dwt.o(.data)
    CYCCNT64                                 0x20000060   Data           8  bsp_dwt.o(.data)
    icm088_AccelScale                        0x20000080   Data           4  bsp_imu.o(.data)
    bias_gyro_mode                           0x20000084   Data           1  bsp_imu.o(.data)
    caliCount                                0x20000086   Data           2  bsp_imu.o(.data)
    califlag                                 0x20000088   Data           1  bsp_imu.o(.data)
    imu_init                                 0x20000089   Data           1  bsp_imu.o(.data)
    INS_DWT_Count                            0x2000008c   Data           4  bsp_imu.o(.data)
    dt                                       0x20000090   Data           4  bsp_imu.o(.data)
    t                                        0x20000094   Data           4  bsp_imu.o(.data)
    pitch_hubu                               0x20000098   Data           4  bsp_imu.o(.data)
    roll_hubu                                0x2000009c   Data           4  bsp_imu.o(.data)
    yaw_hubu                                 0x200000a0   Data           4  bsp_imu.o(.data)
    sizeof_float                             0x200000aa   Data           2  kalman_filter.o(.data)
    sizeof_double                            0x200000ac   Data           2  kalman_filter.o(.data)
    IMU_QuaternionEKF_P                      0x200000b0   Data         144  quaternionekf.o(.data)
    __microlib_freelist                      0x20000188   Data           4  mvars.o(.data)
    __microlib_freelist_initialised          0x2000018c   Data           4  mvars.o(.data)
    hfdcan1                                  0x20000194   Data         100  fdcan.o(.bss)
    hiwdg                                    0x200001f8   Data          16  iwdg.o(.bss)
    hspi1                                    0x20000208   Data         100  spi.o(.bss)
    hdma_spi1_rx                             0x2000026c   Data          96  spi.o(.bss)
    hdma_spi1_tx                             0x200002cc   Data          96  spi.o(.bss)
    htim1                                    0x2000032c   Data          76  tim.o(.bss)
    htim3                                    0x20000378   Data          76  tim.o(.bss)
    htim2                                    0x200003c4   Data          76  stm32g4xx_hal_timebase_tim.o(.bss)
    IMU_Data                                 0x20000410   Data          96  icm42688_driver.o(.bss)
    INS                                      0x20000470   Data         128  bsp_imu.o(.bss)
    My_Flash                                 0x200004f0   Data          16  bsp_flash.o(.bss)
    pid_pit_ecd                              0x20000500   Data         112  pid.o(.bss)
    pid_pit_angle                            0x20000570   Data         112  pid.o(.bss)
    pid_pit_spd                              0x200005e0   Data         112  pid.o(.bss)
    pid_yaw_angle                            0x20000650   Data         112  pid.o(.bss)
    pid_yaw_spd                              0x200006c0   Data         112  pid.o(.bss)
    pid_yaw_mecd                             0x20000730   Data         112  pid.o(.bss)
    pid_yaw_mspd                             0x200007a0   Data         112  pid.o(.bss)
    pid_trigger_ecd                          0x20000810   Data         112  pid.o(.bss)
    pid_trigger_spd                          0x20000880   Data         112  pid.o(.bss)
    pid_vision_yaw                           0x200008f0   Data         112  pid.o(.bss)
    pid_vision_pit                           0x20000960   Data         112  pid.o(.bss)
    pid_pitch_energy                         0x200009d0   Data         112  pid.o(.bss)
    pid_yaw_energy                           0x20000a40   Data         112  pid.o(.bss)
    pid_chassis_angle                        0x20000ab0   Data         112  pid.o(.bss)
    pid_chassis_cur                          0x20000b20   Data         448  pid.o(.bss)
    pid_temperature                          0x20000ce0   Data         112  pid.o(.bss)
    pid_chassis_spd                          0x20000d50   Data         448  pid.o(.bss)
    QEKF_INS                                 0x20000f10   Data         480  quaternionekf.o(.bss)
    IMU_QuaternionEKF_K                      0x200010f0   Data          72  quaternionekf.o(.bss)
    IMU_QuaternionEKF_H                      0x20001138   Data          72  quaternionekf.o(.bss)
    can_filter                               0x20001180   Data          24  can_comm.o(.bss)
    tx_message                               0x20001198   Data          36  can_comm.o(.bss)
    imu_msg_send                             0x200011bc   Data         112  can_comm.o(.bss)
    __heap_base                              0x20001230   Data           0  startup_stm32g431xx.o(HEAP)
    __heap_limit                             0x20001a30   Data           0  startup_stm32g431xx.o(HEAP)
    __initial_sp                             0x20002230   Data           0  startup_stm32g431xx.o(STACK)



==============================================================================

Memory Map of the image

  Image Entry point : 0x080001d9

  Load Region LR_IROM1 (Base: 0x08000000, Size: 0x00008350, Max: 0x0001c000, ABSOLUTE, COMPRESSED[0x000081e4])

    Execution Region ER_IROM1 (Exec base: 0x08000000, Load base: 0x08000000, Size: 0x000081bc, Max: 0x0001c000, ABSOLUTE)

    Exec Addr    Load Addr    Size         Type   Attr      Idx    E Section Name        Object

    0x08000000   0x08000000   0x000001d8   Data   RO            3    RESET               startup_stm32g431xx.o
    0x080001d8   0x080001d8   0x00000000   Code   RO         5195  * .ARM.Collect$$$$00000000  mc_w.l(entry.o)
    0x080001d8   0x080001d8   0x00000004   Code   RO         5300    .ARM.Collect$$$$00000001  mc_w.l(entry2.o)
    0x080001dc   0x080001dc   0x00000004   Code   RO         5303    .ARM.Collect$$$$00000004  mc_w.l(entry5.o)
    0x080001e0   0x080001e0   0x00000000   Code   RO         5305    .ARM.Collect$$$$00000008  mc_w.l(entry7b.o)
    0x080001e0   0x080001e0   0x00000000   Code   RO         5307    .ARM.Collect$$$$0000000A  mc_w.l(entry8b.o)
    0x080001e0   0x080001e0   0x00000008   Code   RO         5308    .ARM.Collect$$$$0000000B  mc_w.l(entry9a.o)
    0x080001e8   0x080001e8   0x00000000   Code   RO         5310    .ARM.Collect$$$$0000000D  mc_w.l(entry10a.o)
    0x080001e8   0x080001e8   0x00000000   Code   RO         5312    .ARM.Collect$$$$0000000F  mc_w.l(entry11a.o)
    0x080001e8   0x080001e8   0x00000004   Code   RO         5301    .ARM.Collect$$$$00002712  mc_w.l(entry2.o)
    0x080001ec   0x080001ec   0x00000024   Code   RO            4    .text               startup_stm32g431xx.o
    0x08000210   0x08000210   0x00000108   Code   RO         4910    .text               arm_cortexM4lf_math.lib(arm_mat_add_f32.o)
    0x08000318   0x08000318   0x00000008   Code   RO         4956    .text               arm_cortexM4lf_math.lib(arm_mat_init_f32.o)
    0x08000320   0x08000320   0x00000530   Code   RO         4980    .text               arm_cortexM4lf_math.lib(arm_mat_inverse_f32.o)
    0x08000850   0x08000850   0x0000013c   Code   RO         5004    .text               arm_cortexM4lf_math.lib(arm_mat_mult_f32.o)
    0x0800098c   0x0800098c   0x00000108   Code   RO         5028    .text               arm_cortexM4lf_math.lib(arm_mat_sub_f32.o)
    0x08000a94   0x08000a94   0x00000114   Code   RO         5052    .text               arm_cortexM4lf_math.lib(arm_mat_trans_f32.o)
    0x08000ba8   0x08000ba8   0x00000024   Code   RO         5200    .text               mc_w.l(memcpya.o)
    0x08000bcc   0x08000bcc   0x00000024   Code   RO         5202    .text               mc_w.l(memseta.o)
    0x08000bf0   0x08000bf0   0x0000014e   Code   RO         5234    .text               mf_w.l(dadd.o)
    0x08000d3e   0x08000d3e   0x000000de   Code   RO         5238    .text               mf_w.l(ddiv.o)
    0x08000e1c   0x08000e1c   0x00000022   Code   RO         5240    .text               mf_w.l(dflti.o)
    0x08000e3e   0x08000e3e   0x0000003e   Code   RO         5244    .text               mf_w.l(dfixi.o)
    0x08000e7c   0x08000e7c   0x0000001e   Code   RO         5314    .text               mc_w.l(llshl.o)
    0x08000e9a   0x08000e9a   0x00000020   Code   RO         5316    .text               mc_w.l(llushr.o)
    0x08000eba   0x08000eba   0x00000024   Code   RO         5318    .text               mc_w.l(llsshr.o)
    0x08000ede   0x08000ede   0x00000000   Code   RO         5329    .text               mc_w.l(iusefp.o)
    0x08000ede   0x08000ede   0x000000ba   Code   RO         5332    .text               mf_w.l(depilogue.o)
    0x08000f98   0x08000f98   0x00000024   Code   RO         5346    .text               mc_w.l(init.o)
    0x08000fbc   0x08000fbc   0x00000056   Code   RO         5356    .text               mc_w.l(__dczerorl2.o)
    0x08001012   0x08001012   0x0000015a   Code   RO         4358    i.BodyFrameToEarthFrame  bsp_imu.o
    0x0800116c   0x0800116c   0x00000040   Code   RO         4798    i.BranchlessNormalizeYaw  quaternionekf.o
    0x080011ac   0x080011ac   0x00000004   Code   RO          466    i.BusFault_Handler  stm32g4xx_it.o
    0x080011b0   0x080011b0   0x00000010   Code   RO          467    i.DMA1_Channel1_IRQHandler  stm32g4xx_it.o
    0x080011c0   0x080011c0   0x00000010   Code   RO          468    i.DMA1_Channel2_IRQHandler  stm32g4xx_it.o
    0x080011d0   0x080011d0   0x00000044   Code   RO         1930    i.DMA_CalcDMAMUXChannelBaseAndMask  stm32g4xx_hal_dma.o
    0x08001214   0x08001214   0x00000024   Code   RO         1931    i.DMA_CalcDMAMUXRequestGenBaseAndMask  stm32g4xx_hal_dma.o
    0x08001238   0x08001238   0x00000040   Code   RO         1932    i.DMA_SetConfig     stm32g4xx_hal_dma.o
    0x08001278   0x08001278   0x00000030   Code   RO         4281    i.DWT_CNT_Update    bsp_dwt.o
    0x080012a8   0x080012a8   0x0000003c   Code   RO         4282    i.DWT_Delay         bsp_dwt.o
    0x080012e4   0x080012e4   0x0000004c   Code   RO         4283    i.DWT_GetDeltaT     bsp_dwt.o
    0x08001330   0x08001330   0x00000068   Code   RO         4288    i.DWT_Init          bsp_dwt.o
    0x08001398   0x08001398   0x00000002   Code   RO          469    i.DebugMon_Handler  stm32g4xx_it.o
    0x0800139a   0x0800139a   0x0000015a   Code   RO         4361    i.EarthFrameToBodyFrame  bsp_imu.o
    0x080014f4   0x080014f4   0x00000006   Code   RO           13    i.Error_Handler     main.o
    0x080014fa   0x080014fa   0x00000002   PAD
    0x080014fc   0x080014fc   0x0000006c   Code   RO          629    i.FDCAN_CalcultateRamBlockAddresses  stm32g4xx_hal_fdcan.o
    0x08001568   0x08001568   0x000000cc   Code   RO          630    i.FDCAN_CopyMessageToRAM  stm32g4xx_hal_fdcan.o
    0x08001634   0x08001634   0x000000fe   Code   RO         1938    i.HAL_DMA_IRQHandler  stm32g4xx_hal_dma.o
    0x08001732   0x08001732   0x00000002   PAD
    0x08001734   0x08001734   0x000000d0   Code   RO         1939    i.HAL_DMA_Init      stm32g4xx_hal_dma.o
    0x08001804   0x08001804   0x000000c2   Code   RO         1943    i.HAL_DMA_Start_IT  stm32g4xx_hal_dma.o
    0x080018c6   0x080018c6   0x00000002   PAD
    0x080018c8   0x080018c8   0x00000028   Code   RO         1026    i.HAL_Delay         stm32g4xx_hal.o
    0x080018f0   0x080018f0   0x0000006a   Code   RO          633    i.HAL_FDCAN_AddMessageToTxFifoQ  stm32g4xx_hal_fdcan.o
    0x0800195a   0x0800195a   0x0000003c   Code   RO          636    i.HAL_FDCAN_ConfigGlobalFilter  stm32g4xx_hal_fdcan.o
    0x08001996   0x08001996   0x00000002   PAD
    0x08001998   0x08001998   0x00000218   Code   RO          674    i.HAL_FDCAN_Init    stm32g4xx_hal_fdcan.o
    0x08001bb0   0x08001bb0   0x00000090   Code   RO          281    i.HAL_FDCAN_MspInit  fdcan.o
    0x08001c40   0x08001c40   0x0000002e   Code   RO          683    i.HAL_FDCAN_Start   stm32g4xx_hal_fdcan.o
    0x08001c6e   0x08001c6e   0x00000002   PAD
    0x08001c70   0x08001c70   0x00000030   Code   RO         1529    i.HAL_FLASH_Unlock  stm32g4xx_hal_flash.o
    0x08001ca0   0x08001ca0   0x000001cc   Code   RO         1795    i.HAL_GPIO_Init     stm32g4xx_hal_gpio.o
    0x08001e6c   0x08001e6c   0x00000014   Code   RO         1798    i.HAL_GPIO_TogglePin  stm32g4xx_hal_gpio.o
    0x08001e80   0x08001e80   0x0000000a   Code   RO         1799    i.HAL_GPIO_WritePin  stm32g4xx_hal_gpio.o
    0x08001e8a   0x08001e8a   0x00000002   PAD
    0x08001e8c   0x08001e8c   0x0000000c   Code   RO         1030    i.HAL_GetTick       stm32g4xx_hal.o
    0x08001e98   0x08001e98   0x00000070   Code   RO         2589    i.HAL_IWDG_Init     stm32g4xx_hal_iwdg.o
    0x08001f08   0x08001f08   0x0000000e   Code   RO         2590    i.HAL_IWDG_Refresh  stm32g4xx_hal_iwdg.o
    0x08001f16   0x08001f16   0x00000002   PAD
    0x08001f18   0x08001f18   0x00000018   Code   RO         1036    i.HAL_IncTick       stm32g4xx_hal.o
    0x08001f30   0x08001f30   0x0000001e   Code   RO         1037    i.HAL_Init          stm32g4xx_hal.o
    0x08001f4e   0x08001f4e   0x00000002   PAD
    0x08001f50   0x08001f50   0x00000098   Code   RO          590    i.HAL_InitTick      stm32g4xx_hal_timebase_tim.o
    0x08001fe8   0x08001fe8   0x00000044   Code   RO          566    i.HAL_MspInit       stm32g4xx_hal_msp.o
    0x0800202c   0x0800202c   0x00000028   Code   RO         2444    i.HAL_NVIC_EnableIRQ  stm32g4xx_hal_cortex.o
    0x08002054   0x08002054   0x0000007a   Code   RO         2450    i.HAL_NVIC_SetPriority  stm32g4xx_hal_cortex.o
    0x080020ce   0x080020ce   0x00000002   PAD
    0x080020d0   0x080020d0   0x00000028   Code   RO         2451    i.HAL_NVIC_SetPriorityGrouping  stm32g4xx_hal_cortex.o
    0x080020f8   0x080020f8   0x00000118   Code   RO         2198    i.HAL_PWREx_ControlVoltageScaling  stm32g4xx_hal_pwr_ex.o
    0x08002210   0x08002210   0x00000014   Code   RO         2210    i.HAL_PWREx_DisableUCPDDeadBattery  stm32g4xx_hal_pwr_ex.o
    0x08002224   0x08002224   0x00000370   Code   RO         1402    i.HAL_RCCEx_PeriphCLKConfig  stm32g4xx_hal_rcc_ex.o
    0x08002594   0x08002594   0x00000224   Code   RO         1272    i.HAL_RCC_ClockConfig  stm32g4xx_hal_rcc.o
    0x080027b8   0x080027b8   0x00000044   Code   RO         1277    i.HAL_RCC_GetClockConfig  stm32g4xx_hal_rcc.o
    0x080027fc   0x080027fc   0x0000000c   Code   RO         1278    i.HAL_RCC_GetHCLKFreq  stm32g4xx_hal_rcc.o
    0x08002808   0x08002808   0x00000024   Code   RO         1280    i.HAL_RCC_GetPCLK1Freq  stm32g4xx_hal_rcc.o
    0x0800282c   0x0800282c   0x00000094   Code   RO         1282    i.HAL_RCC_GetSysClockFreq  stm32g4xx_hal_rcc.o
    0x080028c0   0x080028c0   0x0000055c   Code   RO         1285    i.HAL_RCC_OscConfig  stm32g4xx_hal_rcc.o
    0x08002e1c   0x08002e1c   0x00000002   Code   RO         2626    i.HAL_SPI_ErrorCallback  stm32g4xx_hal_spi.o
    0x08002e1e   0x08002e1e   0x000000fc   Code   RO         2630    i.HAL_SPI_Init      stm32g4xx_hal_spi.o
    0x08002f1a   0x08002f1a   0x00000002   PAD
    0x08002f1c   0x08002f1c   0x000000f8   Code   RO          359    i.HAL_SPI_MspInit   spi.o
    0x08003014   0x08003014   0x00000002   Code   RO         2636    i.HAL_SPI_RxCpltCallback  stm32g4xx_hal_spi.o
    0x08003016   0x08003016   0x00000002   Code   RO         2637    i.HAL_SPI_RxHalfCpltCallback  stm32g4xx_hal_spi.o
    0x08003018   0x08003018   0x00000228   Code   RO         2640    i.HAL_SPI_TransmitReceive_DMA  stm32g4xx_hal_spi.o
    0x08003240   0x08003240   0x00000002   Code   RO         2646    i.HAL_SPI_TxRxCpltCallback  stm32g4xx_hal_spi.o
    0x08003242   0x08003242   0x00000002   Code   RO         2647    i.HAL_SPI_TxRxHalfCpltCallback  stm32g4xx_hal_spi.o
    0x08003244   0x08003244   0x00000002   Code   RO         3697    i.HAL_TIMEx_Break2Callback  stm32g4xx_hal_tim_ex.o
    0x08003246   0x08003246   0x00000002   Code   RO         3698    i.HAL_TIMEx_BreakCallback  stm32g4xx_hal_tim_ex.o
    0x08003248   0x08003248   0x00000002   Code   RO         3699    i.HAL_TIMEx_CommutCallback  stm32g4xx_hal_tim_ex.o
    0x0800324a   0x0800324a   0x00000002   PAD
    0x0800324c   0x0800324c   0x000000c8   Code   RO         3702    i.HAL_TIMEx_ConfigBreakDeadTime  stm32g4xx_hal_tim_ex.o
    0x08003314   0x08003314   0x00000002   Code   RO         3710    i.HAL_TIMEx_DirectionChangeCallback  stm32g4xx_hal_tim_ex.o
    0x08003316   0x08003316   0x00000002   Code   RO         3724    i.HAL_TIMEx_EncoderIndexCallback  stm32g4xx_hal_tim_ex.o
    0x08003318   0x08003318   0x00000002   Code   RO         3738    i.HAL_TIMEx_IndexErrorCallback  stm32g4xx_hal_tim_ex.o
    0x0800331a   0x0800331a   0x00000002   PAD
    0x0800331c   0x0800331c   0x000000b8   Code   RO         3739    i.HAL_TIMEx_MasterConfigSynchronization  stm32g4xx_hal_tim_ex.o
    0x080033d4   0x080033d4   0x00000002   Code   RO         3760    i.HAL_TIMEx_TransitionErrorCallback  stm32g4xx_hal_tim_ex.o
    0x080033d6   0x080033d6   0x0000006e   Code   RO         2972    i.HAL_TIM_Base_Init  stm32g4xx_hal_tim.o
    0x08003444   0x08003444   0x00000044   Code   RO          401    i.HAL_TIM_Base_MspInit  tim.o
    0x08003488   0x08003488   0x0000009c   Code   RO         2977    i.HAL_TIM_Base_Start_IT  stm32g4xx_hal_tim.o
    0x08003524   0x08003524   0x00000134   Code   RO         2981    i.HAL_TIM_ConfigClockSource  stm32g4xx_hal_tim.o
    0x08003658   0x08003658   0x00000002   Code   RO         3006    i.HAL_TIM_IC_CaptureCallback  stm32g4xx_hal_tim.o
    0x0800365a   0x0800365a   0x00000220   Code   RO         3020    i.HAL_TIM_IRQHandler  stm32g4xx_hal_tim.o
    0x0800387a   0x0800387a   0x00000002   PAD
    0x0800387c   0x0800387c   0x0000005c   Code   RO          402    i.HAL_TIM_MspPostInit  tim.o
    0x080038d8   0x080038d8   0x00000002   Code   RO         3023    i.HAL_TIM_OC_DelayElapsedCallback  stm32g4xx_hal_tim.o
    0x080038da   0x080038da   0x00000170   Code   RO         3044    i.HAL_TIM_PWM_ConfigChannel  stm32g4xx_hal_tim.o
    0x08003a4a   0x08003a4a   0x0000006e   Code   RO         3047    i.HAL_TIM_PWM_Init  stm32g4xx_hal_tim.o
    0x08003ab8   0x08003ab8   0x00000030   Code   RO          404    i.HAL_TIM_PWM_MspInit  tim.o
    0x08003ae8   0x08003ae8   0x00000002   Code   RO         3050    i.HAL_TIM_PWM_PulseFinishedCallback  stm32g4xx_hal_tim.o
    0x08003aea   0x08003aea   0x00000002   PAD
    0x08003aec   0x08003aec   0x0000014c   Code   RO         3052    i.HAL_TIM_PWM_Start  stm32g4xx_hal_tim.o
    0x08003c38   0x08003c38   0x00000074   Code   RO           14    i.HAL_TIM_PeriodElapsedCallback  main.o
    0x08003cac   0x08003cac   0x00000002   Code   RO         3063    i.HAL_TIM_TriggerCallback  stm32g4xx_hal_tim.o
    0x08003cae   0x08003cae   0x00000002   PAD
    0x08003cb0   0x08003cb0   0x00000130   Code   RO         4654    i.H_K_R_Adjustment  kalman_filter.o
    0x08003de0   0x08003de0   0x00000004   Code   RO          470    i.HardFault_Handler  stm32g4xx_it.o
    0x08003de4   0x08003de4   0x000000ac   Code   RO         4163    i.ICM42688P_ConvertToPhysical  icm42688_driver.o
    0x08003e90   0x08003e90   0x000005e4   Code   RO         4164    i.ICM42688_init     icm42688_driver.o
    0x08004474   0x08004474   0x00000026   Code   RO         4165    i.ICM42688_read_muli_reg  icm42688_driver.o
    0x0800449a   0x0800449a   0x0000001a   Code   RO         4166    i.ICM42688_read_single_reg  icm42688_driver.o
    0x080044b4   0x080044b4   0x0000001c   Code   RO         4251    i.ICM42688_read_write_byte  icm42688_middleware.o
    0x080044d0   0x080044d0   0x00000014   Code   RO         4167    i.ICM42688_write_single_reg  icm42688_driver.o
    0x080044e4   0x080044e4   0x0000046c   Code   RO         4362    i.IMU_AHRS_Calcu_task  bsp_imu.o
    0x08004950   0x08004950   0x00000238   Code   RO         4799    i.IMU_QuaternionEKF_F_Linearization_P_Fading  quaternionekf.o
    0x08004b88   0x08004b88   0x00000130   Code   RO         4800    i.IMU_QuaternionEKF_Init  quaternionekf.o
    0x08004cb8   0x08004cb8   0x00000034   Code   RO         4801    i.IMU_QuaternionEKF_Observe  quaternionekf.o
    0x08004cec   0x08004cec   0x00000128   Code   RO         4802    i.IMU_QuaternionEKF_SetH  quaternionekf.o
    0x08004e14   0x08004e14   0x00000644   Code   RO         4803    i.IMU_QuaternionEKF_Update  quaternionekf.o
    0x08005458   0x08005458   0x00000508   Code   RO         4804    i.IMU_QuaternionEKF_xhatUpdate  quaternionekf.o
    0x08005960   0x08005960   0x0000070c   Code   RO         4655    i.Kalman_Filter_Init  kalman_filter.o
    0x0800606c   0x0800606c   0x00000050   Code   RO         4656    i.Kalman_Filter_Measure  kalman_filter.o
    0x080060bc   0x080060bc   0x00000068   Code   RO         4657    i.Kalman_Filter_P_Update  kalman_filter.o
    0x08006124   0x08006124   0x00000068   Code   RO         4658    i.Kalman_Filter_PminusUpdate  kalman_filter.o
    0x0800618c   0x0800618c   0x000000d2   Code   RO         4659    i.Kalman_Filter_SetK  kalman_filter.o
    0x0800625e   0x0800625e   0x00000002   PAD
    0x08006260   0x08006260   0x00000128   Code   RO         4660    i.Kalman_Filter_Update  kalman_filter.o
    0x08006388   0x08006388   0x0000007c   Code   RO         4661    i.Kalman_Filter_xhatMinusUpdate  kalman_filter.o
    0x08006404   0x08006404   0x00000086   Code   RO         4662    i.Kalman_Filter_xhatUpdate  kalman_filter.o
    0x0800648a   0x0800648a   0x00000002   PAD
    0x0800648c   0x0800648c   0x00000060   Code   RO          256    i.MX_DMA_Init       dma.o
    0x080064ec   0x080064ec   0x0000005c   Code   RO          282    i.MX_FDCAN1_Init    fdcan.o
    0x08006548   0x08006548   0x000000b4   Code   RO          232    i.MX_GPIO_Init      gpio.o
    0x080065fc   0x080065fc   0x0000002c   Code   RO          328    i.MX_IWDG_Init      iwdg.o
    0x08006628   0x08006628   0x00000054   Code   RO          360    i.MX_SPI1_Init      spi.o
    0x0800667c   0x0800667c   0x000000c4   Code   RO          405    i.MX_TIM1_Init      tim.o
    0x08006740   0x08006740   0x00000070   Code   RO          406    i.MX_TIM3_Init      tim.o
    0x080067b0   0x080067b0   0x00000058   Code   RO          283    i.MY_FDCAN1_Init    fdcan.o
    0x08006808   0x08006808   0x00000004   Code   RO          471    i.MemManage_Handler  stm32g4xx_it.o
    0x0800680c   0x0800680c   0x00000004   Code   RO          472    i.NMI_Handler       stm32g4xx_it.o
    0x08006810   0x08006810   0x00000050   Code   RO         4731    i.PID_struct_init   pid.o
    0x08006860   0x08006860   0x00000002   Code   RO          473    i.PendSV_Handler    stm32g4xx_it.o
    0x08006862   0x08006862   0x00000002   PAD
    0x08006864   0x08006864   0x00000064   Code   RO         1286    i.RCC_GetSysClockFreqFromPLLSource  stm32g4xx_hal_rcc.o
    0x080068c8   0x080068c8   0x00000028   Code   RO         2658    i.SPI_DMAError      stm32g4xx_hal_spi.o
    0x080068f0   0x080068f0   0x0000000e   Code   RO         2659    i.SPI_DMAHalfReceiveCplt  stm32g4xx_hal_spi.o
    0x080068fe   0x080068fe   0x0000000e   Code   RO         2661    i.SPI_DMAHalfTransmitReceiveCplt  stm32g4xx_hal_spi.o
    0x0800690c   0x0800690c   0x0000007c   Code   RO         2662    i.SPI_DMAReceiveCplt  stm32g4xx_hal_spi.o
    0x08006988   0x08006988   0x00000068   Code   RO         2665    i.SPI_DMATransmitReceiveCplt  stm32g4xx_hal_spi.o
    0x080069f0   0x080069f0   0x00000082   Code   RO         2667    i.SPI_EndRxTransaction  stm32g4xx_hal_spi.o
    0x08006a72   0x08006a72   0x00000064   Code   RO         2668    i.SPI_EndRxTxTransaction  stm32g4xx_hal_spi.o
    0x08006ad6   0x08006ad6   0x00000002   PAD
    0x08006ad8   0x08006ad8   0x000000f8   Code   RO         2673    i.SPI_WaitFifoStateUntilTimeout  stm32g4xx_hal_spi.o
    0x08006bd0   0x08006bd0   0x000000d8   Code   RO         2674    i.SPI_WaitFlagStateUntilTimeout  stm32g4xx_hal_spi.o
    0x08006ca8   0x08006ca8   0x00000002   Code   RO          474    i.SVC_Handler       stm32g4xx_it.o
    0x08006caa   0x08006caa   0x00000002   Code   RO          475    i.SysTick_Handler   stm32g4xx_it.o
    0x08006cac   0x08006cac   0x0000006e   Code   RO           15    i.SystemClock_Config  main.o
    0x08006d1a   0x08006d1a   0x00000002   PAD
    0x08006d1c   0x08006d1c   0x00000014   Code   RO         4127    i.SystemInit        system_stm32g4xx.o
    0x08006d30   0x08006d30   0x00000010   Code   RO          476    i.TIM2_IRQHandler   stm32g4xx_it.o
    0x08006d40   0x08006d40   0x00000010   Code   RO          477    i.TIM3_IRQHandler   stm32g4xx_it.o
    0x08006d50   0x08006d50   0x000000cc   Code   RO         3065    i.TIM_Base_SetConfig  stm32g4xx_hal_tim.o
    0x08006e1c   0x08006e1c   0x00000022   Code   RO         3066    i.TIM_CCxChannelCmd  stm32g4xx_hal_tim.o
    0x08006e3e   0x08006e3e   0x00000016   Code   RO         3076    i.TIM_ETR_SetConfig  stm32g4xx_hal_tim.o
    0x08006e54   0x08006e54   0x00000018   Code   RO         3077    i.TIM_ITRx_SetConfig  stm32g4xx_hal_tim.o
    0x08006e6c   0x08006e6c   0x000000ac   Code   RO         3078    i.TIM_OC1_SetConfig  stm32g4xx_hal_tim.o
    0x08006f18   0x08006f18   0x000000b4   Code   RO         3079    i.TIM_OC2_SetConfig  stm32g4xx_hal_tim.o
    0x08006fcc   0x08006fcc   0x000000b4   Code   RO         3080    i.TIM_OC3_SetConfig  stm32g4xx_hal_tim.o
    0x08007080   0x08007080   0x000000b4   Code   RO         3081    i.TIM_OC4_SetConfig  stm32g4xx_hal_tim.o
    0x08007134   0x08007134   0x00000070   Code   RO         3082    i.TIM_OC5_SetConfig  stm32g4xx_hal_tim.o
    0x080071a4   0x080071a4   0x00000070   Code   RO         3083    i.TIM_OC6_SetConfig  stm32g4xx_hal_tim.o
    0x08007214   0x08007214   0x0000003a   Code   RO         4454    i.TIM_Set_PWM       bsp_pwm.o
    0x0800724e   0x0800724e   0x00000026   Code   RO         3085    i.TIM_TI1_ConfigInputStage  stm32g4xx_hal_tim.o
    0x08007274   0x08007274   0x00000028   Code   RO         3087    i.TIM_TI2_ConfigInputStage  stm32g4xx_hal_tim.o
    0x0800729c   0x0800729c   0x00000004   Code   RO          478    i.UsageFault_Handler  stm32g4xx_it.o
    0x080072a0   0x080072a0   0x00000026   Code   RO         5280    i.__ARM_fpclassifyf  m_wm.l(fpclassifyf.o)
    0x080072c6   0x080072c6   0x00000002   PAD
    0x080072c8   0x080072c8   0x00000010   Code   RO         2457    i.__NVIC_GetPriorityGrouping  stm32g4xx_hal_cortex.o
    0x080072d8   0x080072d8   0x00000028   Code   RO         2458    i.__NVIC_SetPriority  stm32g4xx_hal_cortex.o
    0x08007300   0x08007300   0x00000118   Code   RO         5073    i.__hardfp_acosf    m_wm.l(acosf.o)
    0x08007418   0x08007418   0x0000012c   Code   RO         5085    i.__hardfp_asinf    m_wm.l(asinf.o)
    0x08007544   0x08007544   0x00000250   Code   RO         5109    i.__hardfp_atan2f   m_wm.l(atan2f.o)
    0x08007794   0x08007794   0x00000070   Code   RO         5139    i.__hardfp_floorf   m_wm.l(floorf.o)
    0x08007804   0x08007804   0x00000006   Code   RO         5283    i.__mathlib_flt_infnan  m_wm.l(funder.o)
    0x0800780a   0x0800780a   0x00000006   Code   RO         5284    i.__mathlib_flt_infnan2  m_wm.l(funder.o)
    0x08007810   0x08007810   0x00000010   Code   RO         5285    i.__mathlib_flt_invalid  m_wm.l(funder.o)
    0x08007820   0x08007820   0x00000010   Code   RO         5288    i.__mathlib_flt_underflow  m_wm.l(funder.o)
    0x08007830   0x08007830   0x0000000e   Code   RO         5350    i.__scatterload_copy  mc_w.l(handlers.o)
    0x0800783e   0x0800783e   0x00000002   Code   RO         5351    i.__scatterload_null  mc_w.l(handlers.o)
    0x08007840   0x08007840   0x0000000e   Code   RO         5352    i.__scatterload_zeroinit  mc_w.l(handlers.o)
    0x0800784e   0x0800784e   0x00000002   PAD
    0x08007850   0x08007850   0x0000000c   Code   RO         5324    i.__set_errno       mc_w.l(errno.o)
    0x0800785c   0x0800785c   0x0000003e   Code   RO         4732    i.abs_limit         pid.o
    0x0800789a   0x0800789a   0x00000002   PAD
    0x0800789c   0x0800789c   0x0000005c   Code   RO         4168    i.bsp_Icm42688GetAres  icm42688_driver.o
    0x080078f8   0x080078f8   0x0000009c   Code   RO         4169    i.bsp_Icm42688GetGres  icm42688_driver.o
    0x08007994   0x08007994   0x0000013c   Code   RO         4170    i.bsp_IcmGetRawData  icm42688_driver.o
    0x08007ad0   0x08007ad0   0x00000090   Code   RO         4171    i.bsp_IcmGetTemperature  icm42688_driver.o
    0x08007b60   0x08007b60   0x0000003c   Code   RO         4867    i.can_comm_init     can_comm.o
    0x08007b9c   0x08007b9c   0x00000054   Code   RO         4868    i.can_std_transmit  can_comm.o
    0x08007bf0   0x08007bf0   0x0000001c   Code   RO         4480    i.flash_read        bsp_flash.o
    0x08007c0c   0x08007c0c   0x0000003c   Code   RO         4482    i.imu_flash_read    bsp_flash.o
    0x08007c48   0x08007c48   0x0000003c   Code   RO         4805    i.invSqrt           quaternionekf.o
    0x08007c84   0x08007c84   0x00000130   Code   RO           16    i.main              main.o
    0x08007db4   0x08007db4   0x0000006c   Code   RO         5207    i.malloc            mc_w.l(malloc.o)
    0x08007e20   0x08007e20   0x00000234   Code   RO         4733    i.pid_calc          pid.o
    0x08008054   0x08008054   0x00000014   Code   RO         4734    i.pid_param_init    pid.o
    0x08008068   0x08008068   0x0000000e   Code   RO         4735    i.pid_reset         pid.o
    0x08008076   0x08008076   0x0000003e   Code   RO         5179    i.sqrtf             m_wm.l(sqrtf_full.o)
    0x080080b4   0x080080b4   0x00000010   Data   RO          691    .constdata          stm32g4xx_hal_fdcan.o
    0x080080c4   0x080080c4   0x00000018   Data   RO         4128    .constdata          system_stm32g4xx.o
    0x080080dc   0x080080dc   0x00000030   Data   RO         4365    .constdata          bsp_imu.o
    0x0800810c   0x0800810c   0x00000090   Data   RO         4807    .constdata          quaternionekf.o
    0x0800819c   0x0800819c   0x00000020   Data   RO         5348    Region$$Table       anon$$obj.o


    Execution Region RW_IRAM1 (Exec base: 0x20000000, Load base: 0x080081bc, Size: 0x00002230, Max: 0x00008000, ABSOLUTE, COMPRESSED[0x00000028])

    Exec Addr    Load Addr    Size         Type   Attr      Idx    E Section Name        Object

    0x20000000   COMPRESSED   0x00000014   Data   RW           17    .data               main.o
    0x20000014   COMPRESSED   0x0000000c   Data   RW         1057    .data               stm32g4xx_hal.o
    0x20000020   COMPRESSED   0x00000004   Data   RW         4129    .data               system_stm32g4xx.o
    0x20000024   COMPRESSED   0x0000001c   Data   RW         4173    .data               icm42688_driver.o
    0x20000040   COMPRESSED   0x00000040   Data   RW         4290    .data               bsp_dwt.o
    0x20000080   COMPRESSED   0x0000002a   Data   RW         4366    .data               bsp_imu.o
    0x200000aa   COMPRESSED   0x00000004   Data   RW         4663    .data               kalman_filter.o
    0x200000ae   COMPRESSED   0x00000002   PAD
    0x200000b0   COMPRESSED   0x000000d4   Data   RW         4808    .data               quaternionekf.o
    0x20000184   COMPRESSED   0x00000004   Data   RW         4871    .data               can_comm.o
    0x20000188   COMPRESSED   0x00000004   Data   RW         5320    .data               mc_w.l(mvars.o)
    0x2000018c   COMPRESSED   0x00000004   Data   RW         5321    .data               mc_w.l(mvars.o)
    0x20000190   COMPRESSED   0x00000004   Data   RW         5325    .data               mc_w.l(errno.o)
    0x20000194        -       0x00000064   Zero   RW          284    .bss                fdcan.o
    0x200001f8        -       0x00000010   Zero   RW          329    .bss                iwdg.o
    0x20000208        -       0x00000124   Zero   RW          361    .bss                spi.o
    0x2000032c        -       0x00000098   Zero   RW          407    .bss                tim.o
    0x200003c4        -       0x0000004c   Zero   RW          593    .bss                stm32g4xx_hal_timebase_tim.o
    0x20000410        -       0x00000060   Zero   RW         4172    .bss                icm42688_driver.o
    0x20000470        -       0x00000080   Zero   RW         4364    .bss                bsp_imu.o
    0x200004f0        -       0x00000010   Zero   RW         4484    .bss                bsp_flash.o
    0x20000500        -       0x00000a10   Zero   RW         4737    .bss                pid.o
    0x20000f10        -       0x00000270   Zero   RW         4806    .bss                quaternionekf.o
    0x20001180        -       0x000000ac   Zero   RW         4870    .bss                can_comm.o
    0x2000122c   COMPRESSED   0x00000004   PAD
    0x20001230        -       0x00000800   Zero   RW            2    HEAP                startup_stm32g431xx.o
    0x20001a30        -       0x00000800   Zero   RW            1    STACK               startup_stm32g431xx.o


==============================================================================

Image component sizes


      Code (inc. data)   RO Data    RW Data    ZI Data      Debug   Object Name

       288         60          0         64          0       3746   bsp_dwt.o
        88          8          0          0         16       1569   bsp_flash.o
      1824         94         48         42        128      19926   bsp_imu.o
        58          0          0          0          0        874   bsp_pwm.o
       144         22          0          4        172       3032   can_comm.o
        96          6          0          0          0        826   dma.o
       324         24          0          0        100       2364   fdcan.o
       180         10          0          0          0        959   gpio.o
      2472        128          0         28         96       8867   icm42688_driver.o
        28          6          0          0          0        611   icm42688_middleware.o
        44         10          0          0         16        715   iwdg.o
      3160         26          0          4          0       8847   kalman_filter.o
       536         74          0         20          0     664750   main.o
       740         14          0          0       2576       5877   pid.o
      4236        240        144        212        624       8938   quaternionekf.o
       332         32          0          0        292       1899   spi.o
        36          8        472          0       4096        848   startup_stm32g431xx.o
       106         18          0         12          0       3706   stm32g4xx_hal.o
       258         22          0          0          0      33634   stm32g4xx_hal_cortex.o
       824         22          0          0          0       4975   stm32g4xx_hal_dma.o
      1060         22         16          0          0       7686   stm32g4xx_hal_fdcan.o
        48         12          0          0          0        603   stm32g4xx_hal_flash.o
       490         32          0          0          0       2745   stm32g4xx_hal_gpio.o
       126          0          0          0          0       1935   stm32g4xx_hal_iwdg.o
        68          6          0          0          0        878   stm32g4xx_hal_msp.o
       300         18          0          0          0       1429   stm32g4xx_hal_pwr_ex.o
      2284         98          0          0          0       7402   stm32g4xx_hal_rcc.o
       880          8          0          0          0       1904   stm32g4xx_hal_rcc_ex.o
      1804         32          0          0          0      12481   stm32g4xx_hal_spi.o
      3234        262          0          0          0      18030   stm32g4xx_hal_tim.o
       398         34          0          0          0       6516   stm32g4xx_hal_tim_ex.o
       152         16          0          0         76       1455   stm32g4xx_hal_timebase_tim.o
        92         24          0          0          0       6324   stm32g4xx_it.o
        20          6         24          4          0       1163   system_stm32g4xx.o
       516         44          0          0        152       3731   tim.o

    ----------------------------------------------------------------------
     27288       1438        736        392       8348     851245   Object Totals
         0          0         32          0          0          0   (incl. Generated)
        42          0          0          2          4          0   (incl. Padding)

    ----------------------------------------------------------------------

      Code (inc. data)   RO Data    RW Data    ZI Data      Debug   Library Member Name

       264          0          0          0          0      18250   arm_mat_add_f32.o
         8          0          0          0          0        999   arm_mat_init_f32.o
      1328          4          0          0          0       4782   arm_mat_inverse_f32.o
       316          4          0          0          0       2375   arm_mat_mult_f32.o
       264          0          0          0          0       1826   arm_mat_sub_f32.o
       276          0          0          0          0       2240   arm_mat_trans_f32.o
       280         46          0          0          0        176   acosf.o
       300         42          0          0          0        176   asinf.o
       592         90          0          0          0        184   atan2f.o
       112         14          0          0          0        116   floorf.o
        38          0          0          0          0        116   fpclassifyf.o
        44         12          0          0          0        464   funder.o
        62          0          0          0          0        136   sqrtf_full.o
        86          0          0          0          0          0   __dczerorl2.o
         0          0          0          0          0          0   entry.o
         0          0          0          0          0          0   entry10a.o
         0          0          0          0          0          0   entry11a.o
         8          4          0          0          0          0   entry2.o
         4          0          0          0          0          0   entry5.o
         0          0          0          0          0          0   entry7b.o
         0          0          0          0          0          0   entry8b.o
         8          4          0          0          0          0   entry9a.o
        12          6          0          4          0         68   errno.o
        30          0          0          0          0          0   handlers.o
        36          8          0          0          0         68   init.o
         0          0          0          0          0          0   iusefp.o
        30          0          0          0          0         68   llshl.o
        36          0          0          0          0         68   llsshr.o
        32          0          0          0          0         68   llushr.o
       108         16          0          0          0         84   malloc.o
        36          0          0          0          0         68   memcpya.o
        36          0          0          0          0        108   memseta.o
         0          0          0          8          0          0   mvars.o
       334          0          0          0          0        148   dadd.o
       222          0          0          0          0        100   ddiv.o
       186          0          0          0          0        176   depilogue.o
        62          0          0          0          0         80   dfixi.o
        34          0          0          0          0         76   dflti.o

    ----------------------------------------------------------------------
      5188        250          0         12          0      33020   Library Totals
         4          0          0          0          0          0   (incl. Padding)

    ----------------------------------------------------------------------

      Code (inc. data)   RO Data    RW Data    ZI Data      Debug   Library Name

      2456          8          0          0          0      30472   arm_cortexM4lf_math.lib
      1428        204          0          0          0       1368   m_wm.l
       462         38          0         12          0        600   mc_w.l
       838          0          0          0          0        580   mf_w.l

    ----------------------------------------------------------------------
      5188        250          0         12          0      33020   Library Totals

    ----------------------------------------------------------------------

==============================================================================


      Code (inc. data)   RO Data    RW Data    ZI Data      Debug   

     32476       1688        736        404       8348     867729   Grand Totals
     32476       1688        736         40       8348     867729   ELF Image Totals (compressed)
     32476       1688        736         40          0          0   ROM Totals

==============================================================================

    Total RO  Size (Code + RO Data)                33212 (  32.43kB)
    Total RW  Size (RW Data + ZI Data)              8752 (   8.55kB)
    Total ROM Size (Code + RO Data + RW Data)      33252 (  32.47kB)

==============================================================================

