Component: Arm Compiler for Embedded 6.24 Tool: armlink [5f371500]

==============================================================================

Section Cross References

    startup_stm32h723xx.o(RESET) refers to startup_stm32h723xx.o(STACK) for __initial_sp
    startup_stm32h723xx.o(RESET) refers to startup_stm32h723xx.o(.text) for Reset_Handler
    startup_stm32h723xx.o(RESET) refers to stm32h7xx_it.o(.text) for NMI_Handler
    startup_stm32h723xx.o(RESET) refers to port.o(.text) for SVC_Handler
    startup_stm32h723xx.o(.text) refers to system_stm32h7xx.o(.text) for SystemInit
    startup_stm32h723xx.o(.text) refers to entry.o(.ARM.Collect$$$$00000000) for __main
    main.o(.text) refers to stm32h7xx_hal.o(.text) for HAL_Init
    main.o(.text) refers to gpio.o(.text) for MX_GPIO_Init
    main.o(.text) refers to dma.o(.text) for MX_DMA_Init
    main.o(.text) refers to usart.o(.text) for MX_USART2_UART_Init
    main.o(.text) refers to rng.o(.text) for MX_RNG_Init
    main.o(.text) refers to tim.o(.text) for MX_TIM2_Init
    main.o(.text) refers to fdcan.o(.text) for MX_FDCAN3_Init
    main.o(.text) refers to spi.o(.text) for MX_SPI1_Init
    main.o(.text) refers to us_time.o(.text) for us_timer_start
    main.o(.text) refers to usart_comm.o(.text) for usart_comm_init
    main.o(.text) refers to can_comm.o(.text) for can_comm_init
    main.o(.text) refers to freertos.o(.text) for MX_FREERTOS_Init
    main.o(.text) refers to cmsis_os.o(.text) for osKernelStart
    main.o(.text) refers to memseta.o(.text) for __aeabi_memclr4
    main.o(.text) refers to stm32h7xx_hal_pwr_ex.o(.text) for HAL_PWREx_ConfigSupply
    main.o(.text) refers to stm32h7xx_hal_rcc.o(.text) for HAL_RCC_OscConfig
    main.o(.text) refers to stm32h7xx_hal_rcc_ex.o(.text) for HAL_RCCEx_PeriphCLKConfig
    main.o(.text) refers to stm32h7xx_hal_gpio.o(.text) for HAL_GPIO_Init
    main.o(.text) refers to us_time.o(.bss.prv_us_time) for prv_us_time
    main.o(.ARM.exidx) refers to main.o(.text) for [Anonymous Symbol]
    gpio.o(.text) refers to stm32h7xx_hal_gpio.o(.text) for HAL_GPIO_WritePin
    gpio.o(.ARM.exidx) refers to gpio.o(.text) for [Anonymous Symbol]
    freertos.o(.text) refers to freertos.o(.bss.xIdleTaskTCBBuffer) for xIdleTaskTCBBuffer
    freertos.o(.text) refers to freertos.o(.bss.xIdleStack) for xIdleStack
    freertos.o(.text) refers to freertos.o(.bss.xTimerTaskTCBBuffer) for xTimerTaskTCBBuffer
    freertos.o(.text) refers to freertos.o(.bss.xTimerStack) for xTimerStack
    freertos.o(.text) refers to freertos.o(.rodata..L__const.MX_FREERTOS_Init.os_thread_def_StartTask) for .L__const.MX_FREERTOS_Init.os_thread_def_StartTask
    freertos.o(.text) refers to cmsis_os.o(.text) for osThreadCreate
    freertos.o(.text) refers to freertos.o(.bss.StartTaskHandle) for StartTaskHandle
    freertos.o(.text) refers to freertos.o(.rodata..L__const.MX_FREERTOS_Init.os_thread_def_STATUSTask) for .L__const.MX_FREERTOS_Init.os_thread_def_STATUSTask
    freertos.o(.text) refers to freertos.o(.bss.StatusTaskHandle) for StatusTaskHandle
    freertos.o(.text) refers to freertos.o(.rodata..L__const.MX_FREERTOS_Init.os_thread_def_CommTask) for .L__const.MX_FREERTOS_Init.os_thread_def_CommTask
    freertos.o(.text) refers to freertos.o(.bss.CommTaskHandle) for CommTaskHandle
    freertos.o(.text) refers to freertos.o(.rodata..L__const.MX_FREERTOS_Init.os_thread_def_ModeSwitchTask) for .L__const.MX_FREERTOS_Init.os_thread_def_ModeSwitchTask
    freertos.o(.text) refers to freertos.o(.bss.ModeSwitchTaskHandle) for ModeSwitchTaskHandle
    freertos.o(.text) refers to freertos.o(.rodata..L__const.MX_FREERTOS_Init.os_thread_def_GimbalTask) for .L__const.MX_FREERTOS_Init.os_thread_def_GimbalTask
    freertos.o(.text) refers to freertos.o(.bss.ChassisTaskHandle) for ChassisTaskHandle
    freertos.o(.text) refers to freertos.o(.rodata..L__const.MX_FREERTOS_Init.os_thread_def_ShootTask) for .L__const.MX_FREERTOS_Init.os_thread_def_ShootTask
    freertos.o(.text) refers to freertos.o(.rodata..L__const.MX_FREERTOS_Init.os_thread_def_DebugTask) for .L__const.MX_FREERTOS_Init.os_thread_def_DebugTask
    freertos.o(.text) refers to freertos.o(.bss.DebugTaskHandle) for DebugTaskHandle
    freertos.o(.text) refers to usb_device.o(.text) for MX_USB_DEVICE_Init
    freertos.o(.ARM.exidx) refers to freertos.o(.text) for [Anonymous Symbol]
    freertos.o(.rodata..L__const.MX_FREERTOS_Init.os_thread_def_StartTask) refers to freertos.o(.rodata.str1.1) for [Anonymous Symbol]
    freertos.o(.rodata..L__const.MX_FREERTOS_Init.os_thread_def_StartTask) refers to freertos.o(.text) for start_task
    freertos.o(.rodata..L__const.MX_FREERTOS_Init.os_thread_def_STATUSTask) refers to freertos.o(.rodata.str1.1) for [Anonymous Symbol]
    freertos.o(.rodata..L__const.MX_FREERTOS_Init.os_thread_def_STATUSTask) refers to status_task.o(.text) for status_task
[...]
    HAL_MultiProcessor_EnableMuteMode        0x0802e479   Thumb Code   114  stm32h7xx_hal_uart.o(.text)
    HAL_MultiProcessor_DisableMuteMode       0x0802e4f1   Thumb Code   114  stm32h7xx_hal_uart.o(.text)
    HAL_MultiProcessor_EnterMuteMode         0x0802e569   Thumb Code    20  stm32h7xx_hal_uart.o(.text)
    HAL_HalfDuplex_EnableTransmitter         0x0802e581   Thumb Code   158  stm32h7xx_hal_uart.o(.text)
    HAL_HalfDuplex_EnableReceiver            0x0802e621   Thumb Code   158  stm32h7xx_hal_uart.o(.text)
    HAL_LIN_SendBreak                        0x0802e6c1   Thumb Code    94  stm32h7xx_hal_uart.o(.text)
    HAL_UART_GetState                        0x0802e721   Thumb Code    30  stm32h7xx_hal_uart.o(.text)
    HAL_UART_GetError                        0x0802e741   Thumb Code    14  stm32h7xx_hal_uart.o(.text)
    HAL_RS485Ex_Init                         0x0802f199   Thumb Code   208  stm32h7xx_hal_uart_ex.o(.text)
    HAL_UARTEx_WakeupCallback                0x0802f269   Thumb Code     8  stm32h7xx_hal_uart_ex.o(.text)
    HAL_UARTEx_RxFifoFullCallback            0x0802f271   Thumb Code     8  stm32h7xx_hal_uart_ex.o(.text)
    HAL_UARTEx_TxFifoEmptyCallback           0x0802f279   Thumb Code     8  stm32h7xx_hal_uart_ex.o(.text)
    HAL_MultiProcessorEx_AddressLength_Set   0x0802f281   Thumb Code    94  stm32h7xx_hal_uart_ex.o(.text)
    HAL_UARTEx_StopModeWakeUpSourceConfig    0x0802f2e1   Thumb Code   200  stm32h7xx_hal_uart_ex.o(.text)
    HAL_UARTEx_EnableStopMode                0x0802f3e9   Thumb Code   104  stm32h7xx_hal_uart_ex.o(.text)
    HAL_UARTEx_DisableStopMode               0x0802f451   Thumb Code   104  stm32h7xx_hal_uart_ex.o(.text)
    HAL_UARTEx_EnableFifoMode                0x0802f4b9   Thumb Code   134  stm32h7xx_hal_uart_ex.o(.text)
    HAL_UARTEx_DisableFifoMode               0x0802f5c9   Thumb Code   124  stm32h7xx_hal_uart_ex.o(.text)
    HAL_UARTEx_SetTxFifoThreshold            0x0802f649   Thumb Code   140  stm32h7xx_hal_uart_ex.o(.text)
    HAL_UARTEx_SetRxFifoThreshold            0x0802f6d9   Thumb Code   140  stm32h7xx_hal_uart_ex.o(.text)
    HAL_UARTEx_ReceiveToIdle                 0x0802f769   Thumb Code   560  stm32h7xx_hal_uart_ex.o(.text)
    HAL_UARTEx_ReceiveToIdle_IT              0x0802f999   Thumb Code   168  stm32h7xx_hal_uart_ex.o(.text)
    HAL_UARTEx_ReceiveToIdle_DMA             0x0802fa41   Thumb Code   176  stm32h7xx_hal_uart_ex.o(.text)
    HAL_UARTEx_GetRxEventType                0x0802faf1   Thumb Code    12  stm32h7xx_hal_uart_ex.o(.text)
    vListInitialise                          0x0802fb01   Thumb Code    46  list.o(.text)
    vListInitialiseItem                      0x0802fb31   Thumb Code    14  list.o(.text)
    vListInsertEnd                           0x0802fb41   Thumb Code    58  list.o(.text)
    vListInsert                              0x0802fb81   Thumb Code   106  list.o(.text)
    uxListRemove                             0x0802fbf1   Thumb Code    72  list.o(.text)
    xQueueGenericReset                       0x0802fc39   Thumb Code   164  queue.o(.text)
    xQueueGenericCreateStatic                0x0802fce1   Thumb Code   270  queue.o(.text)
    xQueueGenericCreate                      0x0802fe31   Thumb Code   116  queue.o(.text)
    xQueueCreateMutex                        0x0802fea9   Thumb Code    38  queue.o(.text)
    xQueueCreateMutexStatic                  0x0802ff01   Thumb Code    50  queue.o(.text)
    xQueueGenericSend                        0x0802ff39   Thumb Code   512  queue.o(.text)
    xQueueGenericSendFromISR                 0x080302e9   Thumb Code   332  queue.o(.text)
    xQueueGiveFromISR                        0x08030439   Thumb Code   292  queue.o(.text)
    xQueueReceive                            0x08030561   Thumb Code   454  queue.o(.text)
    xQueueSemaphoreTake                      0x08030799   Thumb Code   534  queue.o(.text)
    xQueuePeek                               0x080309d9   Thumb Code   458  queue.o(.text)
    xQueueReceiveFromISR                     0x08030ba9   Thumb Code   264  queue.o(.text)
    xQueuePeekFromISR                        0x08030cb1   Thumb Code   212  queue.o(.text)
    uxQueueMessagesWaiting                   0x08030d89   Thumb Code    54  queue.o(.text)
    uxQueueSpacesAvailable                   0x08030dc1   Thumb Code    62  queue.o(.text)
    uxQueueMessagesWaitingFromISR            0x08030e01   Thumb Code    48  queue.o(.text)
    vQueueDelete                             0x08030e31   Thumb Code    68  queue.o(.text)
    vQueueUnregisterQueue                    0x08030e79   Thumb Code    84  queue.o(.text)
    xQueueIsQueueEmptyFromISR                0x08030ed1   Thumb Code    62  queue.o(.text)
    xQueueIsQueueFullFromISR                 0x08030f11   Thumb Code    68  queue.o(.text)
    vQueueAddToRegistry                      0x08030f59   Thumb Code    82  queue.o(.text)
    pcQueueGetName                           0x08030fb1   Thumb Code    80  queue.o(.text)
    vQueueWaitForMessageRestricted           0x08031001   Thumb Code   100  queue.o(.text)
    xTaskCreateStatic                        0x08031069   Thumb Code   206  tasks.o(.text)
    xTaskCreate                              0x08031351   Thumb Code   158  tasks.o(.text)
    vTaskDelete                              0x080313f1   Thumb Code   320  tasks.o(.text)
    vTaskDelayUntil                          0x080315d9   Thumb Code   276  tasks.o(.text)
    vTaskSuspendAll                          0x080316f1   Thumb Code    16  tasks.o(.text)
    xTaskResumeAll                           0x080317f9   Thumb Code   348  tasks.o(.text)
    vTaskDelay                               0x08031959   Thumb Code   110  tasks.o(.text)
    uxTaskPriorityGet                        0x080319c9   Thumb Code    56  tasks.o(.text)
    uxTaskPriorityGetFromISR                 0x08031a01   Thumb Code    90  tasks.o(.text)
    vTaskPrioritySet                         0x08031a61   Thumb Code   400  tasks.o(.text)
    vTaskSuspend                             0x08031bf1   Thumb Code   346  tasks.o(.text)
    vTaskSwitchContext                       0x08031d51   Thumb Code   190  tasks.o(.text)
    vTaskResume                              0x08031e11   Thumb Code   176  tasks.o(.text)
    xTaskResumeFromISR                       0x08031f31   Thumb Code   230  tasks.o(.text)
    vTaskStartScheduler                      0x08032019   Thumb Code   224  tasks.o(.text)
    vTaskEndScheduler                        0x08032121   Thumb Code    42  tasks.o(.text)
    xTaskIncrementTick                       0x08032151   Thumb Code   346  tasks.o(.text)
    xTaskGetTickCount                        0x080322b1   Thumb Code    20  tasks.o(.text)
    xTaskGetTickCountFromISR                 0x080322c9   Thumb Code    30  tasks.o(.text)
    uxTaskGetNumberOfTasks                   0x080322e9   Thumb Code    12  tasks.o(.text)
    pcTaskGetName                            0x080322f9   Thumb Code    70  tasks.o(.text)
    xTaskCatchUpTicks                        0x08032341   Thumb Code    78  tasks.o(.text)
    vTaskPlaceOnEventList                    0x08032391   Thumb Code    66  tasks.o(.text)
    vTaskPlaceOnUnorderedEventList           0x080323d9   Thumb Code   114  tasks.o(.text)
    vTaskPlaceOnEventListRestricted          0x08032451   Thumb Code    82  tasks.o(.text)
    xTaskRemoveFromEventList                 0x080324a9   Thumb Code   194  tasks.o(.text)
    vTaskRemoveFromUnorderedEventList        0x08032571   Thumb Code   192  tasks.o(.text)
    vTaskSetTimeOutState                     0x08032631   Thumb Code    74  tasks.o(.text)
    vTaskInternalSetTimeOutState             0x08032681   Thumb Code    36  tasks.o(.text)
    xTaskCheckForTimeOut                     0x080326a9   Thumb Code   204  tasks.o(.text)
    vTaskMissedYield                         0x08032779   Thumb Code    14  tasks.o(.text)
    xTaskGetCurrentTaskHandle                0x08032789   Thumb Code    20  tasks.o(.text)
    xTaskGetSchedulerState                   0x080327a1   Thumb Code    56  tasks.o(.text)
    xTaskPriorityInherit                     0x080327d9   Thumb Code   282  tasks.o(.text)
    xTaskPriorityDisinherit                  0x080328f9   Thumb Code   280  tasks.o(.text)
    vTaskPriorityDisinheritAfterTimeout      0x08032a11   Thumb Code   320  tasks.o(.text)
    uxTaskResetEventItemValue                0x08032b51   Thumb Code    34  tasks.o(.text)
    pvTaskIncrementMutexHeldCount            0x08032b79   Thumb Code    44  tasks.o(.text)
    ulTaskNotifyTake                         0x08032ba9   Thumb Code   186  tasks.o(.text)
    xTaskNotifyWait                          0x08032c69   Thumb Code   214  tasks.o(.text)
    xTaskGenericNotify                       0x08032d41   Thumb Code   342  tasks.o(.text)
    xTaskGenericNotifyFromISR                0x08032e99   Thumb Code   440  tasks.o(.text)
    vTaskNotifyGiveFromISR                   0x08033051   Thumb Code   300  tasks.o(.text)
    xTaskNotifyStateClear                    0x08033181   Thumb Code    82  tasks.o(.text)
    ulTaskNotifyValueClear                   0x080331d9   Thumb Code    76  tasks.o(.text)
    xTimerCreateTimerTask                    0x08033319   Thumb Code   148  timers.o(.text)
    xTimerCreate                             0x08033479   Thumb Code    74  timers.o(.text)
    xTimerCreateStatic                       0x08033541   Thumb Code   138  timers.o(.text)
    xTimerGenericCommand                     0x080335d1   Thumb Code   176  timers.o(.text)
    xTimerGetTimerDaemonTaskHandle           0x08033681   Thumb Code    52  timers.o(.text)
    xTimerGetPeriod                          0x080336b9   Thumb Code    44  timers.o(.text)
    vTimerSetReloadMode                      0x080336e9   Thumb Code    90  timers.o(.text)
    uxTimerGetReloadMode                     0x08033749   Thumb Code    78  timers.o(.text)
    xTimerGetExpiryTime                      0x08033799   Thumb Code    48  timers.o(.text)
    pcTimerGetName                           0x080337c9   Thumb Code    44  timers.o(.text)
    xTimerIsTimerActive                      0x080337f9   Thumb Code    76  timers.o(.text)
    pvTimerGetTimerID                        0x08033849   Thumb Code    58  timers.o(.text)
    vTimerSetTimerID                         0x08033889   Thumb Code    58  timers.o(.text)
    osKernelStart                            0x08033d39   Thumb Code    10  cmsis_os.o(.text)
    osKernelRunning                          0x08033d49   Thumb Code    32  cmsis_os.o(.text)
    osKernelSysTick                          0x08033d69   Thumb Code    34  cmsis_os.o(.text)
    osThreadCreate                           0x08033da9   Thumb Code   172  cmsis_os.o(.text)
    osThreadGetId                            0x08033e81   Thumb Code     8  cmsis_os.o(.text)
    osThreadTerminate                        0x08033e89   Thumb Code    18  cmsis_os.o(.text)
    osThreadYield                            0x08033ea1   Thumb Code    26  cmsis_os.o(.text)
    osThreadSetPriority                      0x08033ec1   Thumb Code    36  cmsis_os.o(.text)
    osThreadGetPriority                      0x08033ee9   Thumb Code    54  cmsis_os.o(.text)
    osDelay                                  0x08033f49   Thumb Code    40  cmsis_os.o(.text)
    osTimerCreate                            0x08033f71   Thumb Code   114  cmsis_os.o(.text)
    osTimerStart                             0x08033fe9   Thumb Code   138  cmsis_os.o(.text)
    osTimerStop                              0x08034079   Thumb Code   122  cmsis_os.o(.text)
    osTimerDelete                            0x080340f9   Thumb Code    70  cmsis_os.o(.text)
    osSignalSet                              0x08034141   Thumb Code   126  cmsis_os.o(.text)
    osSignalWait                             0x080341c1   Thumb Code   160  cmsis_os.o(.text)
    osMutexCreate                            0x08034261   Thumb Code    44  cmsis_os.o(.text)
    osMutexWait                              0x08034291   Thumb Code   166  cmsis_os.o(.text)
    osMutexRelease                           0x08034339   Thumb Code   110  cmsis_os.o(.text)
    osMutexDelete                            0x080343a9   Thumb Code    38  cmsis_os.o(.text)
    osSemaphoreCreate                        0x080343d1   Thumb Code   112  cmsis_os.o(.text)
    osSemaphoreWait                          0x08034441   Thumb Code   166  cmsis_os.o(.text)
    osSemaphoreRelease                       0x080344e9   Thumb Code   110  cmsis_os.o(.text)
    osSemaphoreDelete                        0x08034559   Thumb Code    38  cmsis_os.o(.text)
    osPoolCreate                             0x08034581   Thumb Code   180  cmsis_os.o(.text)
    osPoolAlloc                              0x08034639   Thumb Code   180  cmsis_os.o(.text)
    osPoolCAlloc                             0x080346f1   Thumb Code    34  cmsis_os.o(.text)
    osPoolFree                               0x08034719   Thumb Code   132  cmsis_os.o(.text)
    osMessageCreate                          0x080347a1   Thumb Code    74  cmsis_os.o(.text)
    osMessagePut                             0x080347f1   Thumb Code   132  cmsis_os.o(.text)
    osMessageGet                             0x08034879   Thumb Code   210  cmsis_os.o(.text)
    osMailCreate                             0x08034951   Thumb Code   166  cmsis_os.o(.text)
    osMailAlloc                              0x080349f9   Thumb Code    42  cmsis_os.o(.text)
    osMailCAlloc                             0x08034a29   Thumb Code    70  cmsis_os.o(.text)
    osMailPut                                0x08034a71   Thumb Code   130  cmsis_os.o(.text)
    osMailGet                                0x08034af9   Thumb Code   210  cmsis_os.o(.text)
    osMailFree                               0x08034bd1   Thumb Code    40  cmsis_os.o(.text)
    osSystickHandler                         0x08034bf9   Thumb Code    20  cmsis_os.o(.text)
    osThreadSuspend                          0x08034c11   Thumb Code    18  cmsis_os.o(.text)
    osThreadResume                           0x08034c29   Thumb Code    66  cmsis_os.o(.text)
    osThreadSuspendAll                       0x08034c71   Thumb Code    10  cmsis_os.o(.text)
    osThreadResumeAll                        0x08034c81   Thumb Code    32  cmsis_os.o(.text)
    osDelayUntil                             0x08034ca1   Thumb Code    48  cmsis_os.o(.text)
    osAbortDelay                             0x08034cd1   Thumb Code    10  cmsis_os.o(.text)
    osThreadList                             0x08034ce1   Thumb Code    10  cmsis_os.o(.text)
    osMessagePeek                            0x08034cf1   Thumb Code   128  cmsis_os.o(.text)
    osMessageWaiting                         0x08034d71   Thumb Code    40  cmsis_os.o(.text)
    osMessageAvailableSpace                  0x08034d99   Thumb Code    16  cmsis_os.o(.text)
    osMessageDelete                          0x08034da9   Thumb Code    38  cmsis_os.o(.text)
    osRecursiveMutexCreate                   0x08034dd1   Thumb Code    10  cmsis_os.o(.text)
    osRecursiveMutexRelease                  0x08034de1   Thumb Code    10  cmsis_os.o(.text)
    osRecursiveMutexWait                     0x08034df1   Thumb Code    12  cmsis_os.o(.text)
    osSemaphoreGetCount                      0x08034e01   Thumb Code    16  cmsis_os.o(.text)
    pvPortMalloc                             0x08034e11   Thumb Code   492  heap_4.o(.text)
    vPortFree                                0x08035189   Thumb Code   206  heap_4.o(.text)
    xPortGetFreeHeapSize                     0x08035259   Thumb Code    12  heap_4.o(.text)
    xPortGetMinimumEverFreeHeapSize          0x08035269   Thumb Code    12  heap_4.o(.text)
    vPortInitialiseBlocks                    0x08035279   Thumb Code     2  heap_4.o(.text)
    vPortGetHeapStats                        0x08035281   Thumb Code   206  heap_4.o(.text)
    pxPortInitialiseStack                    0x08035351   Thumb Code    94  port.o(.text)
    SVC_Handler                              0x08035401   Thumb Code    36  port.o(.text)
    xPortStartScheduler                      0x08035429   Thumb Code   342  port.o(.text)
    vPortSetupTimerInterrupt                 0x08035581   Thumb Code    68  port.o(.text)
    vPortEndScheduler                        0x08035601   Thumb Code    46  port.o(.text)
    vPortEnterCritical                       0x08035631   Thumb Code    86  port.o(.text)
    vPortExitCritical                        0x08035689   Thumb Code    74  port.o(.text)
    PendSV_Handler                           0x080356d9   Thumb Code   108  port.o(.text)
    SysTick_Handler                          0x08035749   Thumb Code    60  port.o(.text)
    vPortValidateInterruptPriority           0x08035789   Thumb Code   132  port.o(.text)
    USBD_Init                                0x08035819   Thumb Code   106  usbd_core.o(.text)
    USBD_DeInit                              0x08035889   Thumb Code    82  usbd_core.o(.text)
    USBD_RegisterClass                       0x080358e1   Thumb Code   114  usbd_core.o(.text)
    USBD_Start                               0x08035959   Thumb Code    16  usbd_core.o(.text)
    USBD_Stop                                0x08035969   Thumb Code    42  usbd_core.o(.text)
    USBD_RunTestMode                         0x08035999   Thumb Code    10  usbd_core.o(.text)
    USBD_SetClassConfig                      0x080359a9   Thumb Code    54  usbd_core.o(.text)
    USBD_ClrClassConfig                      0x080359e1   Thumb Code    50  usbd_core.o(.text)
    USBD_LL_SetupStage                       0x08035a19   Thumb Code   148  usbd_core.o(.text)
    USBD_LL_DataOutStage                     0x08035ab1   Thumb Code   434  usbd_core.o(.text)
    USBD_CoreFindIF                          0x08035c69   Thumb Code    14  usbd_core.o(.text)
    USBD_CoreFindEP                          0x08035c79   Thumb Code    14  usbd_core.o(.text)
    USBD_LL_DataInStage                      0x08035c89   Thumb Code   400  usbd_core.o(.text)
    USBD_LL_Reset                            0x08035e19   Thumb Code   156  usbd_core.o(.text)
    USBD_LL_SetSpeed                         0x08035eb9   Thumb Code    22  usbd_core.o(.text)
    USBD_LL_Suspend                          0x08035ed1   Thumb Code    44  usbd_core.o(.text)
    USBD_LL_Resume                           0x08035f01   Thumb Code    36  usbd_core.o(.text)
    USBD_LL_SOF                              0x08035f29   Thumb Code    62  usbd_core.o(.text)
    USBD_LL_IsoINIncomplete                  0x08035f69   Thumb Code   110  usbd_core.o(.text)
    USBD_LL_IsoOUTIncomplete                 0x08035fd9   Thumb Code   110  usbd_core.o(.text)
    USBD_LL_DevConnected                     0x08036049   Thumb Code    10  usbd_core.o(.text)
    USBD_LL_DevDisconnected                  0x08036059   Thumb Code    64  usbd_core.o(.text)
    USBD_GetEpDesc                           0x08036099   Thumb Code   118  usbd_core.o(.text)
    USBD_GetNextDesc                         0x08036111   Thumb Code    38  usbd_core.o(.text)
    USBD_StdDevReq                           0x08036139   Thumb Code   204  usbd_ctlreq.o(.text)
    USBD_CtlError                            0x08036899   Thumb Code    28  usbd_ctlreq.o(.text)
    USBD_StdItfReq                           0x080368b9   Thumb Code   244  usbd_ctlreq.o(.text)
    USBD_StdEPReq                            0x080369b1   Thumb Code   940  usbd_ctlreq.o(.text)
    USBD_ParseSetupRequest                   0x08036d61   Thumb Code    98  usbd_ctlreq.o(.text)
    USBD_GetString                           0x08036e01   Thumb Code   188  usbd_ctlreq.o(.text)
    USBD_CtlSendData                         0x08036ef9   Thumb Code    50  usbd_ioreq.o(.text)
    USBD_CtlContinueSendData                 0x08036f31   Thumb Code    30  usbd_ioreq.o(.text)
    USBD_CtlPrepareRx                        0x08036f51   Thumb Code    54  usbd_ioreq.o(.text)
    USBD_CtlContinueRx                       0x08036f89   Thumb Code    30  usbd_ioreq.o(.text)
    USBD_CtlSendStatus                       0x08036fa9   Thumb Code    34  usbd_ioreq.o(.text)
    USBD_CtlReceiveStatus                    0x08036fd1   Thumb Code    34  usbd_ioreq.o(.text)
    USBD_GetRxCount                          0x08036ff9   Thumb Code    24  usbd_ioreq.o(.text)
    USBD_CDC_GetDeviceQualifierDescriptor    0x08037821   Thumb Code    22  usbd_cdc.o(.text)
    USBD_CDC_RegisterInterface               0x08037839   Thumb Code    52  usbd_cdc.o(.text)
    USBD_CDC_SetTxBuffer                     0x08037871   Thumb Code    70  usbd_cdc.o(.text)
    USBD_CDC_SetRxBuffer                     0x080378b9   Thumb Code    60  usbd_cdc.o(.text)
    USBD_CDC_TransmitPacket                  0x080378f9   Thumb Code   136  usbd_cdc.o(.text)
    USBD_CDC_ReceivePacket                   0x08037981   Thumb Code   126  usbd_cdc.o(.text)
    __aeabi_uldivmod                         0x080379ff   Thumb Code    98  uldiv.o(.text)
    __aeabi_memcpy                           0x08037a61   Thumb Code    36  memcpya.o(.text)
    __aeabi_memcpy4                          0x08037a61   Thumb Code     0  memcpya.o(.text)
    __aeabi_memcpy8                          0x08037a61   Thumb Code     0  memcpya.o(.text)
    __aeabi_memset                           0x08037a85   Thumb Code    14  memseta.o(.text)
    __aeabi_memset4                          0x08037a85   Thumb Code     0  memseta.o(.text)
    __aeabi_memset8                          0x08037a85   Thumb Code     0  memseta.o(.text)
    __aeabi_memclr                           0x08037a93   Thumb Code     4  memseta.o(.text)
    __aeabi_memclr4                          0x08037a93   Thumb Code     0  memseta.o(.text)
    __aeabi_memclr8                          0x08037a93   Thumb Code     0  memseta.o(.text)
    _memset$wrapper                          0x08037a97   Thumb Code    18  memseta.o(.text)
    __aeabi_uidiv                            0x08037aa9   Thumb Code     0  uidiv.o(.text)
    __aeabi_uidivmod                         0x08037aa9   Thumb Code    44  uidiv.o(.text)
    __aeabi_llsl                             0x08037ad5   Thumb Code    30  llshl.o(.text)
    _ll_shift_l                              0x08037ad5   Thumb Code     0  llshl.o(.text)
    __aeabi_llsr                             0x08037af3   Thumb Code    32  llushr.o(.text)
    _ll_ushift_r                             0x08037af3   Thumb Code     0  llushr.o(.text)
    __I$use$fp                               0x08037b13   Thumb Code     0  iusefp.o(.text)
    __aeabi_dadd                             0x08037b13   Thumb Code   322  dadd.o(.text)
    __aeabi_dsub                             0x08037c55   Thumb Code     6  dadd.o(.text)
    __aeabi_drsub                            0x08037c5b   Thumb Code     6  dadd.o(.text)
    __aeabi_dmul                             0x08037c61   Thumb Code   228  dmul.o(.text)
    __aeabi_ddiv                             0x08037d45   Thumb Code   222  ddiv.o(.text)
    __aeabi_d2ulz                            0x08037e23   Thumb Code    48  dfixul.o(.text)
    __aeabi_cdrcmple                         0x08037e55   Thumb Code    48  cdrcmple.o(.text)
    __fp_status                              0x08037e85   Thumb Code     4  fpstat.o(.text)
    __ieee_status                            0x08037e85   Thumb Code     0  fpstat.o(.text)
    __scatterload                            0x08037e89   Thumb Code    38  init.o(.text)
    __scatterload_rt2                        0x08037e89   Thumb Code     0  init.o(.text)
    __aeabi_lasr                             0x08037eb9   Thumb Code    36  llsshr.o(.text)
    _ll_sshift_r                             0x08037eb9   Thumb Code     0  llsshr.o(.text)
    _double_round                            0x08037edd   Thumb Code    30  depilogue.o(.text)
    _double_epilogue                         0x08037efb   Thumb Code   156  depilogue.o(.text)
    arm_cos_f32                              0x08037f99   Thumb Code   144  arm_cos_f32.o(.text.arm_cos_f32)
    __0vsnprintf                             0x08038029   Thumb Code    46  printfa.o(i.__0vsnprintf)
    __1vsnprintf                             0x08038029   Thumb Code     0  printfa.o(i.__0vsnprintf)
    __2vsnprintf                             0x08038029   Thumb Code     0  printfa.o(i.__0vsnprintf)
    __c89vsnprintf                           0x08038029   Thumb Code     0  printfa.o(i.__0vsnprintf)
    vsnprintf                                0x08038029   Thumb Code     0  printfa.o(i.__0vsnprintf)
    __ARM_fpclassifyf                        0x0803805d   Thumb Code    38  fpclassifyf.o(i.__ARM_fpclassifyf)
    __hardfp_atanf                           0x08038085   Thumb Code   296  atanf.o(i.__hardfp_atanf)
    __hardfp_powf                            0x080381e5   Thumb Code  1606  powf.o(i.__hardfp_powf)
    __mathlib_powf                           0x080381e5   Thumb Code     0  powf.o(i.__hardfp_powf)
    __hardfp_sqrtf                           0x08038849   Thumb Code    58  sqrtf.o(i.__hardfp_sqrtf)
    __mathlib_flt_divzero                    0x08038885   Thumb Code    14  funder.o(i.__mathlib_flt_divzero)
    __mathlib_flt_infnan                     0x08038899   Thumb Code     6  funder.o(i.__mathlib_flt_infnan)
    __mathlib_flt_infnan2                    0x0803889f   Thumb Code     6  funder.o(i.__mathlib_flt_infnan2)
    __mathlib_flt_invalid                    0x080388a5   Thumb Code    10  funder.o(i.__mathlib_flt_invalid)
    __mathlib_flt_overflow                   0x080388b5   Thumb Code    10  funder.o(i.__mathlib_flt_overflow)
    __mathlib_flt_underflow                  0x080388c5   Thumb Code    10  funder.o(i.__mathlib_flt_underflow)
    __scatterload_copy                       0x080388d5   Thumb Code    14  handlers.o(i.__scatterload_copy)
    __scatterload_null                       0x080388e3   Thumb Code     2  handlers.o(i.__scatterload_null)
    __scatterload_zeroinit                   0x080388e5   Thumb Code    14  handlers.o(i.__scatterload_zeroinit)
    __set_errno                              0x080388f5   Thumb Code     6  errno.o(i.__set_errno)
    D1CorePrescTable                         0x08039418   Data          16  system_stm32h7xx.o(.rodata.D1CorePrescTable)
    UARTPrescTable                           0x08039450   Data          24  stm32h7xx_hal_uart.o(.rodata.UARTPrescTable)
    code                                     0x08039468   Data           2  drv_ws2812b.o(.rodata.code)
    crc16_table                              0x0803946a   Data         512  crc.o(.rodata.crc16_table)
    crc8_table                               0x0803966a   Data         256  crc.o(.rodata.crc8_table)
    crc_ccitt_table                          0x0803976a   Data         512  crc.o(.rodata.crc_ccitt_table)
    sinTable_f32                             0x0803999c   Data        2052  arm_common_tables.o(.rodata.sinTable_f32)
    Region$$Table$$Base                      0x0803a240   Number         0  anon$$obj.o(Region$$Table)
    Region$$Table$$Limit                     0x0803a260   Number         0  anon$$obj.o(Region$$Table)
    HS_Desc                                  0x24000008   Data          32  usbd_desc.o(.data.HS_Desc)
    MIN_HEAT                                 0x24000028   Data           4  shoot_task.o(.data.MIN_HEAT)
    SystemCoreClock                          0x2400002c   Data           4  system_stm32h7xx.o(.data.SystemCoreClock)
    SystemD2Clock                            0x24000030   Data           4  system_stm32h7xx.o(.data.SystemD2Clock)
    USBD_CDC                                 0x24000034   Data          56  usbd_cdc.o(.data.USBD_CDC)
    USBD_HS_BOSDesc                          0x240000bc   Data          12  usbd_desc.o(.data.USBD_HS_BOSDesc)
    USBD_HS_DeviceDesc                       0x240000c8   Data          18  usbd_desc.o(.data.USBD_HS_DeviceDesc)
    USBD_Interface_fops_HS                   0x240000dc   Data          20  usbd_cdc_if.o(.data.USBD_Interface_fops_HS)
    USBD_LangIDDesc                          0x240000f0   Data           4  usbd_desc.o(.data.USBD_LangIDDesc)
    USBD_StringSerial                        0x240000f4   Data          26  usbd_desc.o(.data.USBD_StringSerial)
    debug_wave                               0x2400010e   Data           1  debug_task.o(.data.debug_wave)
    gimbal_scale                             0x24000110   Data          16  gimbal_task.o(.data.gimbal_scale)
    uwTickFreq                               0x24000139   Data           1  stm32h7xx_hal.o(.data.uwTickFreq)
    uwTickPrio                               0x2400013c   Data           4  stm32h7xx_hal.o(.data.uwTickPrio)
    ChassisTaskHandle                        0x24000148   Data           4  freertos.o(.bss.ChassisTaskHandle)
    CommTaskHandle                           0x2400014c   Data           4  freertos.o(.bss.CommTaskHandle)
    DebugTaskHandle                          0x24000150   Data           4  freertos.o(.bss.DebugTaskHandle)
    K_c                                      0x24000158   Data           4  shoot_task.o(.bss.K_c)
    ModeSwitchTaskHandle                     0x2400015c   Data           4  freertos.o(.bss.ModeSwitchTaskHandle)
    OFFSET_ECD_FLAG                          0x24000160   Data           1  bsp_lk_motor_mg4005.o(.bss.OFFSET_ECD_FLAG)
    StartTaskHandle                          0x24000164   Data           4  freertos.o(.bss.StartTaskHandle)
    StatusTaskHandle                         0x24000168   Data           4  freertos.o(.bss.StatusTaskHandle)
    USBD_StrDesc                             0x24000170   Data         512  usbd_desc.o(.bss.USBD_StrDesc)
    UserRxBufferHS                           0x24000590   Data        2048  usbd_cdc_if.o(.bss.UserRxBufferHS)
    UserTxBufferHS                           0x24000d90   Data        2048  usbd_cdc_if.o(.bss.UserTxBufferHS)
    board_comm                               0x24001598   Data          56  board_comm.o(.bss.board_comm)
    board_comm_tx_buff                       0x240015d5   Data           8  board_comm.o(.bss.board_comm_tx_buff)
    buff                                     0x240015de   Data           6  prot_judge.o(.bss.buff)
    chassis                                  0x240015e4   Data          36  chassis_task.o(.bss.chassis)
    chassis_imu                              0x24001608   Data          40  prot_imu.o(.bss.chassis_imu)
    ctrl_mode                                0x24001634   Data           1  mode_switch_task.o(.bss.ctrl_mode)
    dart_info                                0x24001635   Data           3  prot_judge.o(.bss.dart_info)
    debug_dma_rx_buf                         0x2400167e   Data          10  usart_comm.o(.bss.debug_dma_rx_buf)
    dr16_dma_rx_buf                          0x24001690   Data          18  usart_comm.o(.bss.dr16_dma_rx_buf)
    driver_motor                             0x240016a4   Data         152  drv_dji_motor.o(.bss.driver_motor)
    event_data                               0x24001740   Data           4  prot_judge.o(.bss.event_data)
    ext_supply_projectile_action             0x24001744   Data           4  prot_judge.o(.bss.ext_supply_projectile_action)
    feed_torque                              0x24001748   Data           4  shoot_task.o(.bss.feed_torque)
    fire_Cnt                                 0x2400174c   Data           4  prot_vision.o(.bss.fire_Cnt)
    frame_header                             0x24001750   Data           5  prot_judge.o(.bss.frame_header)
    fric_motor                               0x24001758   Data         152  drv_dji_motor.o(.bss.fric_motor)
    game_result                              0x240017f0   Data           1  prot_judge.o(.bss.game_result)
    game_robot_HP                            0x240017f2   Data          36  prot_judge.o(.bss.game_robot_HP)
    game_status                              0x24001816   Data          11  prot_judge.o(.bss.game_status)
    gimbal                                   0x24001824   Data         524  gimbal_task.o(.bss.gimbal)
    gimbal_imu                               0x24001a30   Data          40  prot_imu.o(.bss.gimbal_imu)
    hUsbDeviceHS                             0x24001a5c   Data         732  usb_device.o(.bss.hUsbDeviceHS)
    hdma_spi1_tx                             0x24001d38   Data         120  spi.o(.bss.hdma_spi1_tx)
    hdma_usart10_rx                          0x24001db0   Data         120  usart.o(.bss.hdma_usart10_rx)
    hdma_usart10_tx                          0x24001e28   Data         120  usart.o(.bss.hdma_usart10_tx)
    hdma_usart1_rx                           0x24001ea0   Data         120  usart.o(.bss.hdma_usart1_rx)
    hdma_usart1_tx                           0x24001f18   Data         120  usart.o(.bss.hdma_usart1_tx)
    hdma_usart2_rx                           0x24001f90   Data         120  usart.o(.bss.hdma_usart2_rx)
    hdma_usart2_tx                           0x24002008   Data         120  usart.o(.bss.hdma_usart2_tx)
    hdma_usart3_rx                           0x24002080   Data         120  usart.o(.bss.hdma_usart3_rx)
    hdma_usart3_tx                           0x240020f8   Data         120  usart.o(.bss.hdma_usart3_tx)
    hdma_usart6_rx                           0x24002170   Data         120  usart.o(.bss.hdma_usart6_rx)
    hdma_usart6_tx                           0x240021e8   Data         120  usart.o(.bss.hdma_usart6_tx)
    hfdcan1                                  0x24002260   Data         160  fdcan.o(.bss.hfdcan1)
    hfdcan2                                  0x24002300   Data         160  fdcan.o(.bss.hfdcan2)
    hfdcan3                                  0x240023a0   Data         160  fdcan.o(.bss.hfdcan3)
    hiwdg1                                   0x24002440   Data          16  iwdg.o(.bss.hiwdg1)
    hpcd_USB_OTG_HS                          0x24002450   Data        1252  usbd_conf.o(.bss.hpcd_USB_OTG_HS)
    hrng                                     0x24002934   Data          20  rng.o(.bss.hrng)
    hspi1                                    0x24002948   Data         136  spi.o(.bss.hspi1)
    htim1                                    0x240029d0   Data          76  stm32h7xx_hal_timebase_tim.o(.bss.htim1)
    htim2                                    0x24002a1c   Data          76  tim.o(.bss.htim2)
    htim3                                    0x24002a68   Data          76  tim.o(.bss.htim3)
    huart1                                   0x24002ab4   Data         148  usart.o(.bss.huart1)
    huart10                                  0x24002b48   Data         148  usart.o(.bss.huart10)
    huart2                                   0x24002bdc   Data         148  usart.o(.bss.huart2)
    huart3                                   0x24002c70   Data         148  usart.o(.bss.huart3)
    huart6                                   0x24002d04   Data         148  usart.o(.bss.huart6)
    huart9                                   0x24002d98   Data         148  usart.o(.bss.huart9)
    hurt_data                                0x24002e2c   Data           1  prot_judge.o(.bss.hurt_data)
    judge_data_rx_buf                        0x24002e2d   Data         150  usart_comm.o(.bss.judge_data_rx_buf)
    judge_huart                              0x24002ec4   Data           4  prot_judge.o(.bss.judge_huart)
    kanan                                    0x24002ec8   Data           4  prot_vision.o(.bss.kanan)
    kb_status                                0x24002ecc   Data          52  prot_dr16.o(.bss.kb_status)
    last_pit_ref                             0x24002f10   Data           4  gimbal_task.o(.bss.last_pit_ref)
    last_yaw_ref                             0x24002f14   Data           4  gimbal_task.o(.bss.last_yaw_ref)
    lock_flag                                0x24002f18   Data           1  mode_switch_task.o(.bss.lock_flag)
    log_huart                                0x24002f1c   Data           4  data_log.o(.bss.log_huart)
    log_str                                  0x24002f20   Data         128  data_log.o(.bss.log_str)
    map_command                              0x24002fa0   Data          12  prot_judge.o(.bss.map_command)
    map_robot_data                           0x24002fac   Data          10  prot_judge.o(.bss.map_robot_data)
    micro_t                                  0x24002fb8   Data           4  shoot_task.o(.bss.micro_t)
    microcurrent_flag                        0x24002fbc   Data           1  shoot_task.o(.bss.microcurrent_flag)
    motor_msg                                0x24002fc0   Data         144  drv_dji_motor.o(.bss.motor_msg)
    online                                   0x2400305c   Data           1  prot_judge.o(.bss.online)
    pit_motor                                0x24003060   Data          76  drv_dm_motor.o(.bss.pit_motor)
    power_control                            0x240030ac   Data          52  prot_power.o(.bss.power_control)
    power_heat_data                          0x240030e0   Data          16  prot_judge.o(.bss.power_heat_data)
    ppoo                                     0x240030f0   Data           4  drv_dm_motor.o(.bss.ppoo)
    projectile_allowance                     0x240030f8   Data           6  prot_judge.o(.bss.projectile_allowance)
    prv_us_time                              0x240031c4   Data          16  us_time.o(.bss.prv_us_time)
    pxCurrentTCB                             0x240031d4   Data           4  tasks.o(.bss.pxCurrentTCB)
    rc                                       0x24003278   Data          48  prot_dr16.o(.bss.rc)
    referee_warning                          0x240032aa   Data           3  prot_judge.o(.bss.referee_warning)
    remote_control                           0x240032ae   Data          12  prot_judge.o(.bss.remote_control)
    rfid_status                              0x240032bc   Data           4  prot_judge.o(.bss.rfid_status)
    rgb                                      0x240032c0   Data         196  drv_ws2812b.o(.bss.rgb)
    robot_interaction_data                   0x24003384   Data         119  prot_judge.o(.bss.robot_interaction_data)
    robot_pos                                0x240033fc   Data          12  prot_judge.o(.bss.robot_pos)
    robot_status                             0x24003408   Data          13  prot_judge.o(.bss.robot_status)
    rx_fifo0_data                            0x24003415   Data          64  can_comm.o(.bss.rx_fifo0_data)
    rx_fifo0_message                         0x24003458   Data          40  can_comm.o(.bss.rx_fifo0_message)
    rx_fifo1_data                            0x24003480   Data          64  can_comm.o(.bss.rx_fifo1_data)
    rx_fifo1_message                         0x240034c0   Data          40  can_comm.o(.bss.rx_fifo1_message)
    shoot                                    0x240034e8   Data         368  shoot_task.o(.bss.shoot)
    shoot_Cnt                                0x24003658   Data           4  prot_vision.o(.bss.shoot_Cnt)
    shoot_data                               0x2400365c   Data           7  prot_judge.o(.bss.shoot_data)
    slope_feed                               0x24003664   Data           4  gimbal_task.o(.bss.slope_feed)
    slope_feed_pit                           0x24003668   Data           4  gimbal_task.o(.bss.slope_feed_pit)
    status                                   0x2400366c   Data           4  status_task.o(.bss.status)
    supercap                                 0x24003670   Data          20  prot_power.o(.bss.supercap)
    total_motor_revolutions                  0x24003684   Data           4  shoot_task.o(.bss.total_motor_revolutions)
    trigger_motor                            0x2400368c   Data          76  drv_dji_motor.o(.bss.trigger_motor)
    trigger_motor_MG4005                     0x240036d8   Data         108  bsp_lk_motor_mg4005.o(.bss.trigger_motor_MG4005)
    tx_message                               0x24003744   Data          36  can_comm.o(.bss.tx_message)
    uwTick                                   0x24007370   Data           4  stm32h7xx_hal.o(.bss.uwTick)
    velocity_err                             0x24007388   Data           4  shoot_task.o(.bss.velocity_err)
    vis_e                                    0x2400738c   Data           2  prot_vision.o(.bss.vis_e)
    vision                                   0x24007390   Data         128  prot_vision.o(.bss.vision)
    vision_send_buf                          0x24007411   Data          40  prot_vision.o(.bss.vision_send_buf)
    vision_tx_msg                            0x24007439   Data          29  prot_vision.o(.bss.vision_tx_msg)
    wlr                                      0x24007458   Data         280  wlr.o(.bss.wlr)
    xQueueRegistry                           0x2400784c   Data          64  queue.o(.bss.xQueueRegistry)
    yaw_err                                  0x24007d24   Data           4  gimbal_task.o(.bss.yaw_err)
    yaw_motor                                0x24007d28   Data          76  drv_dji_motor.o(.bss.yaw_motor)
    __initial_sp                             0x2400ad78   Data           0  startup_stm32h723xx.o(STACK)



==============================================================================

Memory Map of the image

  Image Entry point : 0x080002cd

  Load Region LR_IROM1 (Base: 0x08000000, Size: 0x0003a3a8, Max: 0x00100000, ABSOLUTE)

    Execution Region ER_IROM1 (Exec base: 0x08000000, Load base: 0x08000000, Size: 0x0003a260, Max: 0x00100000, ABSOLUTE)

    Exec Addr    Load Addr    Size         Type   Attr      Idx    E Section Name        Object

    0x08000000   0x08000000   0x000002cc   Data   RO            3    RESET               startup_stm32h723xx.o
    0x080002cc   0x080002cc   0x00000000   Code   RO         1416  * .ARM.Collect$$$$00000000  mc_w.l(entry.o)
    0x080002cc   0x080002cc   0x00000004   Code   RO         1536    .ARM.Collect$$$$00000001  mc_w.l(entry2.o)
    0x080002d0   0x080002d0   0x00000004   Code   RO         1539    .ARM.Collect$$$$00000004  mc_w.l(entry5.o)
    0x080002d4   0x080002d4   0x00000000   Code   RO         1541    .ARM.Collect$$$$00000008  mc_w.l(entry7b.o)
    0x080002d4   0x080002d4   0x00000000   Code   RO         1543    .ARM.Collect$$$$0000000A  mc_w.l(entry8b.o)
    0x080002d4   0x080002d4   0x00000008   Code   RO         1544    .ARM.Collect$$$$0000000B  mc_w.l(entry9a.o)
    0x080002dc   0x080002dc   0x00000000   Code   RO         1546    .ARM.Collect$$$$0000000D  mc_w.l(entry10a.o)
    0x080002dc   0x080002dc   0x00000000   Code   RO         1548    .ARM.Collect$$$$0000000F  mc_w.l(entry11a.o)
    0x080002dc   0x080002dc   0x00000004   Code   RO         1537    .ARM.Collect$$$$00002712  mc_w.l(entry2.o)
    0x080002e0   0x080002e0   0x00000024   Code   RO            4    .text               startup_stm32h723xx.o
    0x08000304   0x08000304   0x00000004   PAD
    0x08000308   0x08000308   0x0000027c   Code   RO           10    .text               main.o
    0x08000584   0x08000584   0x00000004   PAD
    0x08000588   0x08000588   0x0000019e   Code   RO           19    .text               gpio.o
    0x08000726   0x08000726   0x00000002   PAD
    0x08000728   0x08000728   0x0000022c   Code   RO           26    .text               freertos.o
    0x08000954   0x08000954   0x00000004   PAD
    0x08000958   0x08000958   0x0000010e   Code   RO           54    .text               dma.o
    0x08000a66   0x08000a66   0x00000002   PAD
    0x08000a68   0x08000a68   0x0000046c   Code   RO           61    .text               fdcan.o
    0x08000ed4   0x08000ed4   0x00000004   PAD
    0x08000ed8   0x08000ed8   0x000000b4   Code   RO           80    .text               rng.o
    0x08000f8c   0x08000f8c   0x00000004   PAD
    0x08000f90   0x08000f90   0x00000206   Code   RO           88    .text               spi.o
    0x08001196   0x08001196   0x00000002   PAD
    0x08001198   0x08001198   0x00000294   Code   RO           97    .text               tim.o
    0x0800142c   0x0800142c   0x00000004   PAD
    0x08001430   0x08001430   0x00000c52   Code   RO          106    .text               usart.o
    0x08002082   0x08002082   0x00000006   PAD
    0x08002088   0x08002088   0x00000218   Code   RO          129    .text               stm32h7xx_it.o
    0x080022a0   0x080022a0   0x00000032   Code   RO          136    .text               stm32h7xx_hal_msp.o
    0x080022d2   0x080022d2   0x00000006   PAD
    0x080022d8   0x080022d8   0x000000f4   Code   RO          143    .text               stm32h7xx_hal_timebase_tim.o
    0x080023cc   0x080023cc   0x00000004   PAD
    0x080023d0   0x080023d0   0x0000007a   Code   RO          151    .text               usb_device.o
    0x0800244a   0x0800244a   0x00000006   PAD
    0x08002450   0x08002450   0x00000272   Code   RO          159    .text               usbd_desc.o
    0x080026c2   0x080026c2   0x00000006   PAD
    0x080026c8   0x080026c8   0x00000148   Code   RO          173    .text               usbd_cdc_if.o
    0x08002810   0x08002810   0x000006d0   Code   RO          183    .text               usbd_conf.o
    0x08002ee0   0x08002ee0   0x00000112   Code   RO          192    .text               debug_task.o
    0x08002ff2   0x08002ff2   0x00000006   PAD
    0x08002ff8   0x08002ff8   0x000000ec   Code   RO          202    .text               comm_task.o
    0x080030e4   0x080030e4   0x00000004   PAD
    0x080030e8   0x080030e8   0x000001b6   Code   RO          210    .text               mode_switch_task.o
    0x0800329e   0x0800329e   0x00000002   PAD
    0x080032a0   0x080032a0   0x00000526   Code   RO          220    .text               status_task.o
    0x080037c6   0x080037c6   0x00000002   PAD
    0x080037c8   0x080037c8   0x000008d4   Code   RO          229    .text               gimbal_task.o
    0x0800409c   0x0800409c   0x00000004   PAD
    0x080040a0   0x080040a0   0x00000ff4   Code   RO          266    .text               shoot_task.o
    0x08005094   0x08005094   0x00000004   PAD
    0x08005098   0x08005098   0x000003b4   Code   RO          305    .text               can_comm.o
    0x0800544c   0x0800544c   0x00000004   PAD
    0x08005450   0x08005450   0x00000124   Code   RO          317    .text               usart_comm.o
    0x08005574   0x08005574   0x00000004   PAD
    0x08005578   0x08005578   0x00000364   Code   RO          327    .text               board_comm.o
    0x080058dc   0x080058dc   0x00000004   PAD
    0x080058e0   0x080058e0   0x0000072c   Code   RO          340    .text               drv_dji_motor.o
    0x0800600c   0x0800600c   0x00000004   PAD
    0x08006010   0x08006010   0x000008ec   Code   RO          355    .text               drv_dm_motor.o
    0x080068fc   0x080068fc   0x00000004   PAD
    0x08006900   0x08006900   0x000003c8   Code   RO          370    .text               bsp_lk_motor_mg4005.o
    0x08006cc8   0x08006cc8   0x00000384   Code   RO          382    .text               drv_ws2812b.o
    0x0800704c   0x0800704c   0x00000004   PAD
    0x08007050   0x08007050   0x000006fa   Code   RO          391    .text               prot_dr16.o
    0x0800774a   0x0800774a   0x00000006   PAD
    0x08007750   0x08007750   0x00000108   Code   RO          403    .text               prot_imu.o
    0x08007858   0x08007858   0x0000040a   Code   RO          412    .text               prot_judge.o
    0x08007c62   0x08007c62   0x00000006   PAD
    0x08007c68   0x08007c68   0x000006f6   Code   RO          441    .text               prot_power.o
    0x0800835e   0x0800835e   0x00000002   PAD
    0x08008360   0x08008360   0x000008de   Code   RO          450    .text               prot_vision.o
    0x08008c3e   0x08008c3e   0x00000002   PAD
    0x08008c40   0x08008c40   0x000002ba   Code   RO          465    .text               crc.o
    0x08008efa   0x08008efa   0x00000006   PAD
    0x08008f00   0x08008f00   0x0000064c   Code   RO          492    .text               math_lib.o
    0x0800954c   0x0800954c   0x00000004   PAD
    0x08009550   0x08009550   0x00000496   Code   RO          508    .text               pid.o
    0x080099e6   0x080099e6   0x00000002   PAD
    0x080099e8   0x080099e8   0x0000026a   Code   RO          773    .text               data_log.o
    0x08009c52   0x08009c52   0x00000006   PAD
    0x08009c58   0x08009c58   0x00000244   Code   RO          792    .text               us_time.o
    0x08009e9c   0x08009e9c   0x00000004   PAD
    0x08009ea0   0x08009ea0   0x00000400   Code   RO          800    .text               system_stm32h7xx.o
    0x0800a2a0   0x0800a2a0   0x0000171a   Code   RO          810    .text               stm32h7xx_hal_pcd.o
    0x0800b9ba   0x0800b9ba   0x00000006   PAD
    0x0800b9c0   0x0800b9c0   0x0000029c   Code   RO          817    .text               stm32h7xx_hal_pcd_ex.o
    0x0800bc5c   0x0800bc5c   0x00000004   PAD
    0x0800bc60   0x0800bc60   0x0000244c   Code   RO          824    .text               stm32h7xx_ll_usb.o
    0x0800e0ac   0x0800e0ac   0x00000004   PAD
    0x0800e0b0   0x0800e0b0   0x0000191a   Code   RO          831    .text               stm32h7xx_hal_rcc.o
    0x0800f9ca   0x0800f9ca   0x00000006   PAD
    0x0800f9d0   0x0800f9d0   0x00002e4a   Code   RO          838    .text               stm32h7xx_hal_rcc_ex.o
    0x0801281a   0x0801281a   0x00000006   PAD
    0x08012820   0x08012820   0x000006fa   Code   RO          860    .text               stm32h7xx_hal_gpio.o
    0x08012f1a   0x08012f1a   0x00000006   PAD
    0x08012f20   0x08012f20   0x000050cc   Code   RO          874    .text               stm32h7xx_hal_dma.o
    0x08017fec   0x08017fec   0x00000004   PAD
    0x08017ff0   0x08017ff0   0x000002ea   Code   RO          896    .text               stm32h7xx_hal_pwr.o
    0x080182da   0x080182da   0x00000006   PAD
    0x080182e0   0x080182e0   0x00000992   Code   RO          903    .text               stm32h7xx_hal_pwr_ex.o
    0x08018c72   0x08018c72   0x00000006   PAD
    0x08018c78   0x08018c78   0x0000061c   Code   RO          910    .text               stm32h7xx_hal_cortex.o
    0x08019294   0x08019294   0x00000004   PAD
    0x08019298   0x08019298   0x00000938   Code   RO          917    .text               stm32h7xx_hal.o
    0x08019bd0   0x08019bd0   0x000039d6   Code   RO          948    .text               stm32h7xx_hal_fdcan.o
    0x0801d5a6   0x0801d5a6   0x00000002   PAD
    0x0801d5a8   0x0801d5a8   0x000000bc   Code   RO          957    .text               stm32h7xx_hal_iwdg.o
    0x0801d664   0x0801d664   0x00000004   PAD
    0x0801d668   0x0801d668   0x0000061c   Code   RO          964    .text               stm32h7xx_hal_rng.o
    0x0801dc84   0x0801dc84   0x00000004   PAD
    0x0801dc88   0x0801dc88   0x00002f36   Code   RO          978    .text               stm32h7xx_hal_spi.o
    0x08020bbe   0x08020bbe   0x00000002   PAD
    0x08020bc0   0x08020bc0   0x00007596   Code   RO          992    .text               stm32h7xx_hal_tim.o
    0x08028156   0x08028156   0x00000002   PAD
    0x08028158   0x08028158   0x00002cee   Code   RO          999    .text               stm32h7xx_hal_tim_ex.o
    0x0802ae46   0x0802ae46   0x00000002   PAD
    0x0802ae48   0x0802ae48   0x0000434e   Code   RO         1006    .text               stm32h7xx_hal_uart.o
    0x0802f196   0x0802f196   0x00000002   PAD
    0x0802f198   0x0802f198   0x00000964   Code   RO         1014    .text               stm32h7xx_hal_uart_ex.o
    0x0802fafc   0x0802fafc   0x00000004   PAD
    0x0802fb00   0x0802fb00   0x00000138   Code   RO         1031    .text               list.o
    0x0802fc38   0x0802fc38   0x0000142c   Code   RO         1038    .text               queue.o
    0x08031064   0x08031064   0x00000004   PAD
    0x08031068   0x08031068   0x000022aa   Code   RO         1053    .text               tasks.o
    0x08033312   0x08033312   0x00000006   PAD
    0x08033318   0x08033318   0x00000a1e   Code   RO         1082    .text               timers.o
    0x08033d36   0x08033d36   0x00000002   PAD
    0x08033d38   0x08033d38   0x000010d8   Code   RO         1099    .text               cmsis_os.o
    0x08034e10   0x08034e10   0x0000053e   Code   RO         1108    .text               heap_4.o
    0x0803534e   0x0803534e   0x00000002   PAD
    0x08035350   0x08035350   0x000004c4   Code   RO         1123    .text               port.o
    0x08035814   0x08035814   0x00000004   PAD
    0x08035818   0x08035818   0x0000091e   Code   RO         1133    .text               usbd_core.o
    0x08036136   0x08036136   0x00000002   PAD
    0x08036138   0x08036138   0x00000dba   Code   RO         1140    .text               usbd_ctlreq.o
    0x08036ef2   0x08036ef2   0x00000006   PAD
    0x08036ef8   0x08036ef8   0x00000118   Code   RO         1148    .text               usbd_ioreq.o
    0x08037010   0x08037010   0x000009ee   Code   RO         1155    .text               usbd_cdc.o
    0x080379fe   0x080379fe   0x00000062   Code   RO         1419    .text               mc_w.l(uldiv.o)
    0x08037a60   0x08037a60   0x00000024   Code   RO         1424    .text               mc_w.l(memcpya.o)
    0x08037a84   0x08037a84   0x00000024   Code   RO         1426    .text               mc_w.l(memseta.o)
    0x08037aa8   0x08037aa8   0x0000002c   Code   RO         1560    .text               mc_w.l(uidiv.o)
    0x08037ad4   0x08037ad4   0x0000001e   Code   RO         1562    .text               mc_w.l(llshl.o)
    0x08037af2   0x08037af2   0x00000020   Code   RO         1564    .text               mc_w.l(llushr.o)
    0x08037b12   0x08037b12   0x00000000   Code   RO         1575    .text               mc_w.l(iusefp.o)
    0x08037b12   0x08037b12   0x0000014e   Code   RO         1578    .text               mf_w.l(dadd.o)
    0x08037c60   0x08037c60   0x000000e4   Code   RO         1580    .text               mf_w.l(dmul.o)
    0x08037d44   0x08037d44   0x000000de   Code   RO         1582    .text               mf_w.l(ddiv.o)
    0x08037e22   0x08037e22   0x00000030   Code   RO         1584    .text               mf_w.l(dfixul.o)
    0x08037e52   0x08037e52   0x00000002   PAD
    0x08037e54   0x08037e54   0x00000030   Code   RO         1586    .text               mf_w.l(cdrcmple.o)
    0x08037e84   0x08037e84   0x00000004   Code   RO         1588    .text               mf_w.l(fpstat.o)
    0x08037e88   0x08037e88   0x00000030   Code   RO         1600    .text               mc_w.l(init.o)
    0x08037eb8   0x08037eb8   0x00000024   Code   RO         1602    .text               mc_w.l(llsshr.o)
    0x08037edc   0x08037edc   0x000000ba   Code   RO         1606    .text               mf_w.l(depilogue.o)
    0x08037f96   0x08037f96   0x00000002   PAD
    0x08037f98   0x08037f98   0x00000090   Code   RO         1169    .text.arm_cos_f32   arm_cortexM7lfdp_math.lib(arm_cos_f32.o)
    0x08038028   0x08038028   0x00000034   Code   RO         1440    i.__0vsnprintf      mc_w.l(printfa.o)
    0x0803805c   0x0803805c   0x00000026   Code   RO         1509    i.__ARM_fpclassifyf  m_wv.l(fpclassifyf.o)
    0x08038082   0x08038082   0x00000002   PAD
    0x08038084   0x08038084   0x00000160   Code   RO         1354    i.__hardfp_atanf    m_wv.l(atanf.o)
    0x080381e4   0x080381e4   0x00000664   Code   RO         1385    i.__hardfp_powf     m_wv.l(powf.o)
    0x08038848   0x08038848   0x0000003a   Code   RO         1404    i.__hardfp_sqrtf    m_wv.l(sqrtf.o)
    0x08038882   0x08038882   0x00000002   PAD
    0x08038884   0x08038884   0x00000014   Code   RO         1511    i.__mathlib_flt_divzero  m_wv.l(funder.o)
    0x08038898   0x08038898   0x00000006   Code   RO         1512    i.__mathlib_flt_infnan  m_wv.l(funder.o)
    0x0803889e   0x0803889e   0x00000006   Code   RO         1513    i.__mathlib_flt_infnan2  m_wv.l(funder.o)
    0x080388a4   0x080388a4   0x00000010   Code   RO         1514    i.__mathlib_flt_invalid  m_wv.l(funder.o)
    0x080388b4   0x080388b4   0x00000010   Code   RO         1515    i.__mathlib_flt_overflow  m_wv.l(funder.o)
    0x080388c4   0x080388c4   0x00000010   Code   RO         1517    i.__mathlib_flt_underflow  m_wv.l(funder.o)
    0x080388d4   0x080388d4   0x0000000e   Code   RO         1610    i.__scatterload_copy  mc_w.l(handlers.o)
    0x080388e2   0x080388e2   0x00000002   Code   RO         1611    i.__scatterload_null  mc_w.l(handlers.o)
    0x080388e4   0x080388e4   0x0000000e   Code   RO         1612    i.__scatterload_zeroinit  mc_w.l(handlers.o)
    0x080388f2   0x080388f2   0x00000002   PAD
    0x080388f4   0x080388f4   0x0000000c   Code   RO         1570    i.__set_errno       mc_w.l(errno.o)
    0x08038900   0x08038900   0x00000184   Code   RO         1442    i._fp_digits        mc_w.l(printfa.o)
    0x08038a84   0x08038a84   0x000006dc   Code   RO         1443    i._printf_core      mc_w.l(printfa.o)
    0x08039160   0x08039160   0x00000024   Code   RO         1444    i._printf_post_padding  mc_w.l(printfa.o)
    0x08039184   0x08039184   0x0000002e   Code   RO         1445    i._printf_pre_padding  mc_w.l(printfa.o)
    0x080391b2   0x080391b2   0x00000016   Code   RO         1446    i._snputc           mc_w.l(printfa.o)
    0x080391c8   0x080391c8   0x00000140   Data   RO         1388    .constdata          m_wv.l(powf.o)
    0x08039308   0x08039308   0x0000004c   Data   RO          950    .rodata..L__const.HAL_FDCAN_Init.CvtEltSize  stm32h7xx_hal_fdcan.o
    0x08039354   0x08039354   0x0000001c   Data   RO           37    .rodata..L__const.MX_FREERTOS_Init.os_thread_def_CommTask  freertos.o
    0x08039370   0x08039370   0x0000001c   Data   RO           44    .rodata..L__const.MX_FREERTOS_Init.os_thread_def_DebugTask  freertos.o
    0x0803938c   0x0803938c   0x0000001c   Data   RO           41    .rodata..L__const.MX_FREERTOS_Init.os_thread_def_GimbalTask  freertos.o
    0x080393a8   0x080393a8   0x0000001c   Data   RO           39    .rodata..L__const.MX_FREERTOS_Init.os_thread_def_ModeSwitchTask  freertos.o
    0x080393c4   0x080393c4   0x0000001c   Data   RO           35    .rodata..L__const.MX_FREERTOS_Init.os_thread_def_STATUSTask  freertos.o
    0x080393e0   0x080393e0   0x0000001c   Data   RO           43    .rodata..L__const.MX_FREERTOS_Init.os_thread_def_ShootTask  freertos.o
    0x080393fc   0x080393fc   0x0000001c   Data   RO           33    .rodata..L__const.MX_FREERTOS_Init.os_thread_def_StartTask  freertos.o
    0x08039418   0x08039418   0x00000010   Data   RO          804    .rodata.D1CorePrescTable  system_stm32h7xx.o
    0x08039428   0x08039428   0x00000010   Data   RO          951    .rodata.DLCtoBytes  stm32h7xx_hal_fdcan.o
    0x08039438   0x08039438   0x00000008   Data   RO          876    .rodata.DMA_CalcBaseAndBitshift.flagBitshiftOffset  stm32h7xx_hal_dma.o
    0x08039440   0x08039440   0x00000008   Data   RO         1017    .rodata.UARTEx_SetNbDataToProcess.denominator  stm32h7xx_hal_uart_ex.o
    0x08039448   0x08039448   0x00000008   Data   RO         1016    .rodata.UARTEx_SetNbDataToProcess.numerator  stm32h7xx_hal_uart_ex.o
    0x08039450   0x08039450   0x00000018   Data   RO         1008    .rodata.UARTPrescTable  stm32h7xx_hal_uart.o
    0x08039468   0x08039468   0x00000002   Data   RO          384    .rodata.code        drv_ws2812b.o
    0x0803946a   0x0803946a   0x00000200   Data   RO          470    .rodata.crc16_table  crc.o
    0x0803966a   0x0803966a   0x00000100   Data   RO          468    .rodata.crc8_table  crc.o
    0x0803976a   0x0803976a   0x00000200   Data   RO          471    .rodata.crc_ccitt_table  crc.o
    0x0803996a   0x0803996a   0x00000002   PAD
    0x0803996c   0x0803996c   0x00000030   Data   RO          343    .rodata.motor_para_table  drv_dji_motor.o
    0x0803999c   0x0803999c   0x00000804   Data   RO         1334    .rodata.sinTable_f32  arm_cortexM7lfdp_math.lib(arm_common_tables.o)
    0x0803a1a0   0x0803a1a0   0x0000004c   Data   RO           32    .rodata.str1.1      freertos.o
    0x0803a1ec   0x0803a1ec   0x00000042   Data   RO          166    .rodata.str1.1      usbd_desc.o
    0x0803a22e   0x0803a22e   0x00000005   Data   RO         1067    .rodata.str1.1      tasks.o
    0x0803a233   0x0803a233   0x0000000d   Data   RO         1085    .rodata.str1.1      timers.o
    0x0803a240   0x0803a240   0x00000020   Data   RO         1609    Region$$Table       anon$$obj.o


    Execution Region RW_IRAM1 (Exec base: 0x20000000, Load base: 0x0803a260, Size: 0x00000000, Max: 0x00020000, ABSOLUTE)

    **** No section assigned to this execution region ****


    Execution Region RW_IRAM2 (Exec base: 0x24000000, Load base: 0x0803a260, Size: 0x0000ad78, Max: 0x00050000, ABSOLUTE)

    Exec Addr    Load Addr    Size         Type   Attr      Idx    E Section Name        Object

    0x24000000   0x0803a260   0x00000004   Data   RW         1571    .data               mc_w.l(errno.o)
    0x24000004   0x0803a264   0x00000001   Data   RW         1161    .data.CDCCmdEpAdd   usbd_cdc.o
    0x24000005   0x0803a265   0x00000001   Data   RW         1159    .data.CDCInEpAdd    usbd_cdc.o
    0x24000006   0x0803a266   0x00000001   Data   RW         1160    .data.CDCOutEpAdd   usbd_cdc.o
    0x24000007   0x0803a267   0x00000001   PAD
    0x24000008   0x0803a268   0x00000020   Data   RW          161    .data.HS_Desc       usbd_desc.o
    0x24000028   0x0803a288   0x00000004   Data   RW          268    .data.MIN_HEAT      shoot_task.o
    0x2400002c   0x0803a28c   0x00000004   Data   RW          802    .data.SystemCoreClock  system_stm32h7xx.o
    0x24000030   0x0803a290   0x00000004   Data   RW          803    .data.SystemD2Clock  system_stm32h7xx.o
    0x24000034   0x0803a294   0x00000038   Data   RW         1157    .data.USBD_CDC      usbd_cdc.o
    0x2400006c   0x0803a2cc   0x00000043   Data   RW         1162    .data.USBD_CDC_CfgDesc  usbd_cdc.o
    0x240000af   0x0803a30f   0x00000001   PAD
    0x240000b0   0x0803a310   0x0000000a   Data   RW         1158    .data.USBD_CDC_DeviceQualifierDesc  usbd_cdc.o
    0x240000ba   0x0803a31a   0x00000002   PAD
    0x240000bc   0x0803a31c   0x0000000c   Data   RW          163    .data.USBD_HS_BOSDesc  usbd_desc.o
    0x240000c8   0x0803a328   0x00000012   Data   RW          162    .data.USBD_HS_DeviceDesc  usbd_desc.o
    0x240000da   0x0803a33a   0x00000002   PAD
    0x240000dc   0x0803a33c   0x00000014   Data   RW          175    .data.USBD_Interface_fops_HS  usbd_cdc_if.o
    0x240000f0   0x0803a350   0x00000004   Data   RW          164    .data.USBD_LangIDDesc  usbd_desc.o
    0x240000f4   0x0803a354   0x0000001a   Data   RW          165    .data.USBD_StringSerial  usbd_desc.o
    0x2400010e   0x0803a36e   0x00000001   Data   RW          194    .data.debug_wave    debug_task.o
    0x2400010f   0x0803a36f   0x00000001   PAD
    0x24000110   0x0803a370   0x00000010   Data   RW          232    .data.gimbal_scale  gimbal_task.o
    0x24000120   0x0803a380   0x00000002   Data   RW          288    .data.microcurrent_pre_fabricated_firing_position.microcurrent_cnt  shoot_task.o
    0x24000122   0x0803a382   0x00000002   Data   RW          289    .data.microcurrent_pre_fabricated_firing_position.microcurrent_wait_cnt  shoot_task.o
    0x24000124   0x0803a384   0x00000004   Data   RW          282    .data.motor_type    shoot_task.o
    0x24000128   0x0803a388   0x00000008   Data   RW          342    .data.object_list   drv_dji_motor.o
    0x24000130   0x0803a390   0x00000008   Data   RW          359    .data.object_list   drv_dm_motor.o
    0x24000138   0x0803a398   0x00000001   Data   RW          284    .data.shoot_enable  shoot_task.o
    0x24000139   0x0803a399   0x00000001   Data   RW          920    .data.uwTickFreq    stm32h7xx_hal.o
    0x2400013a   0x0803a39a   0x00000002   PAD
    0x2400013c   0x0803a39c   0x00000004   Data   RW          919    .data.uwTickPrio    stm32h7xx_hal.o
    0x24000140   0x0803a3a0   0x00000004   Data   RW         1127    .data.uxCriticalNesting  port.o
    0x24000144   0x0803a3a4   0x00000004   PAD
    0x24000148        -       0x00000004   Zero   RW           42    .bss.ChassisTaskHandle  freertos.o
    0x2400014c        -       0x00000004   Zero   RW           38    .bss.CommTaskHandle  freertos.o
    0x24000150        -       0x00000004   Zero   RW           45    .bss.DebugTaskHandle  freertos.o
    0x24000154        -       0x00000004   Zero   RW           66    .bss.HAL_RCC_FDCAN_CLK_ENABLED  fdcan.o
    0x24000158        -       0x00000004   Zero   RW          279    .bss.K_c            shoot_task.o
    0x2400015c        -       0x00000004   Zero   RW           40    .bss.ModeSwitchTaskHandle  freertos.o
    0x24000160        -       0x00000001   Zero   RW          372    .bss.OFFSET_ECD_FLAG  bsp_lk_motor_mg4005.o
    0x24000161   0x0803a3a4   0x00000003   PAD
    0x24000164        -       0x00000004   Zero   RW           34    .bss.StartTaskHandle  freertos.o
    0x24000168        -       0x00000004   Zero   RW           36    .bss.StatusTaskHandle  freertos.o
    0x2400016c        -       0x00000001   Zero   RW         1142    .bss.USBD_SetConfig.cfgidx  usbd_ctlreq.o
    0x2400016d   0x0803a3a4   0x00000003   PAD
    0x24000170        -       0x00000200   Zero   RW          167    .bss.USBD_StrDesc   usbd_desc.o
    0x24000370        -       0x00000220   Zero   RW          186    .bss.USBD_static_malloc.mem  usbd_conf.o
    0x24000590        -       0x00000800   Zero   RW          176    .bss.UserRxBufferHS  usbd_cdc_if.o
    0x24000d90        -       0x00000800   Zero   RW          177    .bss.UserTxBufferHS  usbd_cdc_if.o
    0x24001590        -       0x00000004   Zero   RW          285    .bss.back_cnt       shoot_task.o
    0x24001594        -       0x00000001   Zero   RW          286    .bss.back_flag      shoot_task.o
    0x24001595   0x0803a3a4   0x00000003   PAD
    0x24001598        -       0x00000038   Zero   RW          329    .bss.board_comm     board_comm.o
    0x240015d0        -       0x00000004   Zero   RW          330    .bss.board_comm_send_data.cnt  board_comm.o
    0x240015d4        -       0x00000001   Zero   RW          331    .bss.board_comm_send_data.id  board_comm.o
    0x240015d5        -       0x00000008   Zero   RW          332    .bss.board_comm_tx_buff  board_comm.o
    0x240015dd   0x0803a3a4   0x00000001   PAD
    0x240015de        -       0x00000006   Zero   RW          426    .bss.buff           prot_judge.o
    0x240015e4        -       0x00000024   Zero   RW          250    .bss.chassis        chassis_task.o
    0x24001608        -       0x00000028   Zero   RW          406    .bss.chassis_imu    prot_imu.o
    0x24001630        -       0x00000004   Zero   RW          204    .bss.comm_task.vision_cnt  comm_task.o
    0x24001634        -       0x00000001   Zero   RW          214    .bss.ctrl_mode      mode_switch_task.o
    0x24001635        -       0x00000003   Zero   RW          422    .bss.dart_info      prot_judge.o
    0x24001638        -       0x00000046   Zero   RW          779    .bss.data_scope     data_log.o
    0x2400167e        -       0x0000000a   Zero   RW          319    .bss.debug_dma_rx_buf  usart_comm.o
    0x24001688        -       0x00000008   Zero   RW          361    .bss.dm_motor_output_single_data.buf  drv_dm_motor.o
    0x24001690        -       0x00000012   Zero   RW          321    .bss.dr16_dma_rx_buf  usart_comm.o
    0x240016a2   0x0803a3a4   0x00000002   PAD
    0x240016a4        -       0x00000098   Zero   RW          348    .bss.driver_motor   drv_dji_motor.o
    0x2400173c        -       0x00000004   Zero   RW          287    .bss.err_cnt        shoot_task.o
    0x24001740        -       0x00000004   Zero   RW          419    .bss.event_data     prot_judge.o
    0x24001744        -       0x00000004   Zero   RW          420    .bss.ext_supply_projectile_action  prot_judge.o
    0x24001748        -       0x00000004   Zero   RW          280    .bss.feed_torque    shoot_task.o
    0x2400174c        -       0x00000004   Zero   RW          456    .bss.fire_Cnt       prot_vision.o
    0x24001750        -       0x00000005   Zero   RW          415    .bss.frame_header   prot_judge.o
    0x24001755   0x0803a3a4   0x00000001   PAD
    0x24001756        -       0x00000002   Zero   RW          281    .bss.frequency_cnt  shoot_task.o
    0x24001758        -       0x00000098   Zero   RW          347    .bss.fric_motor     drv_dji_motor.o
    0x240017f0        -       0x00000001   Zero   RW          417    .bss.game_result    prot_judge.o
    0x240017f1   0x0803a3a4   0x00000001   PAD
    0x240017f2        -       0x00000024   Zero   RW          418    .bss.game_robot_HP  prot_judge.o
    0x24001816        -       0x0000000b   Zero   RW          416    .bss.game_status    prot_judge.o
    0x24001821   0x0803a3a4   0x00000003   PAD
    0x24001824        -       0x0000020c   Zero   RW          234    .bss.gimbal         gimbal_task.o
    0x24001a30        -       0x00000028   Zero   RW          405    .bss.gimbal_imu     prot_imu.o
    0x24001a58        -       0x00000004   Zero   RW          233    .bss.gimbal_task.yaw_err_up  gimbal_task.o
    0x24001a5c        -       0x000002dc   Zero   RW          153    .bss.hUsbDeviceHS   usb_device.o
    0x24001d38        -       0x00000078   Zero   RW           91    .bss.hdma_spi1_tx   spi.o
    0x24001db0        -       0x00000078   Zero   RW          122    .bss.hdma_usart10_rx  usart.o
    0x24001e28        -       0x00000078   Zero   RW          123    .bss.hdma_usart10_tx  usart.o
    0x24001ea0        -       0x00000078   Zero   RW          114    .bss.hdma_usart1_rx  usart.o
    0x24001f18        -       0x00000078   Zero   RW          115    .bss.hdma_usart1_tx  usart.o
    0x24001f90        -       0x00000078   Zero   RW          116    .bss.hdma_usart2_rx  usart.o
    0x24002008        -       0x00000078   Zero   RW          117    .bss.hdma_usart2_tx  usart.o
    0x24002080        -       0x00000078   Zero   RW          118    .bss.hdma_usart3_rx  usart.o
    0x240020f8        -       0x00000078   Zero   RW          119    .bss.hdma_usart3_tx  usart.o
    0x24002170        -       0x00000078   Zero   RW          121    .bss.hdma_usart6_rx  usart.o
    0x240021e8        -       0x00000078   Zero   RW          120    .bss.hdma_usart6_tx  usart.o
    0x24002260        -       0x000000a0   Zero   RW           63    .bss.hfdcan1        fdcan.o
    0x24002300        -       0x000000a0   Zero   RW           64    .bss.hfdcan2        fdcan.o
    0x240023a0        -       0x000000a0   Zero   RW           65    .bss.hfdcan3        fdcan.o
    0x24002440        -       0x00000010   Zero   RW           74    .bss.hiwdg1         iwdg.o
    0x24002450        -       0x000004e4   Zero   RW          185    .bss.hpcd_USB_OTG_HS  usbd_conf.o
    0x24002934        -       0x00000014   Zero   RW           82    .bss.hrng           rng.o
    0x24002948        -       0x00000088   Zero   RW           90    .bss.hspi1          spi.o
    0x240029d0        -       0x0000004c   Zero   RW          145    .bss.htim1          stm32h7xx_hal_timebase_tim.o
    0x24002a1c        -       0x0000004c   Zero   RW           99    .bss.htim2          tim.o
    0x24002a68        -       0x0000004c   Zero   RW          100    .bss.htim3          tim.o
    0x24002ab4        -       0x00000094   Zero   RW          109    .bss.huart1         usart.o
    0x24002b48        -       0x00000094   Zero   RW          113    .bss.huart10        usart.o
    0x24002bdc        -       0x00000094   Zero   RW          110    .bss.huart2         usart.o
    0x24002c70        -       0x00000094   Zero   RW          111    .bss.huart3         usart.o
    0x24002d04        -       0x00000094   Zero   RW          112    .bss.huart6         usart.o
    0x24002d98        -       0x00000094   Zero   RW          108    .bss.huart9         usart.o
    0x24002e2c        -       0x00000001   Zero   RW          427    .bss.hurt_data      prot_judge.o
    0x24002e2d        -       0x00000096   Zero   RW          320    .bss.judge_data_rx_buf  usart_comm.o
    0x24002ec3   0x0803a3a4   0x00000001   PAD
    0x24002ec4        -       0x00000004   Zero   RW          435    .bss.judge_huart    prot_judge.o
    0x24002ec8        -       0x00000004   Zero   RW          458    .bss.kanan          prot_vision.o
    0x24002ecc        -       0x00000034   Zero   RW          393    .bss.kb_status      prot_dr16.o
    0x24002f00        -       0x0000000d   Zero   RW          394    .bss.key_scan.key_press_enable  prot_dr16.o
    0x24002f0d   0x0803a3a4   0x00000003   PAD
    0x24002f10        -       0x00000004   Zero   RW          239    .bss.last_pit_ref   gimbal_task.o
    0x24002f14        -       0x00000004   Zero   RW          237    .bss.last_yaw_ref   gimbal_task.o
    0x24002f18        -       0x00000001   Zero   RW          212    .bss.lock_flag      mode_switch_task.o
    0x24002f19   0x0803a3a4   0x00000003   PAD
    0x24002f1c        -       0x00000004   Zero   RW          775    .bss.log_huart      data_log.o
    0x24002f20        -       0x00000080   Zero   RW          778    .bss.log_str        data_log.o
    0x24002fa0        -       0x0000000c   Zero   RW          432    .bss.map_command    prot_judge.o
    0x24002fac        -       0x0000000a   Zero   RW          434    .bss.map_robot_data  prot_judge.o
    0x24002fb6   0x0803a3a4   0x00000002   PAD
    0x24002fb8        -       0x00000004   Zero   RW          276    .bss.micro_t        shoot_task.o
    0x24002fbc        -       0x00000001   Zero   RW          275    .bss.microcurrent_flag  shoot_task.o
    0x24002fbd   0x0803a3a4   0x00000003   PAD
    0x24002fc0        -       0x00000090   Zero   RW          346    .bss.motor_msg      drv_dji_motor.o
    0x24003050        -       0x0000000c   Zero   RW          344    .bss.motor_send_flag  drv_dji_motor.o
    0x2400305c        -       0x00000001   Zero   RW          414    .bss.online         prot_judge.o
    0x2400305d   0x0803a3a4   0x00000003   PAD
    0x24003060        -       0x0000004c   Zero   RW          364    .bss.pit_motor      drv_dm_motor.o
    0x240030ac        -       0x00000034   Zero   RW          444    .bss.power_control  prot_power.o
    0x240030e0        -       0x00000010   Zero   RW          424    .bss.power_heat_data  prot_judge.o
    0x240030f0        -       0x00000004   Zero   RW          358    .bss.ppoo           drv_dm_motor.o
    0x240030f4        -       0x00000002   Zero   RW          291    .bss.pre_fabricated_trigger_position.init_cnt  shoot_task.o
    0x240030f6        -       0x00000001   Zero   RW          290    .bss.pre_fabricated_trigger_position.recover_flag  shoot_task.o
    0x240030f7   0x0803a3a4   0x00000001   PAD
    0x240030f8        -       0x00000006   Zero   RW          429    .bss.projectile_allowance  prot_judge.o
    0x240030fe        -       0x00000078   Zero   RW         1093    .bss.prvCheckForValidListAndQueue.ucStaticTimerQueueStorage  timers.o
    0x24003176   0x0803a3a4   0x00000002   PAD
    0x24003178        -       0x00000048   Zero   RW         1092    .bss.prvCheckForValidListAndQueue.xStaticTimerQueue  timers.o
    0x240031c0        -       0x00000004   Zero   RW         1089    .bss.prvSampleTimeNow.xLastTime  timers.o
    0x240031c4        -       0x00000010   Zero   RW          794    .bss.prv_us_time    us_time.o
    0x240031d4        -       0x00000004   Zero   RW         1055    .bss.pxCurrentTCB   tasks.o
    0x240031d8        -       0x00000004   Zero   RW         1087    .bss.pxCurrentTimerList  timers.o
    0x240031dc        -       0x00000004   Zero   RW         1072    .bss.pxDelayedTaskList  tasks.o
    0x240031e0        -       0x00000004   Zero   RW         1110    .bss.pxEnd          heap_4.o
    0x240031e4        -       0x00000004   Zero   RW         1073    .bss.pxOverflowDelayedTaskList  tasks.o
    0x240031e8        -       0x00000004   Zero   RW         1088    .bss.pxOverflowTimerList  timers.o
    0x240031ec        -       0x0000008c   Zero   RW         1056    .bss.pxReadyTasksLists  tasks.o
    0x24003278        -       0x00000030   Zero   RW          397    .bss.rc             prot_dr16.o
    0x240032a8        -       0x00000001   Zero   RW          395    .bss.rc_fsm_init.last_trig_flag  prot_dr16.o
    0x240032a9        -       0x00000001   Zero   RW          396    .bss.rc_fsm_init.state  prot_dr16.o
    0x240032aa        -       0x00000003   Zero   RW          421    .bss.referee_warning  prot_judge.o
    0x240032ad   0x0803a3a4   0x00000001   PAD
    0x240032ae        -       0x0000000c   Zero   RW          433    .bss.remote_control  prot_judge.o
    0x240032ba   0x0803a3a4   0x00000002   PAD
    0x240032bc        -       0x00000004   Zero   RW          430    .bss.rfid_status    prot_judge.o
    0x240032c0        -       0x000000c4   Zero   RW          385    .bss.rgb            drv_ws2812b.o
    0x24003384        -       0x00000077   Zero   RW          431    .bss.robot_interaction_data  prot_judge.o
    0x240033fb   0x0803a3a4   0x00000001   PAD
    0x240033fc        -       0x0000000c   Zero   RW          425    .bss.robot_pos      prot_judge.o
    0x24003408        -       0x0000000d   Zero   RW          423    .bss.robot_status   prot_judge.o
    0x24003415        -       0x00000040   Zero   RW          309    .bss.rx_fifo0_data  can_comm.o
    0x24003455   0x0803a3a4   0x00000003   PAD
    0x24003458        -       0x00000028   Zero   RW          308    .bss.rx_fifo0_message  can_comm.o
    0x24003480        -       0x00000040   Zero   RW          311    .bss.rx_fifo1_data  can_comm.o
    0x240034c0        -       0x00000028   Zero   RW          310    .bss.rx_fifo1_message  can_comm.o
    0x240034e8        -       0x00000170   Zero   RW          277    .bss.shoot          shoot_task.o
    0x24003658        -       0x00000004   Zero   RW          454    .bss.shoot_Cnt      prot_vision.o
    0x2400365c        -       0x00000007   Zero   RW          428    .bss.shoot_data     prot_judge.o
    0x24003663   0x0803a3a4   0x00000001   PAD
    0x24003664        -       0x00000004   Zero   RW          236    .bss.slope_feed     gimbal_task.o
    0x24003668        -       0x00000004   Zero   RW          238    .bss.slope_feed_pit  gimbal_task.o
    0x2400366c        -       0x00000004   Zero   RW          223    .bss.status         status_task.o
    0x24003670        -       0x00000014   Zero   RW          443    .bss.supercap       prot_power.o
    0x24003684        -       0x00000004   Zero   RW          273    .bss.total_motor_revolutions  shoot_task.o
    0x24003688        -       0x00000004   Zero   RW          283    .bss.trigger_ecd_error  shoot_task.o
    0x2400368c        -       0x0000004c   Zero   RW          345    .bss.trigger_motor  drv_dji_motor.o
    0x240036d8        -       0x0000006c   Zero   RW          374    .bss.trigger_motor_MG4005  bsp_lk_motor_mg4005.o
    0x24003744        -       0x00000024   Zero   RW          307    .bss.tx_message     can_comm.o
    0x24003768        -       0x00003c00   Zero   RW         1117    .bss.ucHeap         heap_4.o
    0x24007368        -       0x00000001   Zero   RW         1125    .bss.ucMaxSysCallPriority  port.o
    0x24007369   0x0803a3a4   0x00000003   PAD
    0x2400736c        -       0x00000004   Zero   RW         1126    .bss.ulMaxPRIGROUPValue  port.o
    0x24007370        -       0x00000004   Zero   RW          921    .bss.uwTick         stm32h7xx_hal.o
    0x24007374        -       0x00000004   Zero   RW         1061    .bss.uxCurrentNumberOfTasks  tasks.o
    0x24007378        -       0x00000004   Zero   RW         1060    .bss.uxDeletedTasksWaitingCleanUp  tasks.o
    0x2400737c        -       0x00000004   Zero   RW         1063    .bss.uxSchedulerSuspended  tasks.o
    0x24007380        -       0x00000004   Zero   RW         1058    .bss.uxTaskNumber   tasks.o
    0x24007384        -       0x00000004   Zero   RW         1057    .bss.uxTopReadyPriority  tasks.o
    0x24007388        -       0x00000004   Zero   RW          278    .bss.velocity_err   shoot_task.o
    0x2400738c        -       0x00000002   Zero   RW          455    .bss.vis_e          prot_vision.o
    0x2400738e   0x0803a3a4   0x00000002   PAD
    0x24007390        -       0x00000080   Zero   RW          453    .bss.vision         prot_vision.o
    0x24007410        -       0x00000001   Zero   RW          452    .bss.vision_get_data.last_aim_status  prot_vision.o
    0x24007411        -       0x00000028   Zero   RW          459    .bss.vision_send_buf  prot_vision.o
    0x24007439        -       0x0000001d   Zero   RW          457    .bss.vision_tx_msg  prot_vision.o
    0x24007456   0x0803a3a4   0x00000002   PAD
    0x24007458        -       0x00000118   Zero   RW          728    .bss.wlr            wlr.o
    0x24007570        -       0x00000014   Zero   RW         1090    .bss.xActiveTimerList1  timers.o
    0x24007584        -       0x00000014   Zero   RW         1091    .bss.xActiveTimerList2  timers.o
    0x24007598        -       0x00000004   Zero   RW         1111    .bss.xBlockAllocatedBit  heap_4.o
    0x2400759c        -       0x00000014   Zero   RW         1075    .bss.xDelayedTaskList1  tasks.o
    0x240075b0        -       0x00000014   Zero   RW         1076    .bss.xDelayedTaskList2  tasks.o
    0x240075c4        -       0x00000004   Zero   RW         1112    .bss.xFreeBytesRemaining  heap_4.o
    0x240075c8        -       0x00000200   Zero   RW           29    .bss.xIdleStack     freertos.o
    0x240077c8        -       0x00000004   Zero   RW         1068    .bss.xIdleTaskHandle  tasks.o
    0x240077cc        -       0x00000054   Zero   RW           28    .bss.xIdleTaskTCBBuffer  freertos.o
    0x24007820        -       0x00000004   Zero   RW         1114    .bss.xMinimumEverFreeBytesRemaining  heap_4.o
    0x24007824        -       0x00000004   Zero   RW         1069    .bss.xNextTaskUnblockTime  tasks.o
    0x24007828        -       0x00000004   Zero   RW         1074    .bss.xNumOfOverflows  tasks.o
    0x2400782c        -       0x00000004   Zero   RW         1115    .bss.xNumberOfSuccessfulAllocations  heap_4.o
    0x24007830        -       0x00000004   Zero   RW         1116    .bss.xNumberOfSuccessfulFrees  heap_4.o
    0x24007834        -       0x00000004   Zero   RW         1071    .bss.xPendedTicks   tasks.o
    0x24007838        -       0x00000014   Zero   RW         1066    .bss.xPendingReadyList  tasks.o
    0x2400784c        -       0x00000040   Zero   RW         1040    .bss.xQueueRegistry  queue.o
    0x2400788c        -       0x00000004   Zero   RW         1062    .bss.xSchedulerRunning  tasks.o
    0x24007890        -       0x00000008   Zero   RW         1113    .bss.xStart         heap_4.o
    0x24007898        -       0x00000014   Zero   RW         1065    .bss.xSuspendedTaskList  tasks.o
    0x240078ac        -       0x00000014   Zero   RW         1059    .bss.xTasksWaitingTermination  tasks.o
    0x240078c0        -       0x00000004   Zero   RW         1064    .bss.xTickCount     tasks.o
    0x240078c4        -       0x00000004   Zero   RW         1084    .bss.xTimerQueue    timers.o
    0x240078c8        -       0x00000400   Zero   RW           31    .bss.xTimerStack    freertos.o
    0x24007cc8        -       0x00000004   Zero   RW         1086    .bss.xTimerTaskHandle  timers.o
    0x24007ccc        -       0x00000054   Zero   RW           30    .bss.xTimerTaskTCBBuffer  freertos.o
    0x24007d20        -       0x00000004   Zero   RW         1070    .bss.xYieldPending  tasks.o
    0x24007d24        -       0x00000004   Zero   RW          235    .bss.yaw_err        gimbal_task.o
    0x24007d28        -       0x0000004c   Zero   RW          349    .bss.yaw_motor      drv_dji_motor.o
    0x24007d74   0x0803a3a4   0x00000004   PAD
    0x24007d78        -       0x00003000   Zero   RW            1    STACK               startup_stm32h723xx.o


==============================================================================

Image component sizes


      Code (inc. data)   RO Data    RW Data    ZI Data      Debug   Object Name

       868         16          0          0         69       3406   board_comm.o
       968         92          0          0        109       7559   bsp_lk_motor_mg4005.o
       948          4          0          0        244       5864   can_comm.o
         0          0          0          0         36       7747   chassis_task.o
      4312          0          0          0          0      15647   cmsis_os.o
       236          0          0          0          4        876   comm_task.o
       698          0       1280          0          0       2348   crc.o
       618          0          0          0        202       6005   data_log.o
       274          0          0          1          0       1012   debug_task.o
       270          0          0          0          0       5283   dma.o
      1836         12         48          8        612       4367   drv_dji_motor.o
      2284         60          0          8         88       4725   drv_dm_motor.o
       900         10          2          0        196       1944   drv_ws2812b.o
      1132          0          0          0        484      10199   fdcan.o
       556          0        272          0       1728       3678   freertos.o
      2260        108          0         16        548       4073   gimbal_task.o
       414          0          0          0          0       3070   gpio.o
      1342          0          0          0      15392       4249   heap_4.o
         0          0          0          0         16       1143   iwdg.o
       312          0          0          0          0       2116   list.o
       636          0          0          0          0       9559   main.o
      1612         12          0          0          0       3262   math_lib.o
       438          0          0          0          2       2885   mode_switch_task.o
      1174          0          0          0          0       2396   pid.o
      1220         24          0          4          5       3551   port.o
      1786         14          0          0        115       4168   prot_dr16.o
       264         20          0          0         80       1324   prot_imu.o
      1034          0          0          0        290      10296   prot_judge.o
      1782         72          0          0         72       3270   prot_power.o
      2270         36          0          0        212       3895   prot_vision.o
      5164          0          0          0         64      14502   queue.o
       180          0          0          0         20       4870   rng.o
      4084         84          0         13        407       5752   shoot_task.o
       518          0          0          0        256       9761   spi.o
        36          8        716          0      12288        848   startup_stm32h723xx.o
      1318          0          0          0          4       2586   status_task.o
      2360          0          0          5          4      13461   stm32h7xx_hal.o
      1564          0          0          0          0      10825   stm32h7xx_hal_cortex.o
     20684         22          8          0          0      12139   stm32h7xx_hal_dma.o
     14806          0         92          0          0      31567   stm32h7xx_hal_fdcan.o
      1786          0          0          0          0       6824   stm32h7xx_hal_gpio.o
       188          0          0          0          0       1619   stm32h7xx_hal_iwdg.o
        50          0          0          0          0       5261   stm32h7xx_hal_msp.o
      5914          0          0          0          0      13595   stm32h7xx_hal_pcd.o
       668          0          0          0          0       5323   stm32h7xx_hal_pcd_ex.o
       746          0          0          0          0       4599   stm32h7xx_hal_pwr.o
      2450          0          0          0          0       8492   stm32h7xx_hal_pwr_ex.o
      6426         70          0          0          0      11104   stm32h7xx_hal_rcc.o
     11850        118          0          0          0      18047   stm32h7xx_hal_rcc_ex.o
      1564          0          0          0          0       4102   stm32h7xx_hal_rng.o
     12086          0          0          0          0      19765   stm32h7xx_hal_spi.o
     30102        248          0          0          0      35109   stm32h7xx_hal_tim.o
     11502         22          0          0          0      17156   stm32h7xx_hal_tim_ex.o
       244          0          0          0         76       9481   stm32h7xx_hal_timebase_tim.o
     17230        342         24          0          0      27975   stm32h7xx_hal_uart.o
      2404          0         16          0          0       8535   stm32h7xx_hal_uart_ex.o
       536          0          0          0          0       2578   stm32h7xx_it.o
      9292         12          0          0          0      18909   stm32h7xx_ll_usb.o
      1024         62         16          8          0       5123   system_stm32h7xx.o
      8874         12          5          0        300      19966   tasks.o
       660          0          0          0        152      10724   tim.o
      2590         10         13          0        252       9898   timers.o
       580         12          0          0         16       2040   us_time.o
      3154          0          0          0       2088      13761   usart.o
       292          0          0          0        178       4391   usart_comm.o
       122          0          0          0        732       3147   usb_device.o
      2542         12          0        136          0      10757   usbd_cdc.o
       328         36          0         20       4096       2496   usbd_cdc_if.o
      1744          4          0          0       1796      17665   usbd_conf.o
      2334          0          0          0          0       8509   usbd_core.o
      3514         46          0          0          1       8330   usbd_ctlreq.o
       626          0         66         92        512       3291   usbd_desc.o
       280          0          0          0          0       4073   usbd_ioreq.o
         0          0          0          0        280       9808   wlr.o

    ----------------------------------------------------------------------
    227102       1624       2592        320      44084     598681   Object Totals
         0          0         32          0          0          0   (incl. Generated)
       242         24          2          9         58          0   (incl. Padding)

    ----------------------------------------------------------------------

      Code (inc. data)   RO Data    RW Data    ZI Data      Debug   Library Member Name

         0          0       2052          0          0       4961   arm_common_tables.o
       144         12          0          0          0       1111   arm_cos_f32.o
       352         56          0          0          0        172   atanf.o
        38          0          0          0          0        116   fpclassifyf.o
        80         24          0          0          0        696   funder.o
      1636        110        320          0          0        372   powf.o
        58          0          0          0          0        136   sqrtf.o
         0          0          0          0          0          0   entry.o
         0          0          0          0          0          0   entry10a.o
         0          0          0          0          0          0   entry11a.o
         8          4          0          0          0          0   entry2.o
         4          0          0          0          0          0   entry5.o
         0          0          0          0          0          0   entry7b.o
         0          0          0          0          0          0   entry8b.o
         8          4          0          0          0          0   entry9a.o
        12          6          0          4          0         68   errno.o
        30          0          0          0          0          0   handlers.o
        48         10          0          0          0         68   init.o
         0          0          0          0          0          0   iusefp.o
        30          0          0          0          0         68   llshl.o
        36          0          0          0          0         68   llsshr.o
        32          0          0          0          0         68   llushr.o
        36          0          0          0          0         68   memcpya.o
        36          0          0          0          0        108   memseta.o
      2300         86          0          0          0        516   printfa.o
        44          0          0          0          0         80   uidiv.o
        98          0          0          0          0         92   uldiv.o
        48          0          0          0          0         68   cdrcmple.o
       334          0          0          0          0        148   dadd.o
       222          0          0          0          0        100   ddiv.o
       186          0          0          0          0        176   depilogue.o
        48          0          0          0          0         68   dfixul.o
       228          0          0          0          0         96   dmul.o
         4          0          0          0          0         68   fpstat.o

    ----------------------------------------------------------------------
      6110        312       2372          4          0       9492   Library Totals
        10          0          0          0          0          0   (incl. Padding)

    ----------------------------------------------------------------------

      Code (inc. data)   RO Data    RW Data    ZI Data      Debug   Library Name

       144         12       2052          0          0       6072   arm_cortexM7lfdp_math.lib
      2164        190        320          0          0       1492   m_wv.l
      2722        110          0          4          0       1204   mc_w.l
      1070          0          0          0          0        724   mf_w.l

    ----------------------------------------------------------------------
      6110        312       2372          4          0       9492   Library Totals

    ----------------------------------------------------------------------

==============================================================================


      Code (inc. data)   RO Data    RW Data    ZI Data      Debug   

    233212       1936       4964        324      44084     605109   Grand Totals
    233212       1936       4964        324      44084     605109   ELF Image Totals
    233212       1936       4964        324          0          0   ROM Totals

==============================================================================

    Total RO  Size (Code + RO Data)               238176 ( 232.59kB)
    Total RW  Size (RW Data + ZI Data)             44408 (  43.37kB)
    Total ROM Size (Code + RO Data + RW Data)     238500 ( 232.91kB)

==============================================================================

