<html>
<body>
<pre>
<h1>µVision Build Log</h1>
<h2>Tool Versions:</h2>
IDE-Version: ¦ÌVision V5.34.0.0
Copyright (C) 2021 ARM Ltd and ARM Germany GmbH. All rights reserved.
License Information: 11 11, 111, LIC=IK1BF-6LPN2-LQ60Q-NAS2A-M43UR-C0SX5
 
Tool Versions:
Toolchain:       MDK-ARM Plus  Version: 5.34.0.0
Toolchain Path:  D:\Keil_v5\ARM\ARMCLANG\Bin
C Compiler:      ArmClang.exe V6.16
Assembler:       Armasm.exe V6.16
Linker/Locator:  ArmLink.exe V6.16
Library Manager: ArmAr.exe V6.16
Hex Converter:   FromElf.exe V6.16
CPU DLL:         SARMCM3.DLL V5.34.0.0
Dialog DLL:      DCM.DLL V1.17.3.0
Target DLL:      CMSIS_AGDI.dll V1.32.13.0
Dialog DLL:      TCM.DLL V1.48.0.0
 
<h2>Project:</h2>
D:\Github\wheel_leg_2026\wheel_leg_2025--4\rm_main_gimbal\MDK-ARM\rm_main.uvprojx
Project File Date:  09/08/2025

<h2>Output:</h2>
*** Using Compiler 'V6.16', folder: 'D:\Keil_v5\ARM\ARMCLANG\Bin'
Rebuild target 'rm_main'
assembling startup_stm32h723xx.s...
compiling iwdg.c...
compiling dma.c...
compiling rng.c...
compiling spi.c...
compiling tim.c...
compiling fdcan.c...
compiling stm32h7xx_hal_msp.c...
compiling gpio.c...
compiling stm32h7xx_it.c...
compiling main.c...
compiling stm32h7xx_hal_timebase_tim.c...
compiling usart.c...
compiling freertos.c...
compiling usb_device.c...
compiling usbd_desc.c...
compiling comm_task.c...
compiling usbd_conf.c...
compiling shoot_task.c...
compiling usbd_cdc_if.c...
compiling mode_switch_task.c...
compiling debug_task.c...
compiling usart_comm.c...
compiling board_comm.c...
compiling ui_task.c...
compiling drv_ws2812b.c...
compiling can_comm.c...
compiling status_task.c...
compiling chassis_task.c...
compiling gimbal_task.c...
compiling drv_dm_motor.c...
compiling prot_imu.c...
compiling pid.c...
compiling filter.c...
compiling crc.c...
compiling drv_dji_motor.c...
compiling prot_power.c...
compiling math_lib.c...
compiling OSQP_C.c...
compiling KNN.c...
compiling kalman_filter.c...
compiling prot_dr16.c...
compiling prot_vision.c...
compiling prot_judge.c...
compiling math_matrix.c...
compiling SMC.c...
compiling ui_interface.c...
compiling ui_default_group2_0.c...
compiling ui_default_group2_4.c...
compiling ui_default_group2_2.c...
compiling leg_vmc.c...
compiling ui_default_group1_0.c...
compiling wheel_leg_model.c...
compiling ui_default_group2_3.c...
compiling ui_default_group2_1.c...
compiling ui_default_group5_1.c...
compiling ui_default_group4_0.c...
compiling ui_default_group3_0.c...
compiling ui_default_group5_0.c...
compiling wlr.c...
compiling data_buffer.c...
compiling system_stm32h7xx.c...
compiling us_time.c...
compiling data_fifo.c...
compiling func_generator.c...
compiling stm32h7xx_hal_pcd.c...
compiling data_log.c...
compiling stm32h7xx_hal_pcd_ex.c...
compiling stm32h7xx_hal_flash.c...
compiling stm32h7xx_hal_hsem.c...
compiling stm32h7xx_hal_gpio.c...
compiling stm32h7xx_hal_flash_ex.c...
compiling stm32h7xx_hal_rcc.c...
compiling stm32h7xx_hal_rcc_ex.c...
compiling stm32h7xx_ll_usb.c...
compiling stm32h7xx_hal_dma_ex.c...
compiling stm32h7xx_hal_dma.c...
compiling stm32h7xx_hal_exti.c...
compiling stm32h7xx_hal_pwr.c...
compiling stm32h7xx_hal_pwr_ex.c...
compiling stm32h7xx_hal_cortex.c...
compiling stm32h7xx_hal_i2c_ex.c...
compiling stm32h7xx_hal_mdma.c...
compiling stm32h7xx_hal_rng_ex.c...
compiling stm32h7xx_hal_iwdg.c...
compiling stm32h7xx_hal.c...
compiling stm32h7xx_hal_rng.c...
compiling stm32h7xx_hal_spi.c...
compiling stm32h7xx_hal_fdcan.c...
compiling stm32h7xx_hal_i2c.c...
compiling stm32h7xx_hal_spi_ex.c...
compiling list.c...
compiling croutine.c...
compiling event_groups.c...
compiling timers.c...
compiling heap_4.c...
compiling port.c...
compiling stream_buffer.c...
compiling cmsis_os.c...
compiling queue.c...
compiling tasks.c...
compiling stm32h7xx_hal_uart_ex.c...
compiling stm32h7xx_hal_tim_ex.c...
compiling stm32h7xx_hal_uart.c...
compiling stm32h7xx_hal_tim.c...
compiling usbd_core.c...
compiling usbd_ctlreq.c...
compiling usbd_ioreq.c...
compiling usbd_cdc.c...
linking...
Program Size: Code=230752 RO-data=4964 RW-data=316 ZI-data=43916  
FromELF: creating hex file...
"rm_main\rm_main.axf" - 0 Error(s), 0 Warning(s).

<h2>Software Packages used:</h2>

Package Vendor: ARM
                http://www.keil.com/pack/ARM.CMSIS.5.7.0.pack
                ARM.CMSIS.5.7.0
                CMSIS (Cortex Microcontroller Software Interface Standard)
   * Component: CORE Version: 5.4.0

Package Vendor: Keil
                https://www.keil.com/pack/Keil.STM32H7xx_DFP.2.7.0.pack
                Keil.STM32H7xx_DFP.2.7.0
                STMicroelectronics STM32H7 Series Device Support and Examples

<h2>Collection of Component include folders:</h2>
  .\RTE\_rm_main
  D:\Keil_v5\Packs\ARM\CMSIS\5.7.0\CMSIS\Core\Include
  D:\Keil_v5\Packs\Keil\STM32H7xx_DFP\2.7.0\Drivers\CMSIS\Device\ST\STM32H7xx\Include

<h2>Collection of Component Files used:</h2>

   * Component: ARM::CMSIS:CORE:5.4.0
      Include file:  CMSIS\Core\Include\tz_context.h
Build Time Elapsed:  00:00:06
</pre>
</body>
</html>
