Component: ARM Compiler 6.16 Tool: armlink [5dfeaa00]

==============================================================================

Section Cross References

    startup_stm32h723xx.o(RESET) refers to startup_stm32h723xx.o(STACK) for __initial_sp
    startup_stm32h723xx.o(RESET) refers to startup_stm32h723xx.o(.text) for Reset_Handler
    startup_stm32h723xx.o(RESET) refers to stm32h7xx_it.o(.text) for NMI_Handler
    startup_stm32h723xx.o(RESET) refers to port.o(.text) for SVC_Handler
    startup_stm32h723xx.o(.text) refers to system_stm32h7xx.o(.text) for SystemInit
    startup_stm32h723xx.o(.text) refers to entry.o(.ARM.Collect$$$$00000000) for __main
    main.o(.text) refers to stm32h7xx_hal.o(.text) for HAL_Init
    main.o(.text) refers to gpio.o(.text) for MX_GPIO_Init
    main.o(.text) refers to dma.o(.text) for MX_DMA_Init
    main.o(.text) refers to usart.o(.text) for MX_USART2_UART_Init
    main.o(.text) refers to rng.o(.text) for MX_RNG_Init
    main.o(.text) refers to tim.o(.text) for MX_TIM2_Init
    main.o(.text) refers to fdcan.o(.text) for MX_FDCAN3_Init
    main.o(.text) refers to spi.o(.text) for MX_SPI1_Init
    main.o(.text) refers to us_time.o(.text) for us_timer_start
    main.o(.text) refers to usart_comm.o(.text) for usart_comm_init
    main.o(.text) refers to can_comm.o(.text) for can_comm_init
    main.o(.text) refers to freertos.o(.text) for MX_FREERTOS_Init
    main.o(.text) refers to cmsis_os.o(.text) for osKernelStart
    main.o(.text) refers to memseta.o(.text) for __aeabi_memclr4
    main.o(.text) refers to stm32h7xx_hal_pwr_ex.o(.text) for HAL_PWREx_ConfigSupply
    main.o(.text) refers to stm32h7xx_hal_rcc.o(.text) for HAL_RCC_OscConfig
    main.o(.text) refers to stm32h7xx_hal_rcc_ex.o(.text) for HAL_RCCEx_PeriphCLKConfig
    main.o(.text) refers to stm32h7xx_hal_gpio.o(.text) for HAL_GPIO_Init
    main.o(.text) refers to us_time.o(.bss.prv_us_time) for prv_us_time
    main.o(.ARM.exidx) refers to main.o(.text) for [Anonymous Symbol]
    gpio.o(.text) refers to stm32h7xx_hal_gpio.o(.text) for HAL_GPIO_WritePin
    gpio.o(.ARM.exidx) refers to gpio.o(.text) for [Anonymous Symbol]
    freertos.o(.text) refers to freertos.o(.bss.xIdleTaskTCBBuffer) for xIdleTaskTCBBuffer
    freertos.o(.text) refers to freertos.o(.bss.xIdleStack) for xIdleStack
    freertos.o(.text) refers to freertos.o(.bss.xTimerTaskTCBBuffer) for xTimerTaskTCBBuffer
    freertos.o(.text) refers to freertos.o(.bss.xTimerStack) for xTimerStack
    freertos.o(.text) refers to freertos.o(.rodata..L__const.MX_FREERTOS_Init.os_thread_def_StartTask) for .L__const.MX_FREERTOS_Init.os_thread_def_StartTask
    freertos.o(.text) refers to cmsis_os.o(.text) for osThreadCreate
    freertos.o(.text) refers to freertos.o(.bss.StartTaskHandle) for StartTaskHandle
    freertos.o(.text) refers to freertos.o(.rodata..L__const.MX_FREERTOS_Init.os_thread_def_STATUSTask) for .L__const.MX_FREERTOS_Init.os_thread_def_STATUSTask
    freertos.o(.text) refers to freertos.o(.bss.StatusTaskHandle) for StatusTaskHandle
    freertos.o(.text) refers to freertos.o(.rodata..L__const.MX_FREERTOS_Init.os_thread_def_CommTask) for .L__const.MX_FREERTOS_Init.os_thread_def_CommTask
    freertos.o(.text) refers to freertos.o(.bss.CommTaskHandle) for CommTaskHandle
    freertos.o(.text) refers to freertos.o(.rodata..L__const.MX_FREERTOS_Init.os_thread_def_ModeSwitchTask) for .L__const.MX_FREERTOS_Init.os_thread_def_ModeSwitchTask
    freertos.o(.text) refers to freertos.o(.bss.ModeSwitchTaskHandle) for ModeSwitchTaskHandle
    freertos.o(.text) refers to freertos.o(.rodata..L__const.MX_FREERTOS_Init.os_thread_def_GimbalTask) for .L__const.MX_FREERTOS_Init.os_thread_def_GimbalTask
    freertos.o(.text) refers to freertos.o(.bss.ChassisTaskHandle) for ChassisTaskHandle
    freertos.o(.text) refers to freertos.o(.rodata..L__const.MX_FREERTOS_Init.os_thread_def_ShootTask) for .L__const.MX_FREERTOS_Init.os_thread_def_ShootTask
    freertos.o(.text) refers to freertos.o(.rodata..L__const.MX_FREERTOS_Init.os_thread_def_DebugTask) for .L__const.MX_FREERTOS_Init.os_thread_def_DebugTask
    freertos.o(.text) refers to freertos.o(.bss.DebugTaskHandle) for DebugTaskHandle
    freertos.o(.text) refers to usb_device.o(.text) for MX_USB_DEVICE_Init
    freertos.o(.ARM.exidx) refers to freertos.o(.text) for [Anonymous Symbol]
    freertos.o(.rodata..L__const.MX_FREERTOS_Init.os_thread_def_StartTask) refers to freertos.o(.rodata.str1.1) for [Anonymous Symbol]
    freertos.o(.rodata..L__const.MX_FREERTOS_Init.os_thread_def_StartTask) refers to freertos.o(.text) for start_task
    freertos.o(.rodata..L__const.MX_FREERTOS_Init.os_thread_def_STATUSTask) refers to freertos.o(.rodata.str1.1) for [Anonymous Symbol]
    freertos.o(.rodata..L__const.MX_FREERTOS_Init.os_thread_def_STATUSTask) refers to status_task.o(.text) for status_task
    freertos.o(.rodata..L__const.MX_FREERTOS_Init.os_thread_def_CommTask) refers to freertos.o(.rodata.str1.1) for [Anonymous Symbol]
[...]
    HAL_UART_Transmit_IT                     0x0802b949   Thumb Code   304  stm32h7xx_hal_uart.o(.text)
    HAL_UART_Receive_IT                      0x0802bd39   Thumb Code   160  stm32h7xx_hal_uart.o(.text)
    UART_Start_Receive_IT                    0x0802bdd9   Thumb Code   546  stm32h7xx_hal_uart.o(.text)
    HAL_UART_Transmit_DMA                    0x0802c001   Thumb Code   264  stm32h7xx_hal_uart.o(.text)
    HAL_UART_Receive_DMA                     0x0802c221   Thumb Code   160  stm32h7xx_hal_uart.o(.text)
    UART_Start_Receive_DMA                   0x0802c2c1   Thumb Code   302  stm32h7xx_hal_uart.o(.text)
    HAL_UART_DMAPause                        0x0802c3f1   Thumb Code   226  stm32h7xx_hal_uart.o(.text)
    HAL_UART_DMAResume                       0x0802c4d9   Thumb Code   208  stm32h7xx_hal_uart.o(.text)
    HAL_UART_DMAStop                         0x0802c5a9   Thumb Code   288  stm32h7xx_hal_uart.o(.text)
    HAL_UART_Abort                           0x0802c7c9   Thumb Code   478  stm32h7xx_hal_uart.o(.text)
    HAL_UART_AbortTransmit                   0x0802c9a9   Thumb Code   256  stm32h7xx_hal_uart.o(.text)
    HAL_UART_AbortReceive                    0x0802caa9   Thumb Code   316  stm32h7xx_hal_uart.o(.text)
    HAL_UART_Abort_IT                        0x0802cbe9   Thumb Code   558  stm32h7xx_hal_uart.o(.text)
    HAL_UART_AbortCpltCallback               0x0802cf19   Thumb Code     8  stm32h7xx_hal_uart.o(.text)
    HAL_UART_AbortTransmit_IT                0x0802cf21   Thumb Code   270  stm32h7xx_hal_uart.o(.text)
    HAL_UART_AbortTransmitCpltCallback       0x0802d071   Thumb Code     8  stm32h7xx_hal_uart.o(.text)
    HAL_UART_AbortReceive_IT                 0x0802d079   Thumb Code   344  stm32h7xx_hal_uart.o(.text)
    HAL_UART_AbortReceiveCpltCallback        0x0802d211   Thumb Code     8  stm32h7xx_hal_uart.o(.text)
    HAL_UART_IRQHandler                      0x0802d219   Thumb Code  1736  stm32h7xx_hal_uart.o(.text)
    HAL_UART_ErrorCallback                   0x0802d909   Thumb Code     8  stm32h7xx_hal_uart.o(.text)
    HAL_UARTEx_RxEventCallback               0x0802d911   Thumb Code    12  stm32h7xx_hal_uart.o(.text)
    HAL_UART_TxCpltCallback                  0x0802d969   Thumb Code     8  stm32h7xx_hal_uart.o(.text)
    HAL_UART_TxHalfCpltCallback              0x0802d971   Thumb Code     8  stm32h7xx_hal_uart.o(.text)
    HAL_UART_RxCpltCallback                  0x0802d979   Thumb Code     8  stm32h7xx_hal_uart.o(.text)
    HAL_UART_RxHalfCpltCallback              0x0802d981   Thumb Code     8  stm32h7xx_hal_uart.o(.text)
    HAL_UART_ReceiverTimeout_Config          0x0802d989   Thumb Code    50  stm32h7xx_hal_uart.o(.text)
    HAL_UART_EnableReceiverTimeout           0x0802d9c1   Thumb Code   140  stm32h7xx_hal_uart.o(.text)
    HAL_UART_DisableReceiverTimeout          0x0802da51   Thumb Code   140  stm32h7xx_hal_uart.o(.text)
    HAL_MultiProcessor_EnableMuteMode        0x0802dae1   Thumb Code   114  stm32h7xx_hal_uart.o(.text)
    HAL_MultiProcessor_DisableMuteMode       0x0802db59   Thumb Code   114  stm32h7xx_hal_uart.o(.text)
    HAL_MultiProcessor_EnterMuteMode         0x0802dbd1   Thumb Code    20  stm32h7xx_hal_uart.o(.text)
    HAL_HalfDuplex_EnableTransmitter         0x0802dbe9   Thumb Code   158  stm32h7xx_hal_uart.o(.text)
    HAL_HalfDuplex_EnableReceiver            0x0802dc89   Thumb Code   158  stm32h7xx_hal_uart.o(.text)
    HAL_LIN_SendBreak                        0x0802dd29   Thumb Code    94  stm32h7xx_hal_uart.o(.text)
    HAL_UART_GetState                        0x0802dd89   Thumb Code    30  stm32h7xx_hal_uart.o(.text)
    HAL_UART_GetError                        0x0802dda9   Thumb Code    14  stm32h7xx_hal_uart.o(.text)
    HAL_RS485Ex_Init                         0x0802e801   Thumb Code   208  stm32h7xx_hal_uart_ex.o(.text)
    HAL_UARTEx_WakeupCallback                0x0802e8d1   Thumb Code     8  stm32h7xx_hal_uart_ex.o(.text)
    HAL_UARTEx_RxFifoFullCallback            0x0802e8d9   Thumb Code     8  stm32h7xx_hal_uart_ex.o(.text)
    HAL_UARTEx_TxFifoEmptyCallback           0x0802e8e1   Thumb Code     8  stm32h7xx_hal_uart_ex.o(.text)
    HAL_MultiProcessorEx_AddressLength_Set   0x0802e8e9   Thumb Code    94  stm32h7xx_hal_uart_ex.o(.text)
    HAL_UARTEx_StopModeWakeUpSourceConfig    0x0802e949   Thumb Code   200  stm32h7xx_hal_uart_ex.o(.text)
    HAL_UARTEx_EnableStopMode                0x0802ea51   Thumb Code   104  stm32h7xx_hal_uart_ex.o(.text)
    HAL_UARTEx_DisableStopMode               0x0802eab9   Thumb Code   104  stm32h7xx_hal_uart_ex.o(.text)
    HAL_UARTEx_EnableFifoMode                0x0802eb21   Thumb Code   134  stm32h7xx_hal_uart_ex.o(.text)
    HAL_UARTEx_DisableFifoMode               0x0802ec31   Thumb Code   124  stm32h7xx_hal_uart_ex.o(.text)
    HAL_UARTEx_SetTxFifoThreshold            0x0802ecb1   Thumb Code   140  stm32h7xx_hal_uart_ex.o(.text)
    HAL_UARTEx_SetRxFifoThreshold            0x0802ed41   Thumb Code   140  stm32h7xx_hal_uart_ex.o(.text)
    HAL_UARTEx_ReceiveToIdle                 0x0802edd1   Thumb Code   560  stm32h7xx_hal_uart_ex.o(.text)
    HAL_UARTEx_ReceiveToIdle_IT              0x0802f001   Thumb Code   168  stm32h7xx_hal_uart_ex.o(.text)
    HAL_UARTEx_ReceiveToIdle_DMA             0x0802f0a9   Thumb Code   176  stm32h7xx_hal_uart_ex.o(.text)
    HAL_UARTEx_GetRxEventType                0x0802f159   Thumb Code    12  stm32h7xx_hal_uart_ex.o(.text)
    vListInitialise                          0x0802f169   Thumb Code    46  list.o(.text)
    vListInitialiseItem                      0x0802f199   Thumb Code    14  list.o(.text)
    vListInsertEnd                           0x0802f1a9   Thumb Code    58  list.o(.text)
    vListInsert                              0x0802f1e9   Thumb Code   106  list.o(.text)
    uxListRemove                             0x0802f259   Thumb Code    72  list.o(.text)
    xQueueGenericReset                       0x0802f2a1   Thumb Code   164  queue.o(.text)
    xQueueGenericCreateStatic                0x0802f349   Thumb Code   270  queue.o(.text)
    xQueueGenericCreate                      0x0802f499   Thumb Code   116  queue.o(.text)
    xQueueCreateMutex                        0x0802f511   Thumb Code    38  queue.o(.text)
    xQueueCreateMutexStatic                  0x0802f569   Thumb Code    50  queue.o(.text)
    xQueueGenericSend                        0x0802f5a1   Thumb Code   512  queue.o(.text)
    xQueueGenericSendFromISR                 0x0802f951   Thumb Code   332  queue.o(.text)
    xQueueGiveFromISR                        0x0802faa1   Thumb Code   292  queue.o(.text)
    xQueueReceive                            0x0802fbc9   Thumb Code   454  queue.o(.text)
    xQueueSemaphoreTake                      0x0802fe01   Thumb Code   534  queue.o(.text)
    xQueuePeek                               0x08030041   Thumb Code   458  queue.o(.text)
    xQueueReceiveFromISR                     0x08030211   Thumb Code   264  queue.o(.text)
    xQueuePeekFromISR                        0x08030319   Thumb Code   212  queue.o(.text)
    uxQueueMessagesWaiting                   0x080303f1   Thumb Code    54  queue.o(.text)
    uxQueueSpacesAvailable                   0x08030429   Thumb Code    62  queue.o(.text)
    uxQueueMessagesWaitingFromISR            0x08030469   Thumb Code    48  queue.o(.text)
    vQueueDelete                             0x08030499   Thumb Code    68  queue.o(.text)
    vQueueUnregisterQueue                    0x080304e1   Thumb Code    84  queue.o(.text)
    xQueueIsQueueEmptyFromISR                0x08030539   Thumb Code    62  queue.o(.text)
    xQueueIsQueueFullFromISR                 0x08030579   Thumb Code    68  queue.o(.text)
    vQueueAddToRegistry                      0x080305c1   Thumb Code    82  queue.o(.text)
    pcQueueGetName                           0x08030619   Thumb Code    80  queue.o(.text)
    vQueueWaitForMessageRestricted           0x08030669   Thumb Code   100  queue.o(.text)
    xTaskCreateStatic                        0x080306d1   Thumb Code   206  tasks.o(.text)
    xTaskCreate                              0x080309b9   Thumb Code   158  tasks.o(.text)
    vTaskDelete                              0x08030a59   Thumb Code   320  tasks.o(.text)
    vTaskDelayUntil                          0x08030c41   Thumb Code   276  tasks.o(.text)
    vTaskSuspendAll                          0x08030d59   Thumb Code    16  tasks.o(.text)
    xTaskResumeAll                           0x08030e61   Thumb Code   348  tasks.o(.text)
    vTaskDelay                               0x08030fc1   Thumb Code   110  tasks.o(.text)
    uxTaskPriorityGet                        0x08031031   Thumb Code    56  tasks.o(.text)
    uxTaskPriorityGetFromISR                 0x08031069   Thumb Code    90  tasks.o(.text)
    vTaskPrioritySet                         0x080310c9   Thumb Code   400  tasks.o(.text)
    vTaskSuspend                             0x08031259   Thumb Code   346  tasks.o(.text)
    vTaskSwitchContext                       0x080313b9   Thumb Code   190  tasks.o(.text)
    vTaskResume                              0x08031479   Thumb Code   176  tasks.o(.text)
    xTaskResumeFromISR                       0x08031599   Thumb Code   230  tasks.o(.text)
    vTaskStartScheduler                      0x08031681   Thumb Code   224  tasks.o(.text)
    vTaskEndScheduler                        0x08031789   Thumb Code    42  tasks.o(.text)
    xTaskIncrementTick                       0x080317b9   Thumb Code   346  tasks.o(.text)
    xTaskGetTickCount                        0x08031919   Thumb Code    20  tasks.o(.text)
    xTaskGetTickCountFromISR                 0x08031931   Thumb Code    30  tasks.o(.text)
    uxTaskGetNumberOfTasks                   0x08031951   Thumb Code    12  tasks.o(.text)
    pcTaskGetName                            0x08031961   Thumb Code    70  tasks.o(.text)
    xTaskCatchUpTicks                        0x080319a9   Thumb Code    78  tasks.o(.text)
    vTaskPlaceOnEventList                    0x080319f9   Thumb Code    66  tasks.o(.text)
    vTaskPlaceOnUnorderedEventList           0x08031a41   Thumb Code   114  tasks.o(.text)
    vTaskPlaceOnEventListRestricted          0x08031ab9   Thumb Code    82  tasks.o(.text)
    xTaskRemoveFromEventList                 0x08031b11   Thumb Code   194  tasks.o(.text)
    vTaskRemoveFromUnorderedEventList        0x08031bd9   Thumb Code   192  tasks.o(.text)
    vTaskSetTimeOutState                     0x08031c99   Thumb Code    74  tasks.o(.text)
    vTaskInternalSetTimeOutState             0x08031ce9   Thumb Code    36  tasks.o(.text)
    xTaskCheckForTimeOut                     0x08031d11   Thumb Code   204  tasks.o(.text)
    vTaskMissedYield                         0x08031de1   Thumb Code    14  tasks.o(.text)
    xTaskGetCurrentTaskHandle                0x08031df1   Thumb Code    20  tasks.o(.text)
    xTaskGetSchedulerState                   0x08031e09   Thumb Code    56  tasks.o(.text)
    xTaskPriorityInherit                     0x08031e41   Thumb Code   282  tasks.o(.text)
    xTaskPriorityDisinherit                  0x08031f61   Thumb Code   280  tasks.o(.text)
    vTaskPriorityDisinheritAfterTimeout      0x08032079   Thumb Code   320  tasks.o(.text)
    uxTaskResetEventItemValue                0x080321b9   Thumb Code    34  tasks.o(.text)
    pvTaskIncrementMutexHeldCount            0x080321e1   Thumb Code    44  tasks.o(.text)
    ulTaskNotifyTake                         0x08032211   Thumb Code   186  tasks.o(.text)
    xTaskNotifyWait                          0x080322d1   Thumb Code   214  tasks.o(.text)
    xTaskGenericNotify                       0x080323a9   Thumb Code   342  tasks.o(.text)
    xTaskGenericNotifyFromISR                0x08032501   Thumb Code   440  tasks.o(.text)
    vTaskNotifyGiveFromISR                   0x080326b9   Thumb Code   300  tasks.o(.text)
    xTaskNotifyStateClear                    0x080327e9   Thumb Code    82  tasks.o(.text)
    ulTaskNotifyValueClear                   0x08032841   Thumb Code    76  tasks.o(.text)
    xTimerCreateTimerTask                    0x08032981   Thumb Code   148  timers.o(.text)
    xTimerCreate                             0x08032ae1   Thumb Code    74  timers.o(.text)
    xTimerCreateStatic                       0x08032ba9   Thumb Code   138  timers.o(.text)
    xTimerGenericCommand                     0x08032c39   Thumb Code   176  timers.o(.text)
    xTimerGetTimerDaemonTaskHandle           0x08032ce9   Thumb Code    52  timers.o(.text)
    xTimerGetPeriod                          0x08032d21   Thumb Code    44  timers.o(.text)
    vTimerSetReloadMode                      0x08032d51   Thumb Code    90  timers.o(.text)
    uxTimerGetReloadMode                     0x08032db1   Thumb Code    78  timers.o(.text)
    xTimerGetExpiryTime                      0x08032e01   Thumb Code    48  timers.o(.text)
    pcTimerGetName                           0x08032e31   Thumb Code    44  timers.o(.text)
    xTimerIsTimerActive                      0x08032e61   Thumb Code    76  timers.o(.text)
    pvTimerGetTimerID                        0x08032eb1   Thumb Code    58  timers.o(.text)
    vTimerSetTimerID                         0x08032ef1   Thumb Code    58  timers.o(.text)
    osKernelStart                            0x080333a1   Thumb Code    10  cmsis_os.o(.text)
    osKernelRunning                          0x080333b1   Thumb Code    32  cmsis_os.o(.text)
    osKernelSysTick                          0x080333d1   Thumb Code    34  cmsis_os.o(.text)
    osThreadCreate                           0x08033411   Thumb Code   172  cmsis_os.o(.text)
    osThreadGetId                            0x080334e9   Thumb Code     8  cmsis_os.o(.text)
    osThreadTerminate                        0x080334f1   Thumb Code    18  cmsis_os.o(.text)
    osThreadYield                            0x08033509   Thumb Code    26  cmsis_os.o(.text)
    osThreadSetPriority                      0x08033529   Thumb Code    36  cmsis_os.o(.text)
    osThreadGetPriority                      0x08033551   Thumb Code    54  cmsis_os.o(.text)
    osDelay                                  0x080335b1   Thumb Code    40  cmsis_os.o(.text)
    osTimerCreate                            0x080335d9   Thumb Code   114  cmsis_os.o(.text)
    osTimerStart                             0x08033651   Thumb Code   138  cmsis_os.o(.text)
    osTimerStop                              0x080336e1   Thumb Code   122  cmsis_os.o(.text)
    osTimerDelete                            0x08033761   Thumb Code    70  cmsis_os.o(.text)
    osSignalSet                              0x080337a9   Thumb Code   126  cmsis_os.o(.text)
    osSignalWait                             0x08033829   Thumb Code   160  cmsis_os.o(.text)
    osMutexCreate                            0x080338c9   Thumb Code    44  cmsis_os.o(.text)
    osMutexWait                              0x080338f9   Thumb Code   166  cmsis_os.o(.text)
    osMutexRelease                           0x080339a1   Thumb Code   110  cmsis_os.o(.text)
    osMutexDelete                            0x08033a11   Thumb Code    38  cmsis_os.o(.text)
    osSemaphoreCreate                        0x08033a39   Thumb Code   112  cmsis_os.o(.text)
    osSemaphoreWait                          0x08033aa9   Thumb Code   166  cmsis_os.o(.text)
    osSemaphoreRelease                       0x08033b51   Thumb Code   110  cmsis_os.o(.text)
    osSemaphoreDelete                        0x08033bc1   Thumb Code    38  cmsis_os.o(.text)
    osPoolCreate                             0x08033be9   Thumb Code   180  cmsis_os.o(.text)
    osPoolAlloc                              0x08033ca1   Thumb Code   180  cmsis_os.o(.text)
    osPoolCAlloc                             0x08033d59   Thumb Code    34  cmsis_os.o(.text)
    osPoolFree                               0x08033d81   Thumb Code   132  cmsis_os.o(.text)
    osMessageCreate                          0x08033e09   Thumb Code    74  cmsis_os.o(.text)
    osMessagePut                             0x08033e59   Thumb Code   132  cmsis_os.o(.text)
    osMessageGet                             0x08033ee1   Thumb Code   210  cmsis_os.o(.text)
    osMailCreate                             0x08033fb9   Thumb Code   166  cmsis_os.o(.text)
    osMailAlloc                              0x08034061   Thumb Code    42  cmsis_os.o(.text)
    osMailCAlloc                             0x08034091   Thumb Code    70  cmsis_os.o(.text)
    osMailPut                                0x080340d9   Thumb Code   130  cmsis_os.o(.text)
    osMailGet                                0x08034161   Thumb Code   210  cmsis_os.o(.text)
    osMailFree                               0x08034239   Thumb Code    40  cmsis_os.o(.text)
    osSystickHandler                         0x08034261   Thumb Code    20  cmsis_os.o(.text)
    osThreadSuspend                          0x08034279   Thumb Code    18  cmsis_os.o(.text)
    osThreadResume                           0x08034291   Thumb Code    66  cmsis_os.o(.text)
    osThreadSuspendAll                       0x080342d9   Thumb Code    10  cmsis_os.o(.text)
    osThreadResumeAll                        0x080342e9   Thumb Code    32  cmsis_os.o(.text)
    osDelayUntil                             0x08034309   Thumb Code    48  cmsis_os.o(.text)
    osAbortDelay                             0x08034339   Thumb Code    10  cmsis_os.o(.text)
    osThreadList                             0x08034349   Thumb Code    10  cmsis_os.o(.text)
    osMessagePeek                            0x08034359   Thumb Code   128  cmsis_os.o(.text)
    osMessageWaiting                         0x080343d9   Thumb Code    40  cmsis_os.o(.text)
    osMessageAvailableSpace                  0x08034401   Thumb Code    16  cmsis_os.o(.text)
    osMessageDelete                          0x08034411   Thumb Code    38  cmsis_os.o(.text)
    osRecursiveMutexCreate                   0x08034439   Thumb Code    10  cmsis_os.o(.text)
    osRecursiveMutexRelease                  0x08034449   Thumb Code    10  cmsis_os.o(.text)
    osRecursiveMutexWait                     0x08034459   Thumb Code    12  cmsis_os.o(.text)
    osSemaphoreGetCount                      0x08034469   Thumb Code    16  cmsis_os.o(.text)
    pvPortMalloc                             0x08034479   Thumb Code   492  heap_4.o(.text)
    vPortFree                                0x080347f1   Thumb Code   206  heap_4.o(.text)
    xPortGetFreeHeapSize                     0x080348c1   Thumb Code    12  heap_4.o(.text)
    xPortGetMinimumEverFreeHeapSize          0x080348d1   Thumb Code    12  heap_4.o(.text)
    vPortInitialiseBlocks                    0x080348e1   Thumb Code     2  heap_4.o(.text)
    vPortGetHeapStats                        0x080348e9   Thumb Code   206  heap_4.o(.text)
    pxPortInitialiseStack                    0x080349c1   Thumb Code    94  port.o(.text)
    SVC_Handler                              0x08034a71   Thumb Code    36  port.o(.text)
    xPortStartScheduler                      0x08034a99   Thumb Code   342  port.o(.text)
    vPortSetupTimerInterrupt                 0x08034bf1   Thumb Code    68  port.o(.text)
    vPortEndScheduler                        0x08034c71   Thumb Code    46  port.o(.text)
    vPortEnterCritical                       0x08034ca1   Thumb Code    86  port.o(.text)
    vPortExitCritical                        0x08034cf9   Thumb Code    74  port.o(.text)
    PendSV_Handler                           0x08034d49   Thumb Code   108  port.o(.text)
    SysTick_Handler                          0x08034db9   Thumb Code    60  port.o(.text)
    vPortValidateInterruptPriority           0x08034df9   Thumb Code   132  port.o(.text)
    USBD_Init                                0x08034e89   Thumb Code   106  usbd_core.o(.text)
    USBD_DeInit                              0x08034ef9   Thumb Code    82  usbd_core.o(.text)
    USBD_RegisterClass                       0x08034f51   Thumb Code   114  usbd_core.o(.text)
    USBD_Start                               0x08034fc9   Thumb Code    16  usbd_core.o(.text)
    USBD_Stop                                0x08034fd9   Thumb Code    42  usbd_core.o(.text)
    USBD_RunTestMode                         0x08035009   Thumb Code    10  usbd_core.o(.text)
    USBD_SetClassConfig                      0x08035019   Thumb Code    54  usbd_core.o(.text)
    USBD_ClrClassConfig                      0x08035051   Thumb Code    50  usbd_core.o(.text)
    USBD_LL_SetupStage                       0x08035089   Thumb Code   148  usbd_core.o(.text)
    USBD_LL_DataOutStage                     0x08035121   Thumb Code   434  usbd_core.o(.text)
    USBD_CoreFindIF                          0x080352d9   Thumb Code    14  usbd_core.o(.text)
    USBD_CoreFindEP                          0x080352e9   Thumb Code    14  usbd_core.o(.text)
    USBD_LL_DataInStage                      0x080352f9   Thumb Code   400  usbd_core.o(.text)
    USBD_LL_Reset                            0x08035489   Thumb Code   156  usbd_core.o(.text)
    USBD_LL_SetSpeed                         0x08035529   Thumb Code    22  usbd_core.o(.text)
    USBD_LL_Suspend                          0x08035541   Thumb Code    44  usbd_core.o(.text)
    USBD_LL_Resume                           0x08035571   Thumb Code    36  usbd_core.o(.text)
    USBD_LL_SOF                              0x08035599   Thumb Code    62  usbd_core.o(.text)
    USBD_LL_IsoINIncomplete                  0x080355d9   Thumb Code   110  usbd_core.o(.text)
    USBD_LL_IsoOUTIncomplete                 0x08035649   Thumb Code   110  usbd_core.o(.text)
    USBD_LL_DevConnected                     0x080356b9   Thumb Code    10  usbd_core.o(.text)
    USBD_LL_DevDisconnected                  0x080356c9   Thumb Code    64  usbd_core.o(.text)
    USBD_GetEpDesc                           0x08035709   Thumb Code   118  usbd_core.o(.text)
    USBD_GetNextDesc                         0x08035781   Thumb Code    38  usbd_core.o(.text)
    USBD_StdDevReq                           0x080357a9   Thumb Code   204  usbd_ctlreq.o(.text)
    USBD_CtlError                            0x08035f09   Thumb Code    28  usbd_ctlreq.o(.text)
    USBD_StdItfReq                           0x08035f29   Thumb Code   244  usbd_ctlreq.o(.text)
    USBD_StdEPReq                            0x08036021   Thumb Code   940  usbd_ctlreq.o(.text)
    USBD_ParseSetupRequest                   0x080363d1   Thumb Code    98  usbd_ctlreq.o(.text)
    USBD_GetString                           0x08036471   Thumb Code   188  usbd_ctlreq.o(.text)
    USBD_CtlSendData                         0x08036569   Thumb Code    50  usbd_ioreq.o(.text)
    USBD_CtlContinueSendData                 0x080365a1   Thumb Code    30  usbd_ioreq.o(.text)
    USBD_CtlPrepareRx                        0x080365c1   Thumb Code    54  usbd_ioreq.o(.text)
    USBD_CtlContinueRx                       0x080365f9   Thumb Code    30  usbd_ioreq.o(.text)
    USBD_CtlSendStatus                       0x08036619   Thumb Code    34  usbd_ioreq.o(.text)
    USBD_CtlReceiveStatus                    0x08036641   Thumb Code    34  usbd_ioreq.o(.text)
    USBD_GetRxCount                          0x08036669   Thumb Code    24  usbd_ioreq.o(.text)
    USBD_CDC_GetDeviceQualifierDescriptor    0x08036e91   Thumb Code    22  usbd_cdc.o(.text)
    USBD_CDC_RegisterInterface               0x08036ea9   Thumb Code    52  usbd_cdc.o(.text)
    USBD_CDC_SetTxBuffer                     0x08036ee1   Thumb Code    70  usbd_cdc.o(.text)
    USBD_CDC_SetRxBuffer                     0x08036f29   Thumb Code    60  usbd_cdc.o(.text)
    USBD_CDC_TransmitPacket                  0x08036f69   Thumb Code   136  usbd_cdc.o(.text)
    USBD_CDC_ReceivePacket                   0x08036ff1   Thumb Code   126  usbd_cdc.o(.text)
    __aeabi_uldivmod                         0x0803706f   Thumb Code    98  uldiv.o(.text)
    __aeabi_memcpy                           0x080370d1   Thumb Code    36  memcpya.o(.text)
    __aeabi_memcpy4                          0x080370d1   Thumb Code     0  memcpya.o(.text)
    __aeabi_memcpy8                          0x080370d1   Thumb Code     0  memcpya.o(.text)
    __aeabi_memset                           0x080370f5   Thumb Code    14  memseta.o(.text)
    __aeabi_memset4                          0x080370f5   Thumb Code     0  memseta.o(.text)
    __aeabi_memset8                          0x080370f5   Thumb Code     0  memseta.o(.text)
    __aeabi_memclr                           0x08037103   Thumb Code     4  memseta.o(.text)
    __aeabi_memclr4                          0x08037103   Thumb Code     0  memseta.o(.text)
    __aeabi_memclr8                          0x08037103   Thumb Code     0  memseta.o(.text)
    _memset$wrapper                          0x08037107   Thumb Code    18  memseta.o(.text)
    __aeabi_uidiv                            0x08037119   Thumb Code     0  uidiv.o(.text)
    __aeabi_uidivmod                         0x08037119   Thumb Code    44  uidiv.o(.text)
    __aeabi_llsl                             0x08037145   Thumb Code    30  llshl.o(.text)
    _ll_shift_l                              0x08037145   Thumb Code     0  llshl.o(.text)
    __aeabi_llsr                             0x08037163   Thumb Code    32  llushr.o(.text)
    _ll_ushift_r                             0x08037163   Thumb Code     0  llushr.o(.text)
    __I$use$fp                               0x08037183   Thumb Code     0  iusefp.o(.text)
    __aeabi_dadd                             0x08037183   Thumb Code   322  dadd.o(.text)
    __aeabi_dsub                             0x080372c5   Thumb Code     6  dadd.o(.text)
    __aeabi_drsub                            0x080372cb   Thumb Code     6  dadd.o(.text)
    __aeabi_dmul                             0x080372d1   Thumb Code   228  dmul.o(.text)
    __aeabi_ddiv                             0x080373b5   Thumb Code   222  ddiv.o(.text)
    __aeabi_d2ulz                            0x08037493   Thumb Code    48  dfixul.o(.text)
    __aeabi_cdrcmple                         0x080374c5   Thumb Code    48  cdrcmple.o(.text)
    __fp_status                              0x080374f5   Thumb Code     4  fpstat.o(.text)
    __ieee_status                            0x080374f5   Thumb Code     0  fpstat.o(.text)
    __scatterload                            0x080374f9   Thumb Code    28  init.o(.text)
    __scatterload_rt2                        0x080374f9   Thumb Code     0  init.o(.text)
    __aeabi_lasr                             0x0803751d   Thumb Code    36  llsshr.o(.text)
    _ll_sshift_r                             0x0803751d   Thumb Code     0  llsshr.o(.text)
    _double_round                            0x08037541   Thumb Code    30  depilogue.o(.text)
    _double_epilogue                         0x0803755f   Thumb Code   156  depilogue.o(.text)
    arm_cos_f32                              0x080375fd   Thumb Code   144  arm_cos_f32.o(.text.arm_cos_f32)
    __0vsnprintf                             0x0803768d   Thumb Code    46  printfa.o(i.__0vsnprintf)
    __1vsnprintf                             0x0803768d   Thumb Code     0  printfa.o(i.__0vsnprintf)
    __2vsnprintf                             0x0803768d   Thumb Code     0  printfa.o(i.__0vsnprintf)
    __c89vsnprintf                           0x0803768d   Thumb Code     0  printfa.o(i.__0vsnprintf)
    vsnprintf                                0x0803768d   Thumb Code     0  printfa.o(i.__0vsnprintf)
    __ARM_fpclassifyf                        0x080376c1   Thumb Code    38  fpclassifyf.o(i.__ARM_fpclassifyf)
    __hardfp_atanf                           0x080376e9   Thumb Code   296  atanf.o(i.__hardfp_atanf)
    __hardfp_powf                            0x08037849   Thumb Code  1606  powf.o(i.__hardfp_powf)
    __mathlib_powf                           0x08037849   Thumb Code     0  powf.o(i.__hardfp_powf)
    __hardfp_sqrtf                           0x08037ead   Thumb Code    58  sqrtf.o(i.__hardfp_sqrtf)
    __mathlib_flt_divzero                    0x08037ee9   Thumb Code    14  funder.o(i.__mathlib_flt_divzero)
    __mathlib_flt_infnan                     0x08037efd   Thumb Code     6  funder.o(i.__mathlib_flt_infnan)
    __mathlib_flt_infnan2                    0x08037f03   Thumb Code     6  funder.o(i.__mathlib_flt_infnan2)
    __mathlib_flt_invalid                    0x08037f09   Thumb Code    10  funder.o(i.__mathlib_flt_invalid)
    __mathlib_flt_overflow                   0x08037f19   Thumb Code    10  funder.o(i.__mathlib_flt_overflow)
    __mathlib_flt_underflow                  0x08037f29   Thumb Code    10  funder.o(i.__mathlib_flt_underflow)
    __scatterload_copy                       0x08037f39   Thumb Code    14  handlers.o(i.__scatterload_copy)
    __scatterload_null                       0x08037f47   Thumb Code     2  handlers.o(i.__scatterload_null)
    __scatterload_zeroinit                   0x08037f49   Thumb Code    14  handlers.o(i.__scatterload_zeroinit)
    __set_errno                              0x08037f59   Thumb Code     6  errno.o(i.__set_errno)
    D1CorePrescTable                         0x08038a7c   Data          16  system_stm32h7xx.o(.rodata.D1CorePrescTable)
    UARTPrescTable                           0x08038ab4   Data          24  stm32h7xx_hal_uart.o(.rodata.UARTPrescTable)
    code                                     0x08038acc   Data           2  drv_ws2812b.o(.rodata.code)
    crc16_table                              0x08038ace   Data         512  crc.o(.rodata.crc16_table)
    crc8_table                               0x08038cce   Data         256  crc.o(.rodata.crc8_table)
    crc_ccitt_table                          0x08038dce   Data         512  crc.o(.rodata.crc_ccitt_table)
    sinTable_f32                             0x08039000   Data        2052  arm_common_tables.o(.rodata.sinTable_f32)
    Region$$Table$$Base                      0x080398a4   Number         0  anon$$obj.o(Region$$Table)
    Region$$Table$$Limit                     0x080398c4   Number         0  anon$$obj.o(Region$$Table)
    HS_Desc                                  0x24000008   Data          32  usbd_desc.o(.data.HS_Desc)
    MIN_HEAT                                 0x24000028   Data           4  shoot_task.o(.data.MIN_HEAT)
    SystemCoreClock                          0x2400002c   Data           4  system_stm32h7xx.o(.data.SystemCoreClock)
    SystemD2Clock                            0x24000030   Data           4  system_stm32h7xx.o(.data.SystemD2Clock)
    USBD_CDC                                 0x24000034   Data          56  usbd_cdc.o(.data.USBD_CDC)
    USBD_HS_BOSDesc                          0x240000bc   Data          12  usbd_desc.o(.data.USBD_HS_BOSDesc)
    USBD_HS_DeviceDesc                       0x240000c8   Data          18  usbd_desc.o(.data.USBD_HS_DeviceDesc)
    USBD_Interface_fops_HS                   0x240000dc   Data          20  usbd_cdc_if.o(.data.USBD_Interface_fops_HS)
    USBD_LangIDDesc                          0x240000f0   Data           4  usbd_desc.o(.data.USBD_LangIDDesc)
    USBD_StringSerial                        0x240000f4   Data          26  usbd_desc.o(.data.USBD_StringSerial)
    debug_wave                               0x2400010e   Data           1  debug_task.o(.data.debug_wave)
    gimbal_scale                             0x24000110   Data          16  gimbal_task.o(.data.gimbal_scale)
    uwTickFreq                               0x24000131   Data           1  stm32h7xx_hal.o(.data.uwTickFreq)
    uwTickPrio                               0x24000134   Data           4  stm32h7xx_hal.o(.data.uwTickPrio)
    ChassisTaskHandle                        0x24000140   Data           4  freertos.o(.bss.ChassisTaskHandle)
    CommTaskHandle                           0x24000144   Data           4  freertos.o(.bss.CommTaskHandle)
    DebugTaskHandle                          0x24000148   Data           4  freertos.o(.bss.DebugTaskHandle)
    K_c                                      0x24000150   Data           4  shoot_task.o(.bss.K_c)
    ModeSwitchTaskHandle                     0x24000154   Data           4  freertos.o(.bss.ModeSwitchTaskHandle)
    StartTaskHandle                          0x24000158   Data           4  freertos.o(.bss.StartTaskHandle)
    StatusTaskHandle                         0x2400015c   Data           4  freertos.o(.bss.StatusTaskHandle)
    USBD_StrDesc                             0x24000164   Data         512  usbd_desc.o(.bss.USBD_StrDesc)
    UserRxBufferHS                           0x24000584   Data        2048  usbd_cdc_if.o(.bss.UserRxBufferHS)
    UserTxBufferHS                           0x24000d84   Data        2048  usbd_cdc_if.o(.bss.UserTxBufferHS)
    board_comm                               0x24001584   Data          56  board_comm.o(.bss.board_comm)
    board_comm_tx_buff                       0x240015c1   Data           8  board_comm.o(.bss.board_comm_tx_buff)
    buff                                     0x240015ca   Data           6  prot_judge.o(.bss.buff)
    chassis                                  0x240015d0   Data          36  chassis_task.o(.bss.chassis)
    chassis_imu                              0x240015f4   Data          40  prot_imu.o(.bss.chassis_imu)
    ctrl_mode                                0x24001620   Data           1  mode_switch_task.o(.bss.ctrl_mode)
    dart_info                                0x24001621   Data           3  prot_judge.o(.bss.dart_info)
    debug_dma_rx_buf                         0x2400166a   Data          10  usart_comm.o(.bss.debug_dma_rx_buf)
    driver_motor                             0x2400167c   Data         152  drv_dji_motor.o(.bss.driver_motor)
    event_data                               0x24001714   Data           4  prot_judge.o(.bss.event_data)
    ext_supply_projectile_action             0x24001718   Data           4  prot_judge.o(.bss.ext_supply_projectile_action)
    feed_torque                              0x2400171c   Data           4  shoot_task.o(.bss.feed_torque)
    fire_Cnt                                 0x24001720   Data           4  prot_vision.o(.bss.fire_Cnt)
    frame_header                             0x24001724   Data           5  prot_judge.o(.bss.frame_header)
    fric_motor                               0x2400172c   Data         152  drv_dji_motor.o(.bss.fric_motor)
    game_result                              0x240017c4   Data           1  prot_judge.o(.bss.game_result)
    game_robot_HP                            0x240017c6   Data          36  prot_judge.o(.bss.game_robot_HP)
    game_status                              0x240017ea   Data          11  prot_judge.o(.bss.game_status)
    gimbal                                   0x240017f8   Data         524  gimbal_task.o(.bss.gimbal)
    gimbal_imu                               0x24001a04   Data          40  prot_imu.o(.bss.gimbal_imu)
    hUsbDeviceHS                             0x24001a30   Data         732  usb_device.o(.bss.hUsbDeviceHS)
    hdma_spi1_tx                             0x24001d0c   Data         120  spi.o(.bss.hdma_spi1_tx)
    hdma_usart10_rx                          0x24001d84   Data         120  usart.o(.bss.hdma_usart10_rx)
    hdma_usart10_tx                          0x24001dfc   Data         120  usart.o(.bss.hdma_usart10_tx)
    hdma_usart1_rx                           0x24001e74   Data         120  usart.o(.bss.hdma_usart1_rx)
    hdma_usart1_tx                           0x24001eec   Data         120  usart.o(.bss.hdma_usart1_tx)
    hdma_usart2_rx                           0x24001f64   Data         120  usart.o(.bss.hdma_usart2_rx)
    hdma_usart2_tx                           0x24001fdc   Data         120  usart.o(.bss.hdma_usart2_tx)
    hdma_usart3_rx                           0x24002054   Data         120  usart.o(.bss.hdma_usart3_rx)
    hdma_usart3_tx                           0x240020cc   Data         120  usart.o(.bss.hdma_usart3_tx)
    hdma_usart6_rx                           0x24002144   Data         120  usart.o(.bss.hdma_usart6_rx)
    hdma_usart6_tx                           0x240021bc   Data         120  usart.o(.bss.hdma_usart6_tx)
    hfdcan1                                  0x24002234   Data         160  fdcan.o(.bss.hfdcan1)
    hfdcan2                                  0x240022d4   Data         160  fdcan.o(.bss.hfdcan2)
    hfdcan3                                  0x24002374   Data         160  fdcan.o(.bss.hfdcan3)
    hiwdg1                                   0x24002414   Data          16  iwdg.o(.bss.hiwdg1)
    hpcd_USB_OTG_HS                          0x24002424   Data        1252  usbd_conf.o(.bss.hpcd_USB_OTG_HS)
    hrng                                     0x24002908   Data          20  rng.o(.bss.hrng)
    hspi1                                    0x2400291c   Data         136  spi.o(.bss.hspi1)
    htim1                                    0x240029a4   Data          76  stm32h7xx_hal_timebase_tim.o(.bss.htim1)
    htim2                                    0x240029f0   Data          76  tim.o(.bss.htim2)
    htim3                                    0x24002a3c   Data          76  tim.o(.bss.htim3)
    huart1                                   0x24002a88   Data         148  usart.o(.bss.huart1)
    huart10                                  0x24002b1c   Data         148  usart.o(.bss.huart10)
    huart2                                   0x24002bb0   Data         148  usart.o(.bss.huart2)
    huart3                                   0x24002c44   Data         148  usart.o(.bss.huart3)
    huart6                                   0x24002cd8   Data         148  usart.o(.bss.huart6)
    huart9                                   0x24002d6c   Data         148  usart.o(.bss.huart9)
    hurt_data                                0x24002e00   Data           1  prot_judge.o(.bss.hurt_data)
    judge_data_rx_buf                        0x24002e01   Data         150  usart_comm.o(.bss.judge_data_rx_buf)
    judge_huart                              0x24002e98   Data           4  prot_judge.o(.bss.judge_huart)
    kanan                                    0x24002e9c   Data           4  prot_vision.o(.bss.kanan)
    kb_status                                0x24002ea0   Data          52  prot_dr16.o(.bss.kb_status)
    last_pit_ref                             0x24002ee4   Data           4  gimbal_task.o(.bss.last_pit_ref)
    last_yaw_ref                             0x24002ee8   Data           4  gimbal_task.o(.bss.last_yaw_ref)
    lock_flag                                0x24002eec   Data           1  mode_switch_task.o(.bss.lock_flag)
    log_huart                                0x24002ef0   Data           4  data_log.o(.bss.log_huart)
    log_str                                  0x24002ef4   Data         128  data_log.o(.bss.log_str)
    map_command                              0x24002f74   Data          12  prot_judge.o(.bss.map_command)
    map_robot_data                           0x24002f80   Data          10  prot_judge.o(.bss.map_robot_data)
    motor_msg                                0x24002f8c   Data         144  drv_dji_motor.o(.bss.motor_msg)
    online                                   0x24003028   Data           1  prot_judge.o(.bss.online)
    pit_motor                                0x2400302c   Data          76  drv_dji_motor.o(.bss.pit_motor)
    power_control                            0x24003078   Data          52  prot_power.o(.bss.power_control)
    power_heat_data                          0x240030ac   Data          16  prot_judge.o(.bss.power_heat_data)
    projectile_allowance                     0x240030bc   Data           6  prot_judge.o(.bss.projectile_allowance)
    prv_us_time                              0x24003188   Data          16  us_time.o(.bss.prv_us_time)
    pxCurrentTCB                             0x24003198   Data           4  tasks.o(.bss.pxCurrentTCB)
    rc                                       0x2400323c   Data          48  prot_dr16.o(.bss.rc)
    referee_warning                          0x2400326e   Data           3  prot_judge.o(.bss.referee_warning)
    remote_control                           0x24003272   Data          12  prot_judge.o(.bss.remote_control)
    rfid_status                              0x24003280   Data           4  prot_judge.o(.bss.rfid_status)
    rgb                                      0x24003284   Data         196  drv_ws2812b.o(.bss.rgb)
    robot_interaction_data                   0x24003348   Data         119  prot_judge.o(.bss.robot_interaction_data)
    robot_pos                                0x240033c0   Data          12  prot_judge.o(.bss.robot_pos)
    robot_status                             0x240033cc   Data          13  prot_judge.o(.bss.robot_status)
    rx_fifo0_data                            0x240033d9   Data          64  can_comm.o(.bss.rx_fifo0_data)
    rx_fifo0_message                         0x2400341c   Data          40  can_comm.o(.bss.rx_fifo0_message)
    rx_fifo1_data                            0x24003444   Data          64  can_comm.o(.bss.rx_fifo1_data)
    rx_fifo1_message                         0x24003484   Data          40  can_comm.o(.bss.rx_fifo1_message)
    shoot                                    0x240034ac   Data         368  shoot_task.o(.bss.shoot)
    shoot_Cnt                                0x2400361c   Data           4  prot_vision.o(.bss.shoot_Cnt)
    shoot_data                               0x24003620   Data           7  prot_judge.o(.bss.shoot_data)
    slope_feed                               0x24003628   Data           4  gimbal_task.o(.bss.slope_feed)
    slope_feed_pit                           0x2400362c   Data           4  gimbal_task.o(.bss.slope_feed_pit)
    status                                   0x24003630   Data           4  status_task.o(.bss.status)
    supercap                                 0x24003634   Data          20  prot_power.o(.bss.supercap)
    trigger_motor                            0x2400364c   Data          76  drv_dji_motor.o(.bss.trigger_motor)
    tx_message                               0x24003698   Data          36  can_comm.o(.bss.tx_message)
    uwTick                                   0x240072c4   Data           4  stm32h7xx_hal.o(.bss.uwTick)
    velocity_err                             0x240072dc   Data           4  shoot_task.o(.bss.velocity_err)
    vis_e                                    0x240072e0   Data           2  prot_vision.o(.bss.vis_e)
    vision                                   0x240072e4   Data         128  prot_vision.o(.bss.vision)
    vision_send_buf                          0x24007365   Data          40  prot_vision.o(.bss.vision_send_buf)
    vision_tx_msg                            0x2400738d   Data          29  prot_vision.o(.bss.vision_tx_msg)
    wlr                                      0x240073ac   Data         280  wlr.o(.bss.wlr)
    xQueueRegistry                           0x240077a0   Data          64  queue.o(.bss.xQueueRegistry)
    yaw_err                                  0x24007c78   Data           4  gimbal_task.o(.bss.yaw_err)
    yaw_motor                                0x24007c7c   Data          76  drv_dji_motor.o(.bss.yaw_motor)
    __initial_sp                             0x2400acc8   Data           0  startup_stm32h723xx.o(STACK)



==============================================================================

Memory Map of the image

  Image Entry point : 0x080002cd

  Load Region LR_IROM1 (Base: 0x08000000, Size: 0x00039a08, Max: 0x00100000, ABSOLUTE)

    Execution Region ER_IROM1 (Exec base: 0x08000000, Load base: 0x08000000, Size: 0x000398c4, Max: 0x00100000, ABSOLUTE)

    Exec Addr    Load Addr    Size         Type   Attr      Idx    E Section Name        Object

    0x08000000   0x08000000   0x000002cc   Data   RO            3    RESET               startup_stm32h723xx.o
    0x080002cc   0x080002cc   0x00000000   Code   RO         1385  * .ARM.Collect$$$$00000000  mc_w.l(entry.o)
    0x080002cc   0x080002cc   0x00000004   Code   RO         1505    .ARM.Collect$$$$00000001  mc_w.l(entry2.o)
    0x080002d0   0x080002d0   0x00000004   Code   RO         1508    .ARM.Collect$$$$00000004  mc_w.l(entry5.o)
    0x080002d4   0x080002d4   0x00000000   Code   RO         1510    .ARM.Collect$$$$00000008  mc_w.l(entry7b.o)
    0x080002d4   0x080002d4   0x00000000   Code   RO         1512    .ARM.Collect$$$$0000000A  mc_w.l(entry8b.o)
    0x080002d4   0x080002d4   0x00000008   Code   RO         1513    .ARM.Collect$$$$0000000B  mc_w.l(entry9a.o)
    0x080002dc   0x080002dc   0x00000000   Code   RO         1515    .ARM.Collect$$$$0000000D  mc_w.l(entry10a.o)
    0x080002dc   0x080002dc   0x00000000   Code   RO         1517    .ARM.Collect$$$$0000000F  mc_w.l(entry11a.o)
    0x080002dc   0x080002dc   0x00000004   Code   RO         1506    .ARM.Collect$$$$00002712  mc_w.l(entry2.o)
    0x080002e0   0x080002e0   0x00000024   Code   RO            4    .text               startup_stm32h723xx.o
    0x08000304   0x08000304   0x00000004   PAD
    0x08000308   0x08000308   0x0000027c   Code   RO           10    .text               main.o
    0x08000584   0x08000584   0x00000004   PAD
    0x08000588   0x08000588   0x0000019e   Code   RO           19    .text               gpio.o
    0x08000726   0x08000726   0x00000002   PAD
    0x08000728   0x08000728   0x0000022c   Code   RO           26    .text               freertos.o
    0x08000954   0x08000954   0x00000004   PAD
    0x08000958   0x08000958   0x0000010e   Code   RO           54    .text               dma.o
    0x08000a66   0x08000a66   0x00000002   PAD
    0x08000a68   0x08000a68   0x0000046c   Code   RO           61    .text               fdcan.o
    0x08000ed4   0x08000ed4   0x00000004   PAD
    0x08000ed8   0x08000ed8   0x00000032   Code   RO           72    .text               iwdg.o
    0x08000f0a   0x08000f0a   0x00000006   PAD
    0x08000f10   0x08000f10   0x000000b4   Code   RO           80    .text               rng.o
    0x08000fc4   0x08000fc4   0x00000004   PAD
    0x08000fc8   0x08000fc8   0x00000206   Code   RO           88    .text               spi.o
    0x080011ce   0x080011ce   0x00000002   PAD
    0x080011d0   0x080011d0   0x00000294   Code   RO           97    .text               tim.o
    0x08001464   0x08001464   0x00000004   PAD
    0x08001468   0x08001468   0x00000c52   Code   RO          106    .text               usart.o
    0x080020ba   0x080020ba   0x00000006   PAD
    0x080020c0   0x080020c0   0x00000218   Code   RO          129    .text               stm32h7xx_it.o
    0x080022d8   0x080022d8   0x00000032   Code   RO          136    .text               stm32h7xx_hal_msp.o
    0x0800230a   0x0800230a   0x00000006   PAD
    0x08002310   0x08002310   0x000000f4   Code   RO          143    .text               stm32h7xx_hal_timebase_tim.o
    0x08002404   0x08002404   0x00000004   PAD
    0x08002408   0x08002408   0x0000007a   Code   RO          151    .text               usb_device.o
    0x08002482   0x08002482   0x00000006   PAD
    0x08002488   0x08002488   0x0000026e   Code   RO          159    .text               usbd_desc.o
    0x080026f6   0x080026f6   0x00000002   PAD
    0x080026f8   0x080026f8   0x00000148   Code   RO          173    .text               usbd_cdc_if.o
    0x08002840   0x08002840   0x000006d0   Code   RO          183    .text               usbd_conf.o
    0x08002f10   0x08002f10   0x000000e2   Code   RO          192    .text               debug_task.o
    0x08002ff2   0x08002ff2   0x00000006   PAD
    0x08002ff8   0x08002ff8   0x00000064   Code   RO          202    .text               comm_task.o
    0x0800305c   0x0800305c   0x00000004   PAD
    0x08003060   0x08003060   0x000000c6   Code   RO          210    .text               mode_switch_task.o
    0x08003126   0x08003126   0x00000002   PAD
    0x08003128   0x08003128   0x00000532   Code   RO          220    .text               status_task.o
    0x0800365a   0x0800365a   0x00000006   PAD
    0x08003660   0x08003660   0x00000998   Code   RO          229    .text               gimbal_task.o
    0x08003ff8   0x08003ff8   0x00000a84   Code   RO          266    .text               shoot_task.o
    0x08004a7c   0x08004a7c   0x00000004   PAD
    0x08004a80   0x08004a80   0x000003e4   Code   RO          289    .text               can_comm.o
    0x08004e64   0x08004e64   0x00000004   PAD
    0x08004e68   0x08004e68   0x000000a8   Code   RO          301    .text               usart_comm.o
    0x08004f10   0x08004f10   0x0000030c   Code   RO          310    .text               board_comm.o
    0x0800521c   0x0800521c   0x00000004   PAD
    0x08005220   0x08005220   0x00000384   Code   RO          323    .text               drv_ws2812b.o
    0x080055a4   0x080055a4   0x00000004   PAD
    0x080055a8   0x080055a8   0x0000097a   Code   RO          332    .text               drv_dm_motor.o
    0x08005f22   0x08005f22   0x00000006   PAD
    0x08005f28   0x08005f28   0x00000704   Code   RO          344    .text               drv_dji_motor.o
    0x0800662c   0x0800662c   0x00000004   PAD
    0x08006630   0x08006630   0x000006fa   Code   RO          360    .text               prot_dr16.o
    0x08006d2a   0x08006d2a   0x00000006   PAD
    0x08006d30   0x08006d30   0x00000108   Code   RO          372    .text               prot_imu.o
    0x08006e38   0x08006e38   0x0000040a   Code   RO          381    .text               prot_judge.o
    0x08007242   0x08007242   0x00000006   PAD
    0x08007248   0x08007248   0x000006f6   Code   RO          410    .text               prot_power.o
    0x0800793e   0x0800793e   0x00000002   PAD
    0x08007940   0x08007940   0x000008de   Code   RO          419    .text               prot_vision.o
    0x0800821e   0x0800821e   0x00000002   PAD
    0x08008220   0x08008220   0x000002ba   Code   RO          434    .text               crc.o
    0x080084da   0x080084da   0x00000006   PAD
    0x080084e0   0x080084e0   0x0000064c   Code   RO          461    .text               math_lib.o
    0x08008b2c   0x08008b2c   0x00000004   PAD
    0x08008b30   0x08008b30   0x00000496   Code   RO          477    .text               pid.o
    0x08008fc6   0x08008fc6   0x00000002   PAD
    0x08008fc8   0x08008fc8   0x0000026a   Code   RO          742    .text               data_log.o
    0x08009232   0x08009232   0x00000006   PAD
    0x08009238   0x08009238   0x00000244   Code   RO          761    .text               us_time.o
    0x0800947c   0x0800947c   0x00000004   PAD
    0x08009480   0x08009480   0x00000410   Code   RO          769    .text               system_stm32h7xx.o
    0x08009890   0x08009890   0x0000171a   Code   RO          779    .text               stm32h7xx_hal_pcd.o
    0x0800afaa   0x0800afaa   0x00000006   PAD
    0x0800afb0   0x0800afb0   0x0000029c   Code   RO          786    .text               stm32h7xx_hal_pcd_ex.o
    0x0800b24c   0x0800b24c   0x00000004   PAD
    0x0800b250   0x0800b250   0x00002464   Code   RO          793    .text               stm32h7xx_ll_usb.o
    0x0800d6b4   0x0800d6b4   0x00000004   PAD
    0x0800d6b8   0x0800d6b8   0x0000192a   Code   RO          800    .text               stm32h7xx_hal_rcc.o
    0x0800efe2   0x0800efe2   0x00000006   PAD
    0x0800efe8   0x0800efe8   0x00002e92   Code   RO          807    .text               stm32h7xx_hal_rcc_ex.o
    0x08011e7a   0x08011e7a   0x00000006   PAD
    0x08011e80   0x08011e80   0x000006fa   Code   RO          829    .text               stm32h7xx_hal_gpio.o
    0x0801257a   0x0801257a   0x00000006   PAD
    0x08012580   0x08012580   0x000050d4   Code   RO          843    .text               stm32h7xx_hal_dma.o
    0x08017654   0x08017654   0x00000004   PAD
    0x08017658   0x08017658   0x000002ea   Code   RO          865    .text               stm32h7xx_hal_pwr.o
    0x08017942   0x08017942   0x00000006   PAD
    0x08017948   0x08017948   0x00000992   Code   RO          872    .text               stm32h7xx_hal_pwr_ex.o
    0x080182da   0x080182da   0x00000006   PAD
    0x080182e0   0x080182e0   0x0000061c   Code   RO          879    .text               stm32h7xx_hal_cortex.o
    0x080188fc   0x080188fc   0x00000004   PAD
    0x08018900   0x08018900   0x00000938   Code   RO          886    .text               stm32h7xx_hal.o
    0x08019238   0x08019238   0x000039d6   Code   RO          917    .text               stm32h7xx_hal_fdcan.o
    0x0801cc0e   0x0801cc0e   0x00000002   PAD
    0x0801cc10   0x0801cc10   0x000000bc   Code   RO          926    .text               stm32h7xx_hal_iwdg.o
    0x0801cccc   0x0801cccc   0x00000004   PAD
    0x0801ccd0   0x0801ccd0   0x0000061c   Code   RO          933    .text               stm32h7xx_hal_rng.o
    0x0801d2ec   0x0801d2ec   0x00000004   PAD
    0x0801d2f0   0x0801d2f0   0x00002f36   Code   RO          947    .text               stm32h7xx_hal_spi.o
    0x08020226   0x08020226   0x00000002   PAD
    0x08020228   0x08020228   0x00007596   Code   RO          961    .text               stm32h7xx_hal_tim.o
    0x080277be   0x080277be   0x00000002   PAD
    0x080277c0   0x080277c0   0x00002cee   Code   RO          968    .text               stm32h7xx_hal_tim_ex.o
    0x0802a4ae   0x0802a4ae   0x00000002   PAD
    0x0802a4b0   0x0802a4b0   0x0000434e   Code   RO          975    .text               stm32h7xx_hal_uart.o
    0x0802e7fe   0x0802e7fe   0x00000002   PAD
    0x0802e800   0x0802e800   0x00000964   Code   RO          983    .text               stm32h7xx_hal_uart_ex.o
    0x0802f164   0x0802f164   0x00000004   PAD
    0x0802f168   0x0802f168   0x00000138   Code   RO         1000    .text               list.o
    0x0802f2a0   0x0802f2a0   0x0000142c   Code   RO         1007    .text               queue.o
    0x080306cc   0x080306cc   0x00000004   PAD
    0x080306d0   0x080306d0   0x000022aa   Code   RO         1022    .text               tasks.o
    0x0803297a   0x0803297a   0x00000006   PAD
    0x08032980   0x08032980   0x00000a1e   Code   RO         1051    .text               timers.o
    0x0803339e   0x0803339e   0x00000002   PAD
    0x080333a0   0x080333a0   0x000010d8   Code   RO         1068    .text               cmsis_os.o
    0x08034478   0x08034478   0x0000053e   Code   RO         1077    .text               heap_4.o
    0x080349b6   0x080349b6   0x0000000a   PAD
    0x080349c0   0x080349c0   0x000004c4   Code   RO         1092    .text               port.o
    0x08034e84   0x08034e84   0x00000004   PAD
    0x08034e88   0x08034e88   0x0000091e   Code   RO         1102    .text               usbd_core.o
    0x080357a6   0x080357a6   0x00000002   PAD
    0x080357a8   0x080357a8   0x00000dba   Code   RO         1109    .text               usbd_ctlreq.o
    0x08036562   0x08036562   0x00000006   PAD
    0x08036568   0x08036568   0x00000118   Code   RO         1117    .text               usbd_ioreq.o
    0x08036680   0x08036680   0x000009ee   Code   RO         1124    .text               usbd_cdc.o
    0x0803706e   0x0803706e   0x00000062   Code   RO         1388    .text               mc_w.l(uldiv.o)
    0x080370d0   0x080370d0   0x00000024   Code   RO         1393    .text               mc_w.l(memcpya.o)
    0x080370f4   0x080370f4   0x00000024   Code   RO         1395    .text               mc_w.l(memseta.o)
    0x08037118   0x08037118   0x0000002c   Code   RO         1529    .text               mc_w.l(uidiv.o)
    0x08037144   0x08037144   0x0000001e   Code   RO         1531    .text               mc_w.l(llshl.o)
    0x08037162   0x08037162   0x00000020   Code   RO         1533    .text               mc_w.l(llushr.o)
    0x08037182   0x08037182   0x00000000   Code   RO         1544    .text               mc_w.l(iusefp.o)
    0x08037182   0x08037182   0x0000014e   Code   RO         1547    .text               mf_w.l(dadd.o)
    0x080372d0   0x080372d0   0x000000e4   Code   RO         1549    .text               mf_w.l(dmul.o)
    0x080373b4   0x080373b4   0x000000de   Code   RO         1551    .text               mf_w.l(ddiv.o)
    0x08037492   0x08037492   0x00000030   Code   RO         1553    .text               mf_w.l(dfixul.o)
    0x080374c2   0x080374c2   0x00000002   PAD
    0x080374c4   0x080374c4   0x00000030   Code   RO         1555    .text               mf_w.l(cdrcmple.o)
    0x080374f4   0x080374f4   0x00000004   Code   RO         1557    .text               mf_w.l(fpstat.o)
    0x080374f8   0x080374f8   0x00000024   Code   RO         1569    .text               mc_w.l(init.o)
    0x0803751c   0x0803751c   0x00000024   Code   RO         1571    .text               mc_w.l(llsshr.o)
    0x08037540   0x08037540   0x000000ba   Code   RO         1575    .text               mf_w.l(depilogue.o)
    0x080375fa   0x080375fa   0x00000002   PAD
    0x080375fc   0x080375fc   0x00000090   Code   RO         1138    .text.arm_cos_f32   arm_cortexM7lfdp_math.lib(arm_cos_f32.o)
    0x0803768c   0x0803768c   0x00000034   Code   RO         1409    i.__0vsnprintf      mc_w.l(printfa.o)
    0x080376c0   0x080376c0   0x00000026   Code   RO         1478    i.__ARM_fpclassifyf  m_wv.l(fpclassifyf.o)
    0x080376e6   0x080376e6   0x00000002   PAD
    0x080376e8   0x080376e8   0x00000160   Code   RO         1323    i.__hardfp_atanf    m_wv.l(atanf.o)
    0x08037848   0x08037848   0x00000664   Code   RO         1354    i.__hardfp_powf     m_wv.l(powf.o)
    0x08037eac   0x08037eac   0x0000003a   Code   RO         1373    i.__hardfp_sqrtf    m_wv.l(sqrtf.o)
    0x08037ee6   0x08037ee6   0x00000002   PAD
    0x08037ee8   0x08037ee8   0x00000014   Code   RO         1480    i.__mathlib_flt_divzero  m_wv.l(funder.o)
    0x08037efc   0x08037efc   0x00000006   Code   RO         1481    i.__mathlib_flt_infnan  m_wv.l(funder.o)
    0x08037f02   0x08037f02   0x00000006   Code   RO         1482    i.__mathlib_flt_infnan2  m_wv.l(funder.o)
    0x08037f08   0x08037f08   0x00000010   Code   RO         1483    i.__mathlib_flt_invalid  m_wv.l(funder.o)
    0x08037f18   0x08037f18   0x00000010   Code   RO         1484    i.__mathlib_flt_overflow  m_wv.l(funder.o)
    0x08037f28   0x08037f28   0x00000010   Code   RO         1486    i.__mathlib_flt_underflow  m_wv.l(funder.o)
    0x08037f38   0x08037f38   0x0000000e   Code   RO         1579    i.__scatterload_copy  mc_w.l(handlers.o)
    0x08037f46   0x08037f46   0x00000002   Code   RO         1580    i.__scatterload_null  mc_w.l(handlers.o)
    0x08037f48   0x08037f48   0x0000000e   Code   RO         1581    i.__scatterload_zeroinit  mc_w.l(handlers.o)
    0x08037f56   0x08037f56   0x00000002   PAD
    0x08037f58   0x08037f58   0x0000000c   Code   RO         1539    i.__set_errno       mc_w.l(errno.o)
    0x08037f64   0x08037f64   0x00000184   Code   RO         1411    i._fp_digits        mc_w.l(printfa.o)
    0x080380e8   0x080380e8   0x000006dc   Code   RO         1412    i._printf_core      mc_w.l(printfa.o)
    0x080387c4   0x080387c4   0x00000024   Code   RO         1413    i._printf_post_padding  mc_w.l(printfa.o)
    0x080387e8   0x080387e8   0x0000002e   Code   RO         1414    i._printf_pre_padding  mc_w.l(printfa.o)
    0x08038816   0x08038816   0x00000016   Code   RO         1415    i._snputc           mc_w.l(printfa.o)
    0x0803882c   0x0803882c   0x00000140   Data   RO         1357    .constdata          m_wv.l(powf.o)
    0x0803896c   0x0803896c   0x0000004c   Data   RO          919    .rodata..L__const.HAL_FDCAN_Init.CvtEltSize  stm32h7xx_hal_fdcan.o
    0x080389b8   0x080389b8   0x0000001c   Data   RO           37    .rodata..L__const.MX_FREERTOS_Init.os_thread_def_CommTask  freertos.o
    0x080389d4   0x080389d4   0x0000001c   Data   RO           44    .rodata..L__const.MX_FREERTOS_Init.os_thread_def_DebugTask  freertos.o
    0x080389f0   0x080389f0   0x0000001c   Data   RO           41    .rodata..L__const.MX_FREERTOS_Init.os_thread_def_GimbalTask  freertos.o
    0x08038a0c   0x08038a0c   0x0000001c   Data   RO           39    .rodata..L__const.MX_FREERTOS_Init.os_thread_def_ModeSwitchTask  freertos.o
    0x08038a28   0x08038a28   0x0000001c   Data   RO           35    .rodata..L__const.MX_FREERTOS_Init.os_thread_def_STATUSTask  freertos.o
    0x08038a44   0x08038a44   0x0000001c   Data   RO           43    .rodata..L__const.MX_FREERTOS_Init.os_thread_def_ShootTask  freertos.o
    0x08038a60   0x08038a60   0x0000001c   Data   RO           33    .rodata..L__const.MX_FREERTOS_Init.os_thread_def_StartTask  freertos.o
    0x08038a7c   0x08038a7c   0x00000010   Data   RO          773    .rodata.D1CorePrescTable  system_stm32h7xx.o
    0x08038a8c   0x08038a8c   0x00000010   Data   RO          920    .rodata.DLCtoBytes  stm32h7xx_hal_fdcan.o
    0x08038a9c   0x08038a9c   0x00000008   Data   RO          845    .rodata.DMA_CalcBaseAndBitshift.flagBitshiftOffset  stm32h7xx_hal_dma.o
    0x08038aa4   0x08038aa4   0x00000008   Data   RO          986    .rodata.UARTEx_SetNbDataToProcess.denominator  stm32h7xx_hal_uart_ex.o
    0x08038aac   0x08038aac   0x00000008   Data   RO          985    .rodata.UARTEx_SetNbDataToProcess.numerator  stm32h7xx_hal_uart_ex.o
    0x08038ab4   0x08038ab4   0x00000018   Data   RO          977    .rodata.UARTPrescTable  stm32h7xx_hal_uart.o
    0x08038acc   0x08038acc   0x00000002   Data   RO          325    .rodata.code        drv_ws2812b.o
    0x08038ace   0x08038ace   0x00000200   Data   RO          439    .rodata.crc16_table  crc.o
    0x08038cce   0x08038cce   0x00000100   Data   RO          437    .rodata.crc8_table  crc.o
    0x08038dce   0x08038dce   0x00000200   Data   RO          440    .rodata.crc_ccitt_table  crc.o
    0x08038fce   0x08038fce   0x00000002   PAD
    0x08038fd0   0x08038fd0   0x00000030   Data   RO          347    .rodata.motor_para_table  drv_dji_motor.o
    0x08039000   0x08039000   0x00000804   Data   RO         1303    .rodata.sinTable_f32  arm_cortexM7lfdp_math.lib(arm_common_tables.o)
    0x08039804   0x08039804   0x0000004c   Data   RO           32    .rodata.str1.1      freertos.o
    0x08039850   0x08039850   0x00000042   Data   RO          166    .rodata.str1.1      usbd_desc.o
    0x08039892   0x08039892   0x00000005   Data   RO         1036    .rodata.str1.1      tasks.o
    0x08039897   0x08039897   0x0000000d   Data   RO         1054    .rodata.str1.1      timers.o
    0x080398a4   0x080398a4   0x00000020   Data   RO         1578    Region$$Table       anon$$obj.o


    Execution Region RW_IRAM1 (Exec base: 0x20000000, Load base: 0x080398c4, Size: 0x00000000, Max: 0x00020000, ABSOLUTE)

    **** No section assigned to this execution region ****


    Execution Region RW_IRAM2 (Exec base: 0x24000000, Load base: 0x080398c8, Size: 0x0000acc8, Max: 0x00050000, ABSOLUTE)

    Exec Addr    Load Addr    Size         Type   Attr      Idx    E Section Name        Object

    0x24000000   0x080398c8   0x00000004   Data   RW         1540    .data               mc_w.l(errno.o)
    0x24000004   0x080398cc   0x00000001   Data   RW         1130    .data.CDCCmdEpAdd   usbd_cdc.o
    0x24000005   0x080398cd   0x00000001   Data   RW         1128    .data.CDCInEpAdd    usbd_cdc.o
    0x24000006   0x080398ce   0x00000001   Data   RW         1129    .data.CDCOutEpAdd   usbd_cdc.o
    0x24000007   0x080398cf   0x00000001   PAD
    0x24000008   0x080398d0   0x00000020   Data   RW          161    .data.HS_Desc       usbd_desc.o
    0x24000028   0x080398f0   0x00000004   Data   RW          268    .data.MIN_HEAT      shoot_task.o
    0x2400002c   0x080398f4   0x00000004   Data   RW          771    .data.SystemCoreClock  system_stm32h7xx.o
    0x24000030   0x080398f8   0x00000004   Data   RW          772    .data.SystemD2Clock  system_stm32h7xx.o
    0x24000034   0x080398fc   0x00000038   Data   RW         1126    .data.USBD_CDC      usbd_cdc.o
    0x2400006c   0x08039934   0x00000043   Data   RW         1131    .data.USBD_CDC_CfgDesc  usbd_cdc.o
    0x240000af   0x08039977   0x00000001   PAD
    0x240000b0   0x08039978   0x0000000a   Data   RW         1127    .data.USBD_CDC_DeviceQualifierDesc  usbd_cdc.o
    0x240000ba   0x08039982   0x00000002   PAD
    0x240000bc   0x08039984   0x0000000c   Data   RW          163    .data.USBD_HS_BOSDesc  usbd_desc.o
    0x240000c8   0x08039990   0x00000012   Data   RW          162    .data.USBD_HS_DeviceDesc  usbd_desc.o
    0x240000da   0x080399a2   0x00000002   PAD
    0x240000dc   0x080399a4   0x00000014   Data   RW          175    .data.USBD_Interface_fops_HS  usbd_cdc_if.o
    0x240000f0   0x080399b8   0x00000004   Data   RW          164    .data.USBD_LangIDDesc  usbd_desc.o
    0x240000f4   0x080399bc   0x0000001a   Data   RW          165    .data.USBD_StringSerial  usbd_desc.o
    0x2400010e   0x080399d6   0x00000001   Data   RW          194    .data.debug_wave    debug_task.o
    0x2400010f   0x080399d7   0x00000001   PAD
    0x24000110   0x080399d8   0x00000010   Data   RW          232    .data.gimbal_scale  gimbal_task.o
    0x24000120   0x080399e8   0x00000008   Data   RW          335    .data.object_list   drv_dm_motor.o
    0x24000128   0x080399f0   0x00000008   Data   RW          346    .data.object_list   drv_dji_motor.o
    0x24000130   0x080399f8   0x00000001   Data   RW          275    .data.shoot_enable  shoot_task.o
    0x24000131   0x080399f9   0x00000001   Data   RW          889    .data.uwTickFreq    stm32h7xx_hal.o
    0x24000132   0x080399fa   0x00000002   PAD
    0x24000134   0x080399fc   0x00000004   Data   RW          888    .data.uwTickPrio    stm32h7xx_hal.o
    0x24000138   0x08039a00   0x00000004   Data   RW         1096    .data.uxCriticalNesting  port.o
    0x2400013c   0x08039a04   0x00000004   PAD
    0x24000140        -       0x00000004   Zero   RW           42    .bss.ChassisTaskHandle  freertos.o
    0x24000144        -       0x00000004   Zero   RW           38    .bss.CommTaskHandle  freertos.o
    0x24000148        -       0x00000004   Zero   RW           45    .bss.DebugTaskHandle  freertos.o
    0x2400014c        -       0x00000004   Zero   RW           66    .bss.HAL_RCC_FDCAN_CLK_ENABLED  fdcan.o
    0x24000150        -       0x00000004   Zero   RW          271    .bss.K_c            shoot_task.o
    0x24000154        -       0x00000004   Zero   RW           40    .bss.ModeSwitchTaskHandle  freertos.o
    0x24000158        -       0x00000004   Zero   RW           34    .bss.StartTaskHandle  freertos.o
    0x2400015c        -       0x00000004   Zero   RW           36    .bss.StatusTaskHandle  freertos.o
    0x24000160        -       0x00000001   Zero   RW         1111    .bss.USBD_SetConfig.cfgidx  usbd_ctlreq.o
    0x24000161   0x08039a04   0x00000003   PAD
    0x24000164        -       0x00000200   Zero   RW          167    .bss.USBD_StrDesc   usbd_desc.o
    0x24000364        -       0x00000220   Zero   RW          186    .bss.USBD_static_malloc.mem  usbd_conf.o
    0x24000584        -       0x00000800   Zero   RW          176    .bss.UserRxBufferHS  usbd_cdc_if.o
    0x24000d84        -       0x00000800   Zero   RW          177    .bss.UserTxBufferHS  usbd_cdc_if.o
    0x24001584        -       0x00000038   Zero   RW          312    .bss.board_comm     board_comm.o
    0x240015bc        -       0x00000004   Zero   RW          313    .bss.board_comm_send_data.cnt  board_comm.o
    0x240015c0        -       0x00000001   Zero   RW          314    .bss.board_comm_send_data.id  board_comm.o
    0x240015c1        -       0x00000008   Zero   RW          315    .bss.board_comm_tx_buff  board_comm.o
    0x240015c9   0x08039a04   0x00000001   PAD
    0x240015ca        -       0x00000006   Zero   RW          395    .bss.buff           prot_judge.o
    0x240015d0        -       0x00000024   Zero   RW          250    .bss.chassis        chassis_task.o
    0x240015f4        -       0x00000028   Zero   RW          375    .bss.chassis_imu    prot_imu.o
    0x2400161c        -       0x00000004   Zero   RW          204    .bss.comm_task.vision_cnt  comm_task.o
    0x24001620        -       0x00000001   Zero   RW          214    .bss.ctrl_mode      mode_switch_task.o
    0x24001621        -       0x00000003   Zero   RW          391    .bss.dart_info      prot_judge.o
    0x24001624        -       0x00000046   Zero   RW          748    .bss.data_scope     data_log.o
    0x2400166a        -       0x0000000a   Zero   RW          303    .bss.debug_dma_rx_buf  usart_comm.o
    0x24001674        -       0x00000008   Zero   RW          337    .bss.dm_motor_output_single_data.buf  drv_dm_motor.o
    0x2400167c        -       0x00000098   Zero   RW          351    .bss.driver_motor   drv_dji_motor.o
    0x24001714        -       0x00000004   Zero   RW          388    .bss.event_data     prot_judge.o
    0x24001718        -       0x00000004   Zero   RW          389    .bss.ext_supply_projectile_action  prot_judge.o
    0x2400171c        -       0x00000004   Zero   RW          272    .bss.feed_torque    shoot_task.o
    0x24001720        -       0x00000004   Zero   RW          425    .bss.fire_Cnt       prot_vision.o
    0x24001724        -       0x00000005   Zero   RW          384    .bss.frame_header   prot_judge.o
    0x24001729   0x08039a04   0x00000001   PAD
    0x2400172a        -       0x00000002   Zero   RW          273    .bss.frequency_cnt  shoot_task.o
    0x2400172c        -       0x00000098   Zero   RW          350    .bss.fric_motor     drv_dji_motor.o
    0x240017c4        -       0x00000001   Zero   RW          386    .bss.game_result    prot_judge.o
    0x240017c5   0x08039a04   0x00000001   PAD
    0x240017c6        -       0x00000024   Zero   RW          387    .bss.game_robot_HP  prot_judge.o
    0x240017ea        -       0x0000000b   Zero   RW          385    .bss.game_status    prot_judge.o
    0x240017f5   0x08039a04   0x00000003   PAD
    0x240017f8        -       0x0000020c   Zero   RW          234    .bss.gimbal         gimbal_task.o
    0x24001a04        -       0x00000028   Zero   RW          374    .bss.gimbal_imu     prot_imu.o
    0x24001a2c        -       0x00000004   Zero   RW          233    .bss.gimbal_task.yaw_err_up  gimbal_task.o
    0x24001a30        -       0x000002dc   Zero   RW          153    .bss.hUsbDeviceHS   usb_device.o
    0x24001d0c        -       0x00000078   Zero   RW           91    .bss.hdma_spi1_tx   spi.o
    0x24001d84        -       0x00000078   Zero   RW          122    .bss.hdma_usart10_rx  usart.o
    0x24001dfc        -       0x00000078   Zero   RW          123    .bss.hdma_usart10_tx  usart.o
    0x24001e74        -       0x00000078   Zero   RW          114    .bss.hdma_usart1_rx  usart.o
    0x24001eec        -       0x00000078   Zero   RW          115    .bss.hdma_usart1_tx  usart.o
    0x24001f64        -       0x00000078   Zero   RW          116    .bss.hdma_usart2_rx  usart.o
    0x24001fdc        -       0x00000078   Zero   RW          117    .bss.hdma_usart2_tx  usart.o
    0x24002054        -       0x00000078   Zero   RW          118    .bss.hdma_usart3_rx  usart.o
    0x240020cc        -       0x00000078   Zero   RW          119    .bss.hdma_usart3_tx  usart.o
    0x24002144        -       0x00000078   Zero   RW          121    .bss.hdma_usart6_rx  usart.o
    0x240021bc        -       0x00000078   Zero   RW          120    .bss.hdma_usart6_tx  usart.o
    0x24002234        -       0x000000a0   Zero   RW           63    .bss.hfdcan1        fdcan.o
    0x240022d4        -       0x000000a0   Zero   RW           64    .bss.hfdcan2        fdcan.o
    0x24002374        -       0x000000a0   Zero   RW           65    .bss.hfdcan3        fdcan.o
    0x24002414        -       0x00000010   Zero   RW           74    .bss.hiwdg1         iwdg.o
    0x24002424        -       0x000004e4   Zero   RW          185    .bss.hpcd_USB_OTG_HS  usbd_conf.o
    0x24002908        -       0x00000014   Zero   RW           82    .bss.hrng           rng.o
    0x2400291c        -       0x00000088   Zero   RW           90    .bss.hspi1          spi.o
    0x240029a4        -       0x0000004c   Zero   RW          145    .bss.htim1          stm32h7xx_hal_timebase_tim.o
    0x240029f0        -       0x0000004c   Zero   RW           99    .bss.htim2          tim.o
    0x24002a3c        -       0x0000004c   Zero   RW          100    .bss.htim3          tim.o
    0x24002a88        -       0x00000094   Zero   RW          109    .bss.huart1         usart.o
    0x24002b1c        -       0x00000094   Zero   RW          113    .bss.huart10        usart.o
    0x24002bb0        -       0x00000094   Zero   RW          110    .bss.huart2         usart.o
    0x24002c44        -       0x00000094   Zero   RW          111    .bss.huart3         usart.o
    0x24002cd8        -       0x00000094   Zero   RW          112    .bss.huart6         usart.o
    0x24002d6c        -       0x00000094   Zero   RW          108    .bss.huart9         usart.o
    0x24002e00        -       0x00000001   Zero   RW          396    .bss.hurt_data      prot_judge.o
    0x24002e01        -       0x00000096   Zero   RW          304    .bss.judge_data_rx_buf  usart_comm.o
    0x24002e97   0x08039a04   0x00000001   PAD
    0x24002e98        -       0x00000004   Zero   RW          404    .bss.judge_huart    prot_judge.o
    0x24002e9c        -       0x00000004   Zero   RW          427    .bss.kanan          prot_vision.o
    0x24002ea0        -       0x00000034   Zero   RW          362    .bss.kb_status      prot_dr16.o
    0x24002ed4        -       0x0000000d   Zero   RW          363    .bss.key_scan.key_press_enable  prot_dr16.o
    0x24002ee1   0x08039a04   0x00000003   PAD
    0x24002ee4        -       0x00000004   Zero   RW          239    .bss.last_pit_ref   gimbal_task.o
    0x24002ee8        -       0x00000004   Zero   RW          237    .bss.last_yaw_ref   gimbal_task.o
    0x24002eec        -       0x00000001   Zero   RW          212    .bss.lock_flag      mode_switch_task.o
    0x24002eed   0x08039a04   0x00000003   PAD
    0x24002ef0        -       0x00000004   Zero   RW          744    .bss.log_huart      data_log.o
    0x24002ef4        -       0x00000080   Zero   RW          747    .bss.log_str        data_log.o
    0x24002f74        -       0x0000000c   Zero   RW          401    .bss.map_command    prot_judge.o
    0x24002f80        -       0x0000000a   Zero   RW          403    .bss.map_robot_data  prot_judge.o
    0x24002f8a   0x08039a04   0x00000002   PAD
    0x24002f8c        -       0x00000090   Zero   RW          349    .bss.motor_msg      drv_dji_motor.o
    0x2400301c        -       0x0000000c   Zero   RW          348    .bss.motor_send_flag  drv_dji_motor.o
    0x24003028        -       0x00000001   Zero   RW          383    .bss.online         prot_judge.o
    0x24003029   0x08039a04   0x00000003   PAD
    0x2400302c        -       0x0000004c   Zero   RW          352    .bss.pit_motor      drv_dji_motor.o
    0x24003078        -       0x00000034   Zero   RW          413    .bss.power_control  prot_power.o
    0x240030ac        -       0x00000010   Zero   RW          393    .bss.power_heat_data  prot_judge.o
    0x240030bc        -       0x00000006   Zero   RW          398    .bss.projectile_allowance  prot_judge.o
    0x240030c2        -       0x00000078   Zero   RW         1062    .bss.prvCheckForValidListAndQueue.ucStaticTimerQueueStorage  timers.o
    0x2400313a   0x08039a04   0x00000002   PAD
    0x2400313c        -       0x00000048   Zero   RW         1061    .bss.prvCheckForValidListAndQueue.xStaticTimerQueue  timers.o
    0x24003184        -       0x00000004   Zero   RW         1058    .bss.prvSampleTimeNow.xLastTime  timers.o
    0x24003188        -       0x00000010   Zero   RW          763    .bss.prv_us_time    us_time.o
    0x24003198        -       0x00000004   Zero   RW         1024    .bss.pxCurrentTCB   tasks.o
    0x2400319c        -       0x00000004   Zero   RW         1056    .bss.pxCurrentTimerList  timers.o
    0x240031a0        -       0x00000004   Zero   RW         1041    .bss.pxDelayedTaskList  tasks.o
    0x240031a4        -       0x00000004   Zero   RW         1079    .bss.pxEnd          heap_4.o
    0x240031a8        -       0x00000004   Zero   RW         1042    .bss.pxOverflowDelayedTaskList  tasks.o
    0x240031ac        -       0x00000004   Zero   RW         1057    .bss.pxOverflowTimerList  timers.o
    0x240031b0        -       0x0000008c   Zero   RW         1025    .bss.pxReadyTasksLists  tasks.o
    0x2400323c        -       0x00000030   Zero   RW          366    .bss.rc             prot_dr16.o
    0x2400326c        -       0x00000001   Zero   RW          364    .bss.rc_fsm_init.last_trig_flag  prot_dr16.o
    0x2400326d        -       0x00000001   Zero   RW          365    .bss.rc_fsm_init.state  prot_dr16.o
    0x2400326e        -       0x00000003   Zero   RW          390    .bss.referee_warning  prot_judge.o
    0x24003271   0x08039a04   0x00000001   PAD
    0x24003272        -       0x0000000c   Zero   RW          402    .bss.remote_control  prot_judge.o
    0x2400327e   0x08039a04   0x00000002   PAD
    0x24003280        -       0x00000004   Zero   RW          399    .bss.rfid_status    prot_judge.o
    0x24003284        -       0x000000c4   Zero   RW          326    .bss.rgb            drv_ws2812b.o
    0x24003348        -       0x00000077   Zero   RW          400    .bss.robot_interaction_data  prot_judge.o
    0x240033bf   0x08039a04   0x00000001   PAD
    0x240033c0        -       0x0000000c   Zero   RW          394    .bss.robot_pos      prot_judge.o
    0x240033cc        -       0x0000000d   Zero   RW          392    .bss.robot_status   prot_judge.o
    0x240033d9        -       0x00000040   Zero   RW          293    .bss.rx_fifo0_data  can_comm.o
    0x24003419   0x08039a04   0x00000003   PAD
    0x2400341c        -       0x00000028   Zero   RW          292    .bss.rx_fifo0_message  can_comm.o
    0x24003444        -       0x00000040   Zero   RW          295    .bss.rx_fifo1_data  can_comm.o
    0x24003484        -       0x00000028   Zero   RW          294    .bss.rx_fifo1_message  can_comm.o
    0x240034ac        -       0x00000170   Zero   RW          269    .bss.shoot          shoot_task.o
    0x2400361c        -       0x00000004   Zero   RW          423    .bss.shoot_Cnt      prot_vision.o
    0x24003620        -       0x00000007   Zero   RW          397    .bss.shoot_data     prot_judge.o
    0x24003627   0x08039a04   0x00000001   PAD
    0x24003628        -       0x00000004   Zero   RW          236    .bss.slope_feed     gimbal_task.o
    0x2400362c        -       0x00000004   Zero   RW          238    .bss.slope_feed_pit  gimbal_task.o
    0x24003630        -       0x00000004   Zero   RW          223    .bss.status         status_task.o
    0x24003634        -       0x00000014   Zero   RW          412    .bss.supercap       prot_power.o
    0x24003648        -       0x00000004   Zero   RW          274    .bss.trigger_ecd_error  shoot_task.o
    0x2400364c        -       0x0000004c   Zero   RW          354    .bss.trigger_motor  drv_dji_motor.o
    0x24003698        -       0x00000024   Zero   RW          291    .bss.tx_message     can_comm.o
    0x240036bc        -       0x00003c00   Zero   RW         1086    .bss.ucHeap         heap_4.o
    0x240072bc        -       0x00000001   Zero   RW         1094    .bss.ucMaxSysCallPriority  port.o
    0x240072bd   0x08039a04   0x00000003   PAD
    0x240072c0        -       0x00000004   Zero   RW         1095    .bss.ulMaxPRIGROUPValue  port.o
    0x240072c4        -       0x00000004   Zero   RW          890    .bss.uwTick         stm32h7xx_hal.o
    0x240072c8        -       0x00000004   Zero   RW         1030    .bss.uxCurrentNumberOfTasks  tasks.o
    0x240072cc        -       0x00000004   Zero   RW         1029    .bss.uxDeletedTasksWaitingCleanUp  tasks.o
    0x240072d0        -       0x00000004   Zero   RW         1032    .bss.uxSchedulerSuspended  tasks.o
    0x240072d4        -       0x00000004   Zero   RW         1027    .bss.uxTaskNumber   tasks.o
    0x240072d8        -       0x00000004   Zero   RW         1026    .bss.uxTopReadyPriority  tasks.o
    0x240072dc        -       0x00000004   Zero   RW          270    .bss.velocity_err   shoot_task.o
    0x240072e0        -       0x00000002   Zero   RW          424    .bss.vis_e          prot_vision.o
    0x240072e2   0x08039a04   0x00000002   PAD
    0x240072e4        -       0x00000080   Zero   RW          422    .bss.vision         prot_vision.o
    0x24007364        -       0x00000001   Zero   RW          421    .bss.vision_get_data.last_aim_status  prot_vision.o
    0x24007365        -       0x00000028   Zero   RW          428    .bss.vision_send_buf  prot_vision.o
    0x2400738d        -       0x0000001d   Zero   RW          426    .bss.vision_tx_msg  prot_vision.o
    0x240073aa   0x08039a04   0x00000002   PAD
    0x240073ac        -       0x00000118   Zero   RW          697    .bss.wlr            wlr.o
    0x240074c4        -       0x00000014   Zero   RW         1059    .bss.xActiveTimerList1  timers.o
    0x240074d8        -       0x00000014   Zero   RW         1060    .bss.xActiveTimerList2  timers.o
    0x240074ec        -       0x00000004   Zero   RW         1080    .bss.xBlockAllocatedBit  heap_4.o
    0x240074f0        -       0x00000014   Zero   RW         1044    .bss.xDelayedTaskList1  tasks.o
    0x24007504        -       0x00000014   Zero   RW         1045    .bss.xDelayedTaskList2  tasks.o
    0x24007518        -       0x00000004   Zero   RW         1081    .bss.xFreeBytesRemaining  heap_4.o
    0x2400751c        -       0x00000200   Zero   RW           29    .bss.xIdleStack     freertos.o
    0x2400771c        -       0x00000004   Zero   RW         1037    .bss.xIdleTaskHandle  tasks.o
    0x24007720        -       0x00000054   Zero   RW           28    .bss.xIdleTaskTCBBuffer  freertos.o
    0x24007774        -       0x00000004   Zero   RW         1083    .bss.xMinimumEverFreeBytesRemaining  heap_4.o
    0x24007778        -       0x00000004   Zero   RW         1038    .bss.xNextTaskUnblockTime  tasks.o
    0x2400777c        -       0x00000004   Zero   RW         1043    .bss.xNumOfOverflows  tasks.o
    0x24007780        -       0x00000004   Zero   RW         1084    .bss.xNumberOfSuccessfulAllocations  heap_4.o
    0x24007784        -       0x00000004   Zero   RW         1085    .bss.xNumberOfSuccessfulFrees  heap_4.o
    0x24007788        -       0x00000004   Zero   RW         1040    .bss.xPendedTicks   tasks.o
    0x2400778c        -       0x00000014   Zero   RW         1035    .bss.xPendingReadyList  tasks.o
    0x240077a0        -       0x00000040   Zero   RW         1009    .bss.xQueueRegistry  queue.o
    0x240077e0        -       0x00000004   Zero   RW         1031    .bss.xSchedulerRunning  tasks.o
    0x240077e4        -       0x00000008   Zero   RW         1082    .bss.xStart         heap_4.o
    0x240077ec        -       0x00000014   Zero   RW         1034    .bss.xSuspendedTaskList  tasks.o
    0x24007800        -       0x00000014   Zero   RW         1028    .bss.xTasksWaitingTermination  tasks.o
    0x24007814        -       0x00000004   Zero   RW         1033    .bss.xTickCount     tasks.o
    0x24007818        -       0x00000004   Zero   RW         1053    .bss.xTimerQueue    timers.o
    0x2400781c        -       0x00000400   Zero   RW           31    .bss.xTimerStack    freertos.o
    0x24007c1c        -       0x00000004   Zero   RW         1055    .bss.xTimerTaskHandle  timers.o
    0x24007c20        -       0x00000054   Zero   RW           30    .bss.xTimerTaskTCBBuffer  freertos.o
    0x24007c74        -       0x00000004   Zero   RW         1039    .bss.xYieldPending  tasks.o
    0x24007c78        -       0x00000004   Zero   RW          235    .bss.yaw_err        gimbal_task.o
    0x24007c7c        -       0x0000004c   Zero   RW          353    .bss.yaw_motor      drv_dji_motor.o
    0x24007cc8        -       0x00003000   Zero   RW            1    STACK               startup_stm32h723xx.o


==============================================================================

Image component sizes


      Code (inc. data)   RO Data    RW Data    ZI Data      Debug   Object Name

       780         16          0          0         69       3386   board_comm.o
       996          0          0          0        244       5859   can_comm.o
         0          0          0          0         36       7752   chassis_task.o
      4312          0          0          0          0      15590   cmsis_os.o
       100          0          0          0          4        686   comm_task.o
       698          0       1280          0          0       2332   crc.o
       618          0          0          0        202       5941   data_log.o
       226          0          0          1          0        970   debug_task.o
       270          0          0          0          0       5271   dma.o
      1796         12         48          8        688       4393   drv_dji_motor.o
      2426        120          0          8          8       4586   drv_dm_motor.o
       900         10          2          0        196       1938   drv_ws2812b.o
      1132          0          0          0        484      10194   fdcan.o
       556          0        272          0       1728       3535   freertos.o
      2456        124          0         16        548       4124   gimbal_task.o
       414          0          0          0          0       3058   gpio.o
      1342          0          0          0      15392       4291   heap_4.o
        50          0          0          0         16       1176   iwdg.o
       312          0          0          0          0       2112   list.o
       636          0          0          0          0       9560   main.o
      1612         12          0          0          0       3258   math_lib.o
       198          0          0          0          2       2649   mode_switch_task.o
      1174          0          0          0          0       2384   pid.o
      1220         24          0          4          5       3578   port.o
      1786         14          0          0        115       4228   prot_dr16.o
       264         20          0          0         80       1312   prot_imu.o
      1034          0          0          0        290       9616   prot_judge.o
      1782         72          0          0         72       3287   prot_power.o
      2270         36          0          0        212       3948   prot_vision.o
      5164          0          0          0         64      14549   queue.o
       180          0          0          0         20       4865   rng.o
      2692         60          0          5        386       4452   shoot_task.o
       518          0          0          0        256       9755   spi.o
        36          8        716          0      12288        836   startup_stm32h723xx.o
      1330          0          0          0          4       2619   status_task.o
      2360          0          0          5          4      13546   stm32h7xx_hal.o
      1564          0          0          0          0      10842   stm32h7xx_hal_cortex.o
     20692         22          8          0          0      12116   stm32h7xx_hal_dma.o
     14806          0         92          0          0      31453   stm32h7xx_hal_fdcan.o
      1786          0          0          0          0       6825   stm32h7xx_hal_gpio.o
       188          0          0          0          0       1605   stm32h7xx_hal_iwdg.o
        50          0          0          0          0       5249   stm32h7xx_hal_msp.o
      5914          0          0          0          0      13577   stm32h7xx_hal_pcd.o
       668          0          0          0          0       5319   stm32h7xx_hal_pcd_ex.o
       746          0          0          0          0       4618   stm32h7xx_hal_pwr.o
      2450          0          0          0          0       8539   stm32h7xx_hal_pwr_ex.o
      6442         66          0          0          0      11152   stm32h7xx_hal_rcc.o
     11922        130          0          0          0      18162   stm32h7xx_hal_rcc_ex.o
      1564          0          0          0          0       4087   stm32h7xx_hal_rng.o
     12086          0          0          0          0      19739   stm32h7xx_hal_spi.o
     30102        248          0          0          0      35109   stm32h7xx_hal_tim.o
     11502         22          0          0          0      17124   stm32h7xx_hal_tim_ex.o
       244          0          0          0         76       9478   stm32h7xx_hal_timebase_tim.o
     17230        342         24          0          0      27926   stm32h7xx_hal_uart.o
      2404          0         16          0          0       8504   stm32h7xx_hal_uart_ex.o
       536          0          0          0          0       2622   stm32h7xx_it.o
      9316         12          0          0          0      18929   stm32h7xx_ll_usb.o
      1040         62         16          8          0       5164   system_stm32h7xx.o
      8874         12          5          0        300      20028   tasks.o
       660          0          0          0        152      10721   tim.o
      2590         10         13          0        252       9873   timers.o
       580         12          0          0         16       2040   us_time.o
      3154          0          0          0       2088      13778   usart.o
       168          0          0          0        160       4288   usart_comm.o
       122          0          0          0        732       3141   usb_device.o
      2542         12          0        136          0      10720   usbd_cdc.o
       328         36          0         20       4096       2487   usbd_cdc_if.o
      1744          4          0          0       1796      17687   usbd_conf.o
      2334          0          0          0          0       8507   usbd_core.o
      3514         46          0          0          1       8325   usbd_ctlreq.o
       622          0         66         92        512       3143   usbd_desc.o
       280          0          0          0          0       4054   usbd_ioreq.o
         0          0          0          0        280       9865   wlr.o

    ----------------------------------------------------------------------
    224654       1584       2592        312      43916     588432   Object Totals
         0          0         32          0          0          0   (incl. Generated)
       250         20          2          9         42          0   (incl. Padding)

    ----------------------------------------------------------------------

      Code (inc. data)   RO Data    RW Data    ZI Data      Debug   Library Member Name

         0          0       2052          0          0       4961   arm_common_tables.o
       144         12          0          0          0       1111   arm_cos_f32.o
       352         56          0          0          0        172   atanf.o
        38          0          0          0          0        116   fpclassifyf.o
        80         24          0          0          0        696   funder.o
      1636        110        320          0          0        372   powf.o
        58          0          0          0          0        136   sqrtf.o
         0          0          0          0          0          0   entry.o
         0          0          0          0          0          0   entry10a.o
         0          0          0          0          0          0   entry11a.o
         8          4          0          0          0          0   entry2.o
         4          0          0          0          0          0   entry5.o
         0          0          0          0          0          0   entry7b.o
         0          0          0          0          0          0   entry8b.o
         8          4          0          0          0          0   entry9a.o
        12          6          0          4          0         68   errno.o
        30          0          0          0          0          0   handlers.o
        36          8          0          0          0         68   init.o
         0          0          0          0          0          0   iusefp.o
        30          0          0          0          0         68   llshl.o
        36          0          0          0          0         68   llsshr.o
        32          0          0          0          0         68   llushr.o
        36          0          0          0          0         68   memcpya.o
        36          0          0          0          0        108   memseta.o
      2300         86          0          0          0        516   printfa.o
        44          0          0          0          0         80   uidiv.o
        98          0          0          0          0         92   uldiv.o
        48          0          0          0          0         68   cdrcmple.o
       334          0          0          0          0        148   dadd.o
       222          0          0          0          0        100   ddiv.o
       186          0          0          0          0        176   depilogue.o
        48          0          0          0          0         68   dfixul.o
       228          0          0          0          0         96   dmul.o
         4          0          0          0          0         68   fpstat.o

    ----------------------------------------------------------------------
      6098        310       2372          4          0       9492   Library Totals
        10          0          0          0          0          0   (incl. Padding)

    ----------------------------------------------------------------------

      Code (inc. data)   RO Data    RW Data    ZI Data      Debug   Library Name

       144         12       2052          0          0       6072   arm_cortexM7lfdp_math.lib
      2164        190        320          0          0       1492   m_wv.l
      2710        108          0          4          0       1204   mc_w.l
      1070          0          0          0          0        724   mf_w.l

    ----------------------------------------------------------------------
      6098        310       2372          4          0       9492   Library Totals

    ----------------------------------------------------------------------

==============================================================================


      Code (inc. data)   RO Data    RW Data    ZI Data      Debug   

    230752       1894       4964        316      43916     595120   Grand Totals
    230752       1894       4964        316      43916     595120   ELF Image Totals
    230752       1894       4964        316          0          0   ROM Totals

==============================================================================

    Total RO  Size (Code + RO Data)               235716 ( 230.19kB)
    Total RW  Size (RW Data + ZI Data)             44232 (  43.20kB)
    Total ROM Size (Code + RO Data + RW Data)     236032 ( 230.50kB)

==============================================================================

