<html>
<body>
<pre>
<h1>µVision Build Log</h1>
<h2>Tool Versions:</h2>
IDE-Version: ¦ÌVision V5.43.1.0
Copyright (C) 2025 ARM Ltd and ARM Germany GmbH. All rights reserved.
License Information: Jiayi Luo, asus, LIC=9WSKC-7TDH3-01JP1-CP617-V0YQJ-1QN60
 
Tool Versions:
Toolchain:       MDK-ARM Plus  Version: 5.43.0.0
Toolchain Path:  D:\KEIL5\ARM\ARMCLANG\Bin
C Compiler:      ArmClang.exe V6.24
Assembler:       Armasm.exe V6.24
Linker/Locator:  ArmLink.exe V6.24
Library Manager: ArmAr.exe V6.24
Hex Converter:   FromElf.exe V6.24
CPU DLL:         SARMCM3.DLL V5.43.0.0
Dialog DLL:      DCM.DLL V1.17.5.0
Target DLL:      CMSIS_AGDI.dll V1.33.24.0
Dialog DLL:      TCM.DLL V1.56.6.0
 
<h2>Project:</h2>
D:\RM\wheel_leg_2026\wheel_leg_2025--4\rm_main\MDK-ARM\rm_main.uvprojx
Project File Date:  11/15/2025

<h2>Output:</h2>
*** Using Compiler 'V6.24', folder: 'D:\KEIL5\ARM\ARMCLANG\Bin'
Build target 'rm_main'
assembling startup_stm32h723xx.s...
compiling rng.c...
compiling gpio.c...
compiling dma.c...
compiling fdcan.c...
compiling stm32h7xx_hal_timebase_tim.c...
compiling stm32h7xx_hal_msp.c...
compiling iwdg.c...
compiling spi.c...
compiling tim.c...
compiling main.c...
compiling stm32h7xx_it.c...
compiling usart.c...
compiling freertos.c...
compiling usb_device.c...
compiling usbd_desc.c...
compiling usbd_cdc_if.c...
compiling comm_task.c...
compiling debug_task.c...
compiling usbd_conf.c...
compiling mode_switch_task.c...
compiling gimbal_task.c...
compiling status_task.c...
compiling usart_comm.c...
compiling can_comm.c...
compiling drv_dji_motor.c...
compiling shoot_task.c...
compiling drv_ws2812b.c...
compiling chassis_task.c...
compiling prot_imu.c...
compiling drv_dm_motor.c...
compiling ui_task.c...
compiling prot_dr16.c...
compiling filter.c...
compiling crc.c...
compiling prot_judge.c...
compiling prot_power.c...
compiling prot_tfmini.c...
compiling prot_vision.c...
compiling math_lib.c...
compiling kalman_filter.c...
compiling pid.c...
compiling SMC.c...
compiling KNN.c...
compiling math_matrix.c...
compiling ui_interface.c...
compiling ui_default_group1_0.c...
compiling ui_default_group2_0.c...
compiling ui_default_group2_1.c...
compiling ui_default_group2_3.c...
compiling ui_default_group2_2.c...
compiling ui_default_group2_4.c...
compiling ui_default_group4_0.c...
compiling ui_default_group3_0.c...
compiling ui_default_group5_0.c...
compiling ui_default_Ungroup_vision_rec_0.c...
compiling ui_default_Ungroup_try_new_0.c...
compiling ui_default_group5_1.c...
compiling ui_default_lock_0.c...
compiling ui_g_Ungroup_0.c...
compiling leg_vmc.c...
compiling ui_default_Ungroup_0.c...
compiling wheel_leg_model.c...
compiling ui_g_Ungroup_leg_0.c...
compiling data_buffer.c...
compiling data_fifo.c...
compiling data_log.c...
compiling func_generator.c...
compiling wlr.c...
compiling system_stm32h7xx.c...
compiling us_time.c...
compiling stm32h7xx_hal_pcd_ex.c...
compiling stm32h7xx_hal_pcd.c...
compiling stm32h7xx_hal_flash.c...
compiling stm32h7xx_hal_flash_ex.c...
compiling stm32h7xx_hal_rcc.c...
compiling stm32h7xx_hal_gpio.c...
compiling stm32h7xx_hal_hsem.c...
compiling stm32h7xx_ll_usb.c...
compiling stm32h7xx_hal_dma_ex.c...
compiling stm32h7xx_hal_rcc_ex.c...
compiling stm32h7xx_hal_pwr.c...
compiling stm32h7xx_hal_cortex.c...
compiling stm32h7xx_hal_pwr_ex.c...
compiling stm32h7xx_hal_mdma.c...
compiling stm32h7xx_hal_dma.c...
compiling stm32h7xx_hal.c...
compiling stm32h7xx_hal_i2c_ex.c...
compiling stm32h7xx_hal_exti.c...
compiling stm32h7xx_hal_iwdg.c...
compiling stm32h7xx_hal_rng.c...
compiling stm32h7xx_hal_rng_ex.c...
compiling stm32h7xx_hal_spi_ex.c...
compiling croutine.c...
compiling list.c...
compiling event_groups.c...
compiling stm32h7xx_hal_uart_ex.c...
compiling stm32h7xx_hal_fdcan.c...
compiling stm32h7xx_hal_spi.c...
compiling queue.c...
compiling stm32h7xx_hal_tim_ex.c...
compiling stream_buffer.c...
compiling timers.c...
compiling heap_4.c...
compiling port.c...
compiling tasks.c...
compiling stm32h7xx_hal_i2c.c...
compiling cmsis_os.c...
compiling stm32h7xx_hal_uart.c...
compiling usbd_ioreq.c...
compiling usbd_core.c...
compiling stm32h7xx_hal_tim.c...
compiling usbd_ctlreq.c...
compiling usbd_cdc.c...
linking...
Program Size: Code=95936 RO-data=5548 RW-data=1276 ZI-data=62188  
FromELF: creating hex file...
"rm_main\rm_main.axf" - 0 Error(s), 0 Warning(s).

<h2>Software Packages used:</h2>

Package Vendor: ARM
                https://www.keil.com/pack/ARM.CMSIS.6.2.0.pack
                ARM::CMSIS@6.2.0
                CMSIS (Common Microcontroller Software Interface Standard)
   * Component: CORE Version: 6.1.1

Package Vendor: Keil
                https://www.keil.com/pack/Keil.STM32H7xx_DFP.3.1.1.pack
                Keil::STM32H7xx_DFP@3.1.1
                STMicroelectronics STM32H7 Series Device Support and Examples

<h2>Collection of Component include folders:</h2>
  ./RTE/_rm_main
  D:/KEIL5/keli_pkg/ARM/CMSIS/6.2.0/CMSIS/Core/Include
  D:/KEIL5/keli_pkg/Keil/STM32H7xx_DFP/3.1.1/Drivers/CMSIS/Device/ST/STM32H7xx/Include

<h2>Collection of Component Files used:</h2>

   * Component: ARM::CMSIS:CORE@6.1.1
      Include file:  CMSIS/Core/Include/tz_context.h
Build Time Elapsed:  00:00:05
</pre>
</body>
</html>
