<!doctype html public "-//w3c//dtd html 4.0 transitional//en">
<html><head>
<title>Static Call Graph - [rm_main\rm_main.axf]</title></head>
<body><HR>
<H1>Static Call Graph for image rm_main\rm_main.axf</H1><HR>
<BR><P>#&#060CALLGRAPH&#062# ARM Linker, 6240002: Last Updated: Wed May  6 14:36:34 2026
<BR><P>
<H3>Maximum Stack Usage =        848 bytes + Unknown(Cycles, Untraceable Function Pointers)</H3><H3>
Call chain for Maximum Stack Depth:</H3>
chassis_task &rArr; wlr_control &rArr; vmc_forward_solution_five &rArr; aMartix_Mul
<P>
<H3>
Mutually Recursive functions
</H3> <LI><a href="#[97]">ADC3_IRQHandler</a>&nbsp;&nbsp;&nbsp;&rArr;&nbsp;&nbsp;&nbsp;<a href="#[97]">ADC3_IRQHandler</a><BR>
 <LI><a href="#[2b2]">judge_get_data</a>&nbsp;&nbsp;&nbsp;&rArr;&nbsp;&nbsp;&nbsp;<a href="#[2b2]">judge_get_data</a><BR>
 <LI><a href="#[10a]">qsort</a>&nbsp;&nbsp;&nbsp;&rArr;&nbsp;&nbsp;&nbsp;<a href="#[10a]">qsort</a><BR>
</UL>
<P>
<H3>
Function Pointers
</H3><UL>
 <LI><a href="#[97]">ADC3_IRQHandler</a> from startup_stm32h723xx.o(.text) referenced from startup_stm32h723xx.o(RESET)
 <LI><a href="#[40]">ADC_IRQHandler</a> from startup_stm32h723xx.o(.text) referenced from startup_stm32h723xx.o(RESET)
 <LI><a href="#[99]">BDMA_Channel0_IRQHandler</a> from startup_stm32h723xx.o(.text) referenced from startup_stm32h723xx.o(RESET)
 <LI><a href="#[9a]">BDMA_Channel1_IRQHandler</a> from startup_stm32h723xx.o(.text) referenced from startup_stm32h723xx.o(RESET)
 <LI><a href="#[9b]">BDMA_Channel2_IRQHandler</a> from startup_stm32h723xx.o(.text) referenced from startup_stm32h723xx.o(RESET)
 <LI><a href="#[9c]">BDMA_Channel3_IRQHandler</a> from startup_stm32h723xx.o(.text) referenced from startup_stm32h723xx.o(RESET)
 <LI><a href="#[9d]">BDMA_Channel4_IRQHandler</a> from startup_stm32h723xx.o(.text) referenced from startup_stm32h723xx.o(RESET)
 <LI><a href="#[9e]">BDMA_Channel5_IRQHandler</a> from startup_stm32h723xx.o(.text) referenced from startup_stm32h723xx.o(RESET)
 <LI><a href="#[9f]">BDMA_Channel6_IRQHandler</a> from startup_stm32h723xx.o(.text) referenced from startup_stm32h723xx.o(RESET)
 <LI><a href="#[a0]">BDMA_Channel7_IRQHandler</a> from startup_stm32h723xx.o(.text) referenced from startup_stm32h723xx.o(RESET)
 <LI><a href="#[c5]">BSP_GetTick</a> from custom_bus.o(.text.BSP_GetTick) referenced 2 times from custom_ranging_sensor.o(.text.VL53L4CD_Probe)
 <LI><a href="#[c2]">BSP_I2C1_DeInit</a> from custom_bus.o(.text.BSP_I2C1_DeInit) referenced 2 times from custom_ranging_sensor.o(.text.VL53L4CD_Probe)
 <LI><a href="#[c1]">BSP_I2C1_Init</a> from custom_bus.o(.text.BSP_I2C1_Init) referenced 2 times from custom_ranging_sensor.o(.text.VL53L4CD_Probe)
 <LI><a href="#[c4]">BSP_I2C1_Recv</a> from custom_bus.o(.text.BSP_I2C1_Recv) referenced 2 times from custom_ranging_sensor.o(.text.VL53L4CD_Probe)
 <LI><a href="#[c3]">BSP_I2C1_Send</a> from custom_bus.o(.text.BSP_I2C1_Send) referenced 2 times from custom_ranging_sensor.o(.text.VL53L4CD_Probe)
 <LI><a href="#[28]">BusFault_Handler</a> from stm32h7xx_it.o(.text.BusFault_Handler) referenced from startup_stm32h723xx.o(RESET)
 <LI><a href="#[13]">CDC_Control_HS</a> from usbd_cdc_if.o(.text.CDC_Control_HS) referenced 2 times from usbd_cdc_if.o(.data.USBD_Interface_fops_HS)
 <LI><a href="#[12]">CDC_DeInit_HS</a> from usbd_cdc_if.o(.text.CDC_DeInit_HS) referenced 2 times from usbd_cdc_if.o(.data.USBD_Interface_fops_HS)
 <LI><a href="#[11]">CDC_Init_HS</a> from usbd_cdc_if.o(.text.CDC_Init_HS) referenced 2 times from usbd_cdc_if.o(.data.USBD_Interface_fops_HS)
 <LI><a href="#[14]">CDC_Receive_HS</a> from usbd_cdc_if.o(.text.CDC_Receive_HS) referenced 2 times from usbd_cdc_if.o(.data.USBD_Interface_fops_HS)
 <LI><a href="#[15]">CDC_TransmitCplt_HS</a> from usbd_cdc_if.o(.text.CDC_TransmitCplt_HS) referenced 2 times from usbd_cdc_if.o(.data.USBD_Interface_fops_HS)
 <LI><a href="#[85]">CEC_IRQHandler</a> from startup_stm32h723xx.o(.text) referenced from startup_stm32h723xx.o(RESET)
 <LI><a href="#[a1]">COMP1_IRQHandler</a> from startup_stm32h723xx.o(.text) referenced from startup_stm32h723xx.o(RESET)
 <LI><a href="#[ae]">CORDIC_IRQHandler</a> from startup_stm32h723xx.o(.text) referenced from startup_stm32h723xx.o(RESET)
 <LI><a href="#[a7]">CRS_IRQHandler</a> from startup_stm32h723xx.o(.text) referenced from startup_stm32h723xx.o(RESET)
 <LI><a href="#[77]">DCMI_PSSI_IRQHandler</a> from startup_stm32h723xx.o(.text) referenced from startup_stm32h723xx.o(RESET)
 <LI><a href="#[8a]">DFSDM1_FLT0_IRQHandler</a> from startup_stm32h723xx.o(.text) referenced from startup_stm32h723xx.o(RESET)
 <LI><a href="#[8b]">DFSDM1_FLT1_IRQHandler</a> from startup_stm32h723xx.o(.text) referenced from startup_stm32h723xx.o(RESET)
 <LI><a href="#[8c]">DFSDM1_FLT2_IRQHandler</a> from startup_stm32h723xx.o(.text) referenced from startup_stm32h723xx.o(RESET)
 <LI><a href="#[8d]">DFSDM1_FLT3_IRQHandler</a> from startup_stm32h723xx.o(.text) referenced from startup_stm32h723xx.o(RESET)
 <LI><a href="#[39]">DMA1_Stream0_IRQHandler</a> from stm32h7xx_it.o(.text.DMA1_Stream0_IRQHandler) referenced from startup_stm32h723xx.o(RESET)
 <LI><a href="#[3a]">DMA1_Stream1_IRQHandler</a> from stm32h7xx_it.o(.text.DMA1_Stream1_IRQHandler) referenced from startup_stm32h723xx.o(RESET)
 <LI><a href="#[3b]">DMA1_Stream2_IRQHandler</a> from stm32h7xx_it.o(.text.DMA1_Stream2_IRQHandler) referenced from startup_stm32h723xx.o(RESET)
 <LI><a href="#[3c]">DMA1_Stream3_IRQHandler</a> from stm32h7xx_it.o(.text.DMA1_Stream3_IRQHandler) referenced from startup_stm32h723xx.o(RESET)
 <LI><a href="#[3d]">DMA1_Stream4_IRQHandler</a> from stm32h7xx_it.o(.text.DMA1_Stream4_IRQHandler) referenced from startup_stm32h723xx.o(RESET)
 <LI><a href="#[3e]">DMA1_Stream5_IRQHandler</a> from startup_stm32h723xx.o(.text) referenced from startup_stm32h723xx.o(RESET)
 <LI><a href="#[3f]">DMA1_Stream6_IRQHandler</a> from startup_stm32h723xx.o(.text) referenced from startup_stm32h723xx.o(RESET)
 <LI><a href="#[5c]">DMA1_Stream7_IRQHandler</a> from stm32h7xx_it.o(.text.DMA1_Stream7_IRQHandler) referenced from startup_stm32h723xx.o(RESET)
 <LI><a href="#[82]">DMA2D_IRQHandler</a> from startup_stm32h723xx.o(.text) referenced from startup_stm32h723xx.o(RESET)
 <LI><a href="#[65]">DMA2_Stream0_IRQHandler</a> from stm32h7xx_it.o(.text.DMA2_Stream0_IRQHandler) referenced from startup_stm32h723xx.o(RESET)
 <LI><a href="#[66]">DMA2_Stream1_IRQHandler</a> from stm32h7xx_it.o(.text.DMA2_Stream1_IRQHandler) referenced from startup_stm32h723xx.o(RESET)
 <LI><a href="#[67]">DMA2_Stream2_IRQHandler</a> from stm32h7xx_it.o(.text.DMA2_Stream2_IRQHandler) referenced from startup_stm32h723xx.o(RESET)
 <LI><a href="#[68]">DMA2_Stream3_IRQHandler</a> from startup_stm32h723xx.o(.text) referenced from startup_stm32h723xx.o(RESET)
 <LI><a href="#[69]">DMA2_Stream4_IRQHandler</a> from startup_stm32h723xx.o(.text) referenced from startup_stm32h723xx.o(RESET)
 <LI><a href="#[6d]">DMA2_Stream5_IRQHandler</a> from stm32h7xx_it.o(.text.DMA2_Stream5_IRQHandler) referenced from startup_stm32h723xx.o(RESET)
 <LI><a href="#[6e]">DMA2_Stream6_IRQHandler</a> from stm32h7xx_it.o(.text.DMA2_Stream6_IRQHandler) referenced from startup_stm32h723xx.o(RESET)
 <LI><a href="#[6f]">DMA2_Stream7_IRQHandler</a> from startup_stm32h723xx.o(.text) referenced from startup_stm32h723xx.o(RESET)
 <LI><a href="#[89]">DMAMUX1_OVR_IRQHandler</a> from startup_stm32h723xx.o(.text) referenced from startup_stm32h723xx.o(RESET)
 <LI><a href="#[98]">DMAMUX2_OVR_IRQHandler</a> from startup_stm32h723xx.o(.text) referenced from startup_stm32h723xx.o(RESET)
 <LI><a href="#[aa]">DTS_IRQHandler</a> from startup_stm32h723xx.o(.text) referenced from startup_stm32h723xx.o(RESET)
 <LI><a href="#[2b]">DebugMon_Handler</a> from stm32h7xx_it.o(.text.DebugMon_Handler) referenced from startup_stm32h723xx.o(RESET)
 <LI><a href="#[a8]">ECC_IRQHandler</a> from startup_stm32h723xx.o(.text) referenced from startup_stm32h723xx.o(RESET)
 <LI><a href="#[6a]">ETH_IRQHandler</a> from startup_stm32h723xx.o(.text) referenced from startup_stm32h723xx.o(RESET)
 <LI><a href="#[6b]">ETH_WKUP_IRQHandler</a> from startup_stm32h723xx.o(.text) referenced from startup_stm32h723xx.o(RESET)
 <LI><a href="#[34]">EXTI0_IRQHandler</a> from startup_stm32h723xx.o(.text) referenced from startup_stm32h723xx.o(RESET)
 <LI><a href="#[56]">EXTI15_10_IRQHandler</a> from startup_stm32h723xx.o(.text) referenced from startup_stm32h723xx.o(RESET)
 <LI><a href="#[35]">EXTI1_IRQHandler</a> from startup_stm32h723xx.o(.text) referenced from startup_stm32h723xx.o(RESET)
 <LI><a href="#[36]">EXTI2_IRQHandler</a> from startup_stm32h723xx.o(.text) referenced from startup_stm32h723xx.o(RESET)
 <LI><a href="#[37]">EXTI3_IRQHandler</a> from startup_stm32h723xx.o(.text) referenced from startup_stm32h723xx.o(RESET)
 <LI><a href="#[38]">EXTI4_IRQHandler</a> from startup_stm32h723xx.o(.text) referenced from startup_stm32h723xx.o(RESET)
 <LI><a href="#[45]">EXTI9_5_IRQHandler</a> from startup_stm32h723xx.o(.text) referenced from startup_stm32h723xx.o(RESET)
 <LI><a href="#[41]">FDCAN1_IT0_IRQHandler</a> from stm32h7xx_it.o(.text.FDCAN1_IT0_IRQHandler) referenced from startup_stm32h723xx.o(RESET)
 <LI><a href="#[43]">FDCAN1_IT1_IRQHandler</a> from startup_stm32h723xx.o(.text) referenced from startup_stm32h723xx.o(RESET)
 <LI><a href="#[42]">FDCAN2_IT0_IRQHandler</a> from stm32h7xx_it.o(.text.FDCAN2_IT0_IRQHandler) referenced from startup_stm32h723xx.o(RESET)
 <LI><a href="#[44]">FDCAN2_IT1_IRQHandler</a> from startup_stm32h723xx.o(.text) referenced from startup_stm32h723xx.o(RESET)
 <LI><a href="#[b3]">FDCAN3_IT0_IRQHandler</a> from stm32h7xx_it.o(.text.FDCAN3_IT0_IRQHandler) referenced from startup_stm32h723xx.o(RESET)
 <LI><a href="#[b4]">FDCAN3_IT1_IRQHandler</a> from startup_stm32h723xx.o(.text) referenced from startup_stm32h723xx.o(RESET)
 <LI><a href="#[6c]">FDCAN_CAL_IRQHandler</a> from startup_stm32h723xx.o(.text) referenced from startup_stm32h723xx.o(RESET)
 <LI><a href="#[32]">FLASH_IRQHandler</a> from startup_stm32h723xx.o(.text) referenced from startup_stm32h723xx.o(RESET)
 <LI><a href="#[ad]">FMAC_IRQHandler</a> from startup_stm32h723xx.o(.text) referenced from startup_stm32h723xx.o(RESET)
 <LI><a href="#[5d]">FMC_IRQHandler</a> from startup_stm32h723xx.o(.text) referenced from startup_stm32h723xx.o(RESET)
 <LI><a href="#[79]">FPU_IRQHandler</a> from startup_stm32h723xx.o(.text) referenced from startup_stm32h723xx.o(RESET)
 <LI><a href="#[96]">HSEM1_IRQHandler</a> from startup_stm32h723xx.o(.text) referenced from startup_stm32h723xx.o(RESET)
 <LI><a href="#[26]">HardFault_Handler</a> from stm32h7xx_it.o(.text.HardFault_Handler) referenced from startup_stm32h723xx.o(RESET)
 <LI><a href="#[4e]">I2C1_ER_IRQHandler</a> from startup_stm32h723xx.o(.text) referenced from startup_stm32h723xx.o(RESET)
 <LI><a href="#[4d]">I2C1_EV_IRQHandler</a> from startup_stm32h723xx.o(.text) referenced from startup_stm32h723xx.o(RESET)
 <LI><a href="#[50]">I2C2_ER_IRQHandler</a> from startup_stm32h723xx.o(.text) referenced from startup_stm32h723xx.o(RESET)
 <LI><a href="#[4f]">I2C2_EV_IRQHandler</a> from startup_stm32h723xx.o(.text) referenced from startup_stm32h723xx.o(RESET)
 <LI><a href="#[72]">I2C3_ER_IRQHandler</a> from startup_stm32h723xx.o(.text) referenced from startup_stm32h723xx.o(RESET)
 <LI><a href="#[71]">I2C3_EV_IRQHandler</a> from startup_stm32h723xx.o(.text) referenced from startup_stm32h723xx.o(RESET)
 <LI><a href="#[87]">I2C4_ER_IRQHandler</a> from startup_stm32h723xx.o(.text) referenced from startup_stm32h723xx.o(RESET)
 <LI><a href="#[86]">I2C4_EV_IRQHandler</a> from startup_stm32h723xx.o(.text) referenced from startup_stm32h723xx.o(RESET)
 <LI><a href="#[b2]">I2C5_ER_IRQHandler</a> from startup_stm32h723xx.o(.text) referenced from startup_stm32h723xx.o(RESET)
 <LI><a href="#[b1]">I2C5_EV_IRQHandler</a> from startup_stm32h723xx.o(.text) referenced from startup_stm32h723xx.o(RESET)
 <LI><a href="#[84]">LPTIM1_IRQHandler</a> from startup_stm32h723xx.o(.text) referenced from startup_stm32h723xx.o(RESET)
 <LI><a href="#[a2]">LPTIM2_IRQHandler</a> from startup_stm32h723xx.o(.text) referenced from startup_stm32h723xx.o(RESET)
 <LI><a href="#[a3]">LPTIM3_IRQHandler</a> from startup_stm32h723xx.o(.text) referenced from startup_stm32h723xx.o(RESET)
 <LI><a href="#[a4]">LPTIM4_IRQHandler</a> from startup_stm32h723xx.o(.text) referenced from startup_stm32h723xx.o(RESET)
 <LI><a href="#[a5]">LPTIM5_IRQHandler</a> from startup_stm32h723xx.o(.text) referenced from startup_stm32h723xx.o(RESET)
 <LI><a href="#[a6]">LPUART1_IRQHandler</a> from startup_stm32h723xx.o(.text) referenced from startup_stm32h723xx.o(RESET)
 <LI><a href="#[81]">LTDC_ER_IRQHandler</a> from startup_stm32h723xx.o(.text) referenced from startup_stm32h723xx.o(RESET)
 <LI><a href="#[80]">LTDC_IRQHandler</a> from startup_stm32h723xx.o(.text) referenced from startup_stm32h723xx.o(RESET)
 <LI><a href="#[93]">MDIOS_IRQHandler</a> from startup_stm32h723xx.o(.text) referenced from startup_stm32h723xx.o(RESET)
 <LI><a href="#[92]">MDIOS_WKUP_IRQHandler</a> from startup_stm32h723xx.o(.text) referenced from startup_stm32h723xx.o(RESET)
 <LI><a href="#[94]">MDMA_IRQHandler</a> from startup_stm32h723xx.o(.text) referenced from startup_stm32h723xx.o(RESET)
 <LI><a href="#[27]">MemManage_Handler</a> from stm32h7xx_it.o(.text.MemManage_Handler) referenced from startup_stm32h723xx.o(RESET)
 <LI><a href="#[25]">NMI_Handler</a> from stm32h7xx_it.o(.text.NMI_Handler) referenced from startup_stm32h723xx.o(RESET)
 <LI><a href="#[83]">OCTOSPI1_IRQHandler</a> from startup_stm32h723xx.o(.text) referenced from startup_stm32h723xx.o(RESET)
 <LI><a href="#[ac]">OCTOSPI2_IRQHandler</a> from startup_stm32h723xx.o(.text) referenced from startup_stm32h723xx.o(RESET)
 <LI><a href="#[74]">OTG_HS_EP1_IN_IRQHandler</a> from stm32h7xx_it.o(.text.OTG_HS_EP1_IN_IRQHandler) referenced from startup_stm32h723xx.o(RESET)
 <LI><a href="#[73]">OTG_HS_EP1_OUT_IRQHandler</a> from stm32h7xx_it.o(.text.OTG_HS_EP1_OUT_IRQHandler) referenced from startup_stm32h723xx.o(RESET)
 <LI><a href="#[76]">OTG_HS_IRQHandler</a> from stm32h7xx_it.o(.text.OTG_HS_IRQHandler) referenced from startup_stm32h723xx.o(RESET)
 <LI><a href="#[75]">OTG_HS_WKUP_IRQHandler</a> from startup_stm32h723xx.o(.text) referenced from startup_stm32h723xx.o(RESET)
 <LI><a href="#[2f]">PVD_AVD_IRQHandler</a> from startup_stm32h723xx.o(.text) referenced from startup_stm32h723xx.o(RESET)
 <LI><a href="#[2c]">PendSV_Handler</a> from port.o(.text.PendSV_Handler) referenced from startup_stm32h723xx.o(RESET)
 <LI><a href="#[33]">RCC_IRQHandler</a> from startup_stm32h723xx.o(.text) referenced from startup_stm32h723xx.o(RESET)
 <LI><a href="#[78]">RNG_IRQHandler</a> from startup_stm32h723xx.o(.text) referenced from startup_stm32h723xx.o(RESET)
 <LI><a href="#[57]">RTC_Alarm_IRQHandler</a> from startup_stm32h723xx.o(.text) referenced from startup_stm32h723xx.o(RESET)
 <LI><a href="#[31]">RTC_WKUP_IRQHandler</a> from startup_stm32h723xx.o(.text) referenced from startup_stm32h723xx.o(RESET)
 <LI><a href="#[24]">Reset_Handler</a> from startup_stm32h723xx.o(.text) referenced from startup_stm32h723xx.o(RESET)
 <LI><a href="#[7f]">SAI1_IRQHandler</a> from startup_stm32h723xx.o(.text) referenced from startup_stm32h723xx.o(RESET)
 <LI><a href="#[a9]">SAI4_IRQHandler</a> from startup_stm32h723xx.o(.text) referenced from startup_stm32h723xx.o(RESET)
 <LI><a href="#[5e]">SDMMC1_IRQHandler</a> from startup_stm32h723xx.o(.text) referenced from startup_stm32h723xx.o(RESET)
 <LI><a href="#[95]">SDMMC2_IRQHandler</a> from startup_stm32h723xx.o(.text) referenced from startup_stm32h723xx.o(RESET)
 <LI><a href="#[88]">SPDIF_RX_IRQHandler</a> from startup_stm32h723xx.o(.text) referenced from startup_stm32h723xx.o(RESET)
 <LI><a href="#[51]">SPI1_IRQHandler</a> from stm32h7xx_it.o(.text.SPI1_IRQHandler) referenced from startup_stm32h723xx.o(RESET)
 <LI><a href="#[52]">SPI2_IRQHandler</a> from startup_stm32h723xx.o(.text) referenced from startup_stm32h723xx.o(RESET)
 <LI><a href="#[60]">SPI3_IRQHandler</a> from startup_stm32h723xx.o(.text) referenced from startup_stm32h723xx.o(RESET)
 <LI><a href="#[7c]">SPI4_IRQHandler</a> from startup_stm32h723xx.o(.text) referenced from startup_stm32h723xx.o(RESET)
 <LI><a href="#[7d]">SPI5_IRQHandler</a> from startup_stm32h723xx.o(.text) referenced from startup_stm32h723xx.o(RESET)
 <LI><a href="#[7e]">SPI6_IRQHandler</a> from startup_stm32h723xx.o(.text) referenced from startup_stm32h723xx.o(RESET)
 <LI><a href="#[ba]">SPI_DMAAbortOnError</a> from stm32h7xx_hal_spi.o(.text.SPI_DMAAbortOnError) referenced 4 times from stm32h7xx_hal_spi.o(.text.HAL_SPI_IRQHandler)
 <LI><a href="#[2a]">SVC_Handler</a> from port.o(.text.SVC_Handler) referenced from startup_stm32h723xx.o(RESET)
 <LI><a href="#[8e]">SWPMI1_IRQHandler</a> from startup_stm32h723xx.o(.text) referenced from startup_stm32h723xx.o(RESET)
 <LI><a href="#[2d]">SysTick_Handler</a> from port.o(.text.SysTick_Handler) referenced from startup_stm32h723xx.o(RESET)
 <LI><a href="#[b8]">SystemInit</a> from system_stm32h7xx.o(.text.SystemInit) referenced from startup_stm32h723xx.o(.text)
 <LI><a href="#[30]">TAMP_STAMP_IRQHandler</a> from startup_stm32h723xx.o(.text) referenced from startup_stm32h723xx.o(RESET)
 <LI><a href="#[8f]">TIM15_IRQHandler</a> from startup_stm32h723xx.o(.text) referenced from startup_stm32h723xx.o(RESET)
 <LI><a href="#[90]">TIM16_IRQHandler</a> from startup_stm32h723xx.o(.text) referenced from startup_stm32h723xx.o(RESET)
 <LI><a href="#[91]">TIM17_IRQHandler</a> from startup_stm32h723xx.o(.text) referenced from startup_stm32h723xx.o(RESET)
 <LI><a href="#[46]">TIM1_BRK_IRQHandler</a> from startup_stm32h723xx.o(.text) referenced from startup_stm32h723xx.o(RESET)
 <LI><a href="#[49]">TIM1_CC_IRQHandler</a> from startup_stm32h723xx.o(.text) referenced from startup_stm32h723xx.o(RESET)
 <LI><a href="#[48]">TIM1_TRG_COM_IRQHandler</a> from startup_stm32h723xx.o(.text) referenced from startup_stm32h723xx.o(RESET)
 <LI><a href="#[47]">TIM1_UP_IRQHandler</a> from stm32h7xx_it.o(.text.TIM1_UP_IRQHandler) referenced from startup_stm32h723xx.o(RESET)
 <LI><a href="#[b5]">TIM23_IRQHandler</a> from startup_stm32h723xx.o(.text) referenced from startup_stm32h723xx.o(RESET)
 <LI><a href="#[b6]">TIM24_IRQHandler</a> from startup_stm32h723xx.o(.text) referenced from startup_stm32h723xx.o(RESET)
 <LI><a href="#[4a]">TIM2_IRQHandler</a> from stm32h7xx_it.o(.text.TIM2_IRQHandler) referenced from startup_stm32h723xx.o(RESET)
 <LI><a href="#[4b]">TIM3_IRQHandler</a> from startup_stm32h723xx.o(.text) referenced from startup_stm32h723xx.o(RESET)
 <LI><a href="#[4c]">TIM4_IRQHandler</a> from startup_stm32h723xx.o(.text) referenced from startup_stm32h723xx.o(RESET)
 <LI><a href="#[5f]">TIM5_IRQHandler</a> from startup_stm32h723xx.o(.text) referenced from startup_stm32h723xx.o(RESET)
 <LI><a href="#[63]">TIM6_DAC_IRQHandler</a> from startup_stm32h723xx.o(.text) referenced from startup_stm32h723xx.o(RESET)
 <LI><a href="#[64]">TIM7_IRQHandler</a> from startup_stm32h723xx.o(.text) referenced from startup_stm32h723xx.o(RESET)
 <LI><a href="#[58]">TIM8_BRK_TIM12_IRQHandler</a> from startup_stm32h723xx.o(.text) referenced from startup_stm32h723xx.o(RESET)
 <LI><a href="#[5b]">TIM8_CC_IRQHandler</a> from startup_stm32h723xx.o(.text) referenced from startup_stm32h723xx.o(RESET)
 <LI><a href="#[5a]">TIM8_TRG_COM_TIM14_IRQHandler</a> from startup_stm32h723xx.o(.text) referenced from startup_stm32h723xx.o(RESET)
 <LI><a href="#[59]">TIM8_UP_TIM13_IRQHandler</a> from startup_stm32h723xx.o(.text) referenced from startup_stm32h723xx.o(RESET)
 <LI><a href="#[61]">UART4_IRQHandler</a> from startup_stm32h723xx.o(.text) referenced from startup_stm32h723xx.o(RESET)
 <LI><a href="#[62]">UART5_IRQHandler</a> from startup_stm32h723xx.o(.text) referenced from startup_stm32h723xx.o(RESET)
 <LI><a href="#[7a]">UART7_IRQHandler</a> from startup_stm32h723xx.o(.text) referenced from startup_stm32h723xx.o(RESET)
 <LI><a href="#[7b]">UART8_IRQHandler</a> from startup_stm32h723xx.o(.text) referenced from startup_stm32h723xx.o(RESET)
 <LI><a href="#[af]">UART9_IRQHandler</a> from stm32h7xx_it.o(.text.UART9_IRQHandler) referenced from startup_stm32h723xx.o(RESET)
 <LI><a href="#[bb]">UART_DMAAbortOnError</a> from stm32h7xx_hal_uart.o(.text.UART_DMAAbortOnError) referenced 2 times from stm32h7xx_hal_uart.o(.text.HAL_UART_IRQHandler)
 <LI><a href="#[be]">UART_DMAError</a> from stm32h7xx_hal_uart.o(.text.UART_DMAError) referenced 2 times from stm32h7xx_hal_uart.o(.text.HAL_UART_Transmit_DMA)
 <LI><a href="#[be]">UART_DMAError</a> from stm32h7xx_hal_uart.o(.text.UART_DMAError) referenced 2 times from stm32h7xx_hal_uart.o(.text.UART_Start_Receive_DMA)
 <LI><a href="#[bf]">UART_DMAReceiveCplt</a> from stm32h7xx_hal_uart.o(.text.UART_DMAReceiveCplt) referenced 2 times from stm32h7xx_hal_uart.o(.text.UART_Start_Receive_DMA)
 <LI><a href="#[c0]">UART_DMARxHalfCplt</a> from stm32h7xx_hal_uart.o(.text.UART_DMARxHalfCplt) referenced 2 times from stm32h7xx_hal_uart.o(.text.UART_Start_Receive_DMA)
 <LI><a href="#[bc]">UART_DMATransmitCplt</a> from stm32h7xx_hal_uart.o(.text.UART_DMATransmitCplt) referenced 2 times from stm32h7xx_hal_uart.o(.text.HAL_UART_Transmit_DMA)
 <LI><a href="#[bd]">UART_DMATxHalfCplt</a> from stm32h7xx_hal_uart.o(.text.UART_DMATxHalfCplt) referenced 2 times from stm32h7xx_hal_uart.o(.text.HAL_UART_Transmit_DMA)
 <LI><a href="#[b0]">USART10_IRQHandler</a> from stm32h7xx_it.o(.text.USART10_IRQHandler) referenced from startup_stm32h723xx.o(RESET)
 <LI><a href="#[53]">USART1_IRQHandler</a> from stm32h7xx_it.o(.text.USART1_IRQHandler) referenced from startup_stm32h723xx.o(RESET)
 <LI><a href="#[54]">USART2_IRQHandler</a> from stm32h7xx_it.o(.text.USART2_IRQHandler) referenced from startup_stm32h723xx.o(RESET)
 <LI><a href="#[55]">USART3_IRQHandler</a> from startup_stm32h723xx.o(.text) referenced from startup_stm32h723xx.o(RESET)
 <LI><a href="#[70]">USART6_IRQHandler</a> from stm32h7xx_it.o(.text.USART6_IRQHandler) referenced from startup_stm32h723xx.o(RESET)
 <LI><a href="#[b]">USBD_CDC_DataIn</a> from usbd_cdc.o(.text.USBD_CDC_DataIn) referenced 2 times from usbd_cdc.o(.data.USBD_CDC)
 <LI><a href="#[c]">USBD_CDC_DataOut</a> from usbd_cdc.o(.text.USBD_CDC_DataOut) referenced 2 times from usbd_cdc.o(.data.USBD_CDC)
 <LI><a href="#[8]">USBD_CDC_DeInit</a> from usbd_cdc.o(.text.USBD_CDC_DeInit) referenced 2 times from usbd_cdc.o(.data.USBD_CDC)
 <LI><a href="#[a]">USBD_CDC_EP0_RxReady</a> from usbd_cdc.o(.text.USBD_CDC_EP0_RxReady) referenced 2 times from usbd_cdc.o(.data.USBD_CDC)
 <LI><a href="#[10]">USBD_CDC_GetDeviceQualifierDescriptor</a> from usbd_cdc.o(.text.USBD_CDC_GetDeviceQualifierDescriptor) referenced 2 times from usbd_cdc.o(.data.USBD_CDC)
 <LI><a href="#[e]">USBD_CDC_GetFSCfgDesc</a> from usbd_cdc.o(.text.USBD_CDC_GetFSCfgDesc) referenced 2 times from usbd_cdc.o(.data.USBD_CDC)
 <LI><a href="#[d]">USBD_CDC_GetHSCfgDesc</a> from usbd_cdc.o(.text.USBD_CDC_GetHSCfgDesc) referenced 2 times from usbd_cdc.o(.data.USBD_CDC)
 <LI><a href="#[f]">USBD_CDC_GetOtherSpeedCfgDesc</a> from usbd_cdc.o(.text.USBD_CDC_GetOtherSpeedCfgDesc) referenced 2 times from usbd_cdc.o(.data.USBD_CDC)
 <LI><a href="#[7]">USBD_CDC_Init</a> from usbd_cdc.o(.text.USBD_CDC_Init) referenced 2 times from usbd_cdc.o(.data.USBD_CDC)
 <LI><a href="#[9]">USBD_CDC_Setup</a> from usbd_cdc.o(.text.USBD_CDC_Setup) referenced 2 times from usbd_cdc.o(.data.USBD_CDC)
 <LI><a href="#[5]">USBD_HS_ConfigStrDescriptor</a> from usbd_desc.o(.text.USBD_HS_ConfigStrDescriptor) referenced 2 times from usbd_desc.o(.data.HS_Desc)
 <LI><a href="#[0]">USBD_HS_DeviceDescriptor</a> from usbd_desc.o(.text.USBD_HS_DeviceDescriptor) referenced 2 times from usbd_desc.o(.data.HS_Desc)
 <LI><a href="#[6]">USBD_HS_InterfaceStrDescriptor</a> from usbd_desc.o(.text.USBD_HS_InterfaceStrDescriptor) referenced 2 times from usbd_desc.o(.data.HS_Desc)
 <LI><a href="#[1]">USBD_HS_LangIDStrDescriptor</a> from usbd_desc.o(.text.USBD_HS_LangIDStrDescriptor) referenced 2 times from usbd_desc.o(.data.HS_Desc)
 <LI><a href="#[2]">USBD_HS_ManufacturerStrDescriptor</a> from usbd_desc.o(.text.USBD_HS_ManufacturerStrDescriptor) referenced 2 times from usbd_desc.o(.data.HS_Desc)
 <LI><a href="#[3]">USBD_HS_ProductStrDescriptor</a> from usbd_desc.o(.text.USBD_HS_ProductStrDescriptor) referenced 2 times from usbd_desc.o(.data.HS_Desc)
 <LI><a href="#[4]">USBD_HS_SerialStrDescriptor</a> from usbd_desc.o(.text.USBD_HS_SerialStrDescriptor) referenced 2 times from usbd_desc.o(.data.HS_Desc)
 <LI><a href="#[29]">UsageFault_Handler</a> from stm32h7xx_it.o(.text.UsageFault_Handler) referenced from startup_stm32h723xx.o(RESET)
 <LI><a href="#[1c]">VL53L4CD_ConfigIT</a> from vl53l4cd.o(.text.VL53L4CD_ConfigIT) referenced 2 times from vl53l4cd.o(.data.VL53L4CD_RANGING_SENSOR_Driver)
 <LI><a href="#[1a]">VL53L4CD_ConfigProfile</a> from vl53l4cd.o(.text.VL53L4CD_ConfigProfile) referenced 2 times from vl53l4cd.o(.data.VL53L4CD_RANGING_SENSOR_Driver)
 <LI><a href="#[1b]">VL53L4CD_ConfigROI</a> from vl53l4cd.o(.text.VL53L4CD_ConfigROI) referenced 2 times from vl53l4cd.o(.data.VL53L4CD_RANGING_SENSOR_Driver)
 <LI><a href="#[17]">VL53L4CD_DeInit</a> from vl53l4cd.o(.text.VL53L4CD_DeInit) referenced 2 times from vl53l4cd.o(.data.VL53L4CD_RANGING_SENSOR_Driver)
 <LI><a href="#[21]">VL53L4CD_GetAddress</a> from vl53l4cd.o(.text.VL53L4CD_GetAddress) referenced 2 times from vl53l4cd.o(.data.VL53L4CD_RANGING_SENSOR_Driver)
 <LI><a href="#[19]">VL53L4CD_GetCapabilities</a> from vl53l4cd.o(.text.VL53L4CD_GetCapabilities) referenced 2 times from vl53l4cd.o(.data.VL53L4CD_RANGING_SENSOR_Driver)
 <LI><a href="#[1d]">VL53L4CD_GetDistance</a> from vl53l4cd.o(.text.VL53L4CD_GetDistance) referenced 2 times from vl53l4cd.o(.data.VL53L4CD_RANGING_SENSOR_Driver)
 <LI><a href="#[23]">VL53L4CD_GetPowerMode</a> from vl53l4cd.o(.text.VL53L4CD_GetPowerMode) referenced 2 times from vl53l4cd.o(.data.VL53L4CD_RANGING_SENSOR_Driver)
 <LI><a href="#[16]">VL53L4CD_Init</a> from vl53l4cd.o(.text.VL53L4CD_Init) referenced 2 times from vl53l4cd.o(.data.VL53L4CD_RANGING_SENSOR_Driver)
 <LI><a href="#[18]">VL53L4CD_ReadID</a> from vl53l4cd.o(.text.VL53L4CD_ReadID) referenced 2 times from vl53l4cd.o(.data.VL53L4CD_RANGING_SENSOR_Driver)
 <LI><a href="#[20]">VL53L4CD_SetAddress</a> from vl53l4cd.o(.text.VL53L4CD_SetAddress) referenced 2 times from vl53l4cd.o(.data.VL53L4CD_RANGING_SENSOR_Driver)
 <LI><a href="#[22]">VL53L4CD_SetPowerMode</a> from vl53l4cd.o(.text.VL53L4CD_SetPowerMode) referenced 2 times from vl53l4cd.o(.data.VL53L4CD_RANGING_SENSOR_Driver)
 <LI><a href="#[1e]">VL53L4CD_Start</a> from vl53l4cd.o(.text.VL53L4CD_Start) referenced 2 times from vl53l4cd.o(.data.VL53L4CD_RANGING_SENSOR_Driver)
 <LI><a href="#[1f]">VL53L4CD_Stop</a> from vl53l4cd.o(.text.VL53L4CD_Stop) referenced 2 times from vl53l4cd.o(.data.VL53L4CD_RANGING_SENSOR_Driver)
 <LI><a href="#[ab]">WAKEUP_PIN_IRQHandler</a> from startup_stm32h723xx.o(.text) referenced from startup_stm32h723xx.o(RESET)
 <LI><a href="#[2e]">WWDG_IRQHandler</a> from startup_stm32h723xx.o(.text) referenced from startup_stm32h723xx.o(RESET)
 <LI><a href="#[b9]">__main</a> from entry.o(.ARM.Collect$$$$00000000) referenced from startup_stm32h723xx.o(.text)
 <LI><a href="#[ca]">_snputc</a> from printfa.o(i._snputc) referenced from printfa.o(i.__0vsnprintf)
 <LI><a href="#[cb]">board_comm_task</a> from board_comm_task.o(.text.board_comm_task) referenced from freertos.o(.rodata..L__const.MX_FREERTOS_Init.os_thread_def_BoardCommTask)
 <LI><a href="#[cc]">chassis_task</a> from chassis_task.o(.text.chassis_task) referenced from freertos.o(.rodata..L__const.MX_FREERTOS_Init.os_thread_def_ChassisTask)
 <LI><a href="#[cd]">comm_task</a> from comm_task.o(.text.comm_task) referenced from freertos.o(.rodata..L__const.MX_FREERTOS_Init.os_thread_def_CommTask)
 <LI><a href="#[c6]">compare_ints</a> from math_lib.o(.text.compare_ints) referenced 2 times from math_lib.o(.text.median_filter)
 <LI><a href="#[ce]">container_task</a> from container_task.o(.text.container_task) referenced from freertos.o(.rodata..L__const.MX_FREERTOS_Init.os_thread_def_ContainerTask)
 <LI><a href="#[cf]">debug_task</a> from debug_task.o(.text.debug_task) referenced from freertos.o(.rodata..L__const.MX_FREERTOS_Init.os_thread_def_DebugTask)
 <LI><a href="#[fd]">gimbal_data_cb</a> from board_comm_task.o(.text.gimbal_data_cb) referenced 2 times from board_comm_task.o(.rodata.mb_callback)
 <LI><a href="#[d0]">gimbal_task</a> from gimbal_task.o(.text.gimbal_task) referenced from freertos.o(.rodata..L__const.MX_FREERTOS_Init.os_thread_def_GimbalTask)
 <LI><a href="#[fa]">imu_data_cb</a> from board_comm_task.o(.text.imu_data_cb) referenced from board_comm_task.o(.rodata.mb_callback)
 <LI><a href="#[fb]">judge_data_cb</a> from board_comm_task.o(.text.judge_data_cb) referenced from board_comm_task.o(.rodata.mb_callback)
 <LI><a href="#[d6]">kb_ascend_enter</a> from robot_logic.o(.text.kb_ascend_enter) referenced from robot_logic.o(.rodata.state_kb_ascend)
 <LI><a href="#[d7]">kb_ascend_execute</a> from robot_logic.o(.text.kb_ascend_execute) referenced from robot_logic.o(.rodata.state_kb_ascend)
 <LI><a href="#[f9]">kb_data_cb</a> from board_comm_task.o(.text.kb_data_cb) referenced from board_comm_task.o(.rodata.mb_callback)
 <LI><a href="#[d8]">kb_double_ter_enter</a> from robot_logic.o(.text.kb_double_ter_enter) referenced from robot_logic.o(.rodata.state_kb_double_ter_run)
 <LI><a href="#[d9]">kb_double_ter_execute</a> from robot_logic.o(.text.kb_double_ter_execute) referenced from robot_logic.o(.rodata.state_kb_double_ter_run)
 <LI><a href="#[da]">kb_energy_enter</a> from robot_logic.o(.text.kb_energy_enter) referenced from robot_logic.o(.rodata.state_kb_energy)
 <LI><a href="#[db]">kb_energy_execute</a> from robot_logic.o(.text.kb_energy_execute) referenced from robot_logic.o(.rodata.state_kb_energy)
 <LI><a href="#[dc]">kb_fight_enter</a> from robot_logic.o(.text.kb_fight_enter) referenced from robot_logic.o(.rodata.state_kb_fight)
 <LI><a href="#[dd]">kb_fight_execute</a> from robot_logic.o(.text.kb_fight_execute) referenced from robot_logic.o(.rodata.state_kb_fight)
 <LI><a href="#[de]">kb_high_enter</a> from robot_logic.o(.text.kb_high_enter) referenced from robot_logic.o(.rodata.state_kb_high)
 <LI><a href="#[df]">kb_high_execute</a> from robot_logic.o(.text.kb_high_execute) referenced from robot_logic.o(.rodata.state_kb_high)
 <LI><a href="#[e0]">kb_low_enter</a> from robot_logic.o(.text.kb_low_enter) referenced from robot_logic.o(.rodata.state_kb_low)
 <LI><a href="#[e1]">kb_low_execute</a> from robot_logic.o(.text.kb_low_execute) referenced from robot_logic.o(.rodata.state_kb_low)
 <LI><a href="#[e2]">kb_spin_enter</a> from robot_logic.o(.text.kb_spin_enter) referenced from robot_logic.o(.rodata.state_kb_spin)
 <LI><a href="#[e3]">kb_spin_execute</a> from robot_logic.o(.text.kb_spin_execute) referenced from robot_logic.o(.rodata.state_kb_spin)
 <LI><a href="#[e4]">kb_ter_ready_enter</a> from robot_logic.o(.text.kb_ter_ready_enter) referenced from robot_logic.o(.rodata.state_kb_ter_ready)
 <LI><a href="#[e5]">kb_ter_ready_execute</a> from robot_logic.o(.text.kb_ter_ready_execute) referenced from robot_logic.o(.rodata.state_kb_ter_ready)
 <LI><a href="#[e6]">kb_ter_run_enter</a> from robot_logic.o(.text.kb_ter_run_enter) referenced from robot_logic.o(.rodata.state_kb_ter_run)
 <LI><a href="#[e7]">kb_ter_run_execute</a> from robot_logic.o(.text.kb_ter_run_execute) referenced from robot_logic.o(.rodata.state_kb_ter_run)
 <LI><a href="#[100]">keyboard_data_cb</a> from mode_switch_task.o(.text.keyboard_data_cb) referenced from mode_switch_task.o(.rodata.mb_callback)
 <LI><a href="#[e8]">keyboard_enter</a> from robot_logic.o(.text.keyboard_enter) referenced from robot_logic.o(.rodata.state_keyboard)
 <LI><a href="#[e9]">keyboard_execute</a> from robot_logic.o(.text.keyboard_execute) referenced from robot_logic.o(.rodata.state_keyboard)
 <LI><a href="#[b7]">main</a> from main.o(.text.main) referenced from entry9a.o(.ARM.Collect$$$$0000000B)
 <LI><a href="#[d1]">mode_switch_task</a> from mode_switch_task.o(.text.mode_switch_task) referenced from freertos.o(.rodata..L__const.MX_FREERTOS_Init.os_thread_def_ModeSwitchTask)
 <LI><a href="#[ea]">protect_enter</a> from robot_logic.o(.text.protect_enter) referenced from robot_logic.o(.rodata.state_protect)
 <LI><a href="#[eb]">protect_execute</a> from robot_logic.o(.text.protect_execute) referenced from robot_logic.o(.rodata.state_protect)
 <LI><a href="#[c8]">prvIdleTask</a> from tasks.o(.text.prvIdleTask) referenced 2 times from tasks.o(.text.vTaskStartScheduler)
 <LI><a href="#[c7]">prvTaskExitError</a> from port.o(.text.prvTaskExitError) referenced 2 times from port.o(.text.pxPortInitialiseStack)
 <LI><a href="#[c9]">prvTimerTask</a> from timers.o(.text.prvTimerTask) referenced 2 times from timers.o(.text.xTimerCreateTimerTask)
 <LI><a href="#[f8]">rc_data_cb</a> from board_comm_task.o(.text.rc_data_cb) referenced from board_comm_task.o(.rodata.mb_callback)
 <LI><a href="#[ec]">rem_ascend_enter</a> from robot_logic.o(.text.rem_ascend_enter) referenced from robot_logic.o(.rodata.state_rem_ascend)
 <LI><a href="#[ed]">rem_ascend_execute</a> from robot_logic.o(.text.rem_ascend_execute) referenced from robot_logic.o(.rodata.state_rem_ascend)
 <LI><a href="#[ee]">rem_high_enter</a> from robot_logic.o(.text.rem_high_enter) referenced from robot_logic.o(.rodata.state_rem_high)
 <LI><a href="#[ef]">rem_high_execute</a> from robot_logic.o(.text.rem_high_execute) referenced from robot_logic.o(.rodata.state_rem_high)
 <LI><a href="#[f0]">rem_low_enter</a> from robot_logic.o(.text.rem_low_enter) referenced from robot_logic.o(.rodata.state_rem_low)
 <LI><a href="#[f1]">rem_low_execute</a> from robot_logic.o(.text.rem_low_execute) referenced from robot_logic.o(.rodata.state_rem_low)
 <LI><a href="#[f2]">rem_spin_enter</a> from robot_logic.o(.text.rem_spin_enter) referenced from robot_logic.o(.rodata.state_rem_spin)
 <LI><a href="#[f3]">rem_spin_execute</a> from robot_logic.o(.text.rem_spin_execute) referenced from robot_logic.o(.rodata.state_rem_spin)
 <LI><a href="#[f4]">rem_ter_ready_enter</a> from robot_logic.o(.text.rem_ter_ready_enter) referenced from robot_logic.o(.rodata.state_rem_ter_ready)
 <LI><a href="#[f5]">rem_ter_ready_execute</a> from robot_logic.o(.text.rem_ter_ready_execute) referenced from robot_logic.o(.rodata.state_rem_ter_ready)
 <LI><a href="#[ff]">remote_data_cb</a> from mode_switch_task.o(.text.remote_data_cb) referenced from mode_switch_task.o(.rodata.mb_callback)
 <LI><a href="#[f6]">remote_enter</a> from robot_logic.o(.text.remote_enter) referenced from robot_logic.o(.rodata.state_remote)
 <LI><a href="#[f7]">remote_execute</a> from robot_logic.o(.text.remote_execute) referenced from robot_logic.o(.rodata.state_remote)
 <LI><a href="#[d3]">shoot_task</a> from shoot_task.o(.text.shoot_task) referenced from freertos.o(.rodata..L__const.MX_FREERTOS_Init.os_thread_def_ShootTask)
 <LI><a href="#[d4]">start_task</a> from freertos.o(.text.start_task) referenced from freertos.o(.rodata..L__const.MX_FREERTOS_Init.os_thread_def_StartTask)
 <LI><a href="#[d2]">status_task</a> from status_task.o(.text.status_task) referenced from freertos.o(.rodata..L__const.MX_FREERTOS_Init.os_thread_def_STATUSTask)
 <LI><a href="#[fe]">transmit_data_cb</a> from board_comm_task.o(.text.transmit_data_cb) referenced from board_comm_task.o(.rodata.mb_callback)
 <LI><a href="#[d5]">ui_task</a> from ui_task.o(.text.ui_task) referenced from freertos.o(.rodata..L__const.MX_FREERTOS_Init.os_thread_def_UITask)
 <LI><a href="#[fc]">vision_data_cb</a> from board_comm_task.o(.text.vision_data_cb) referenced 4 times from board_comm_task.o(.rodata.mb_callback)
</UL>
<P>
<H3>
Global Symbols
</H3>
<P><STRONG><a name="[b9]"></a>__main</STRONG> (Thumb, 0 bytes, Stack size unknown bytes, entry.o(.ARM.Collect$$$$00000000))
<BR>[Address Reference Count : 1]<UL><LI> startup_stm32h723xx.o(.text)
</UL>
<P><STRONG><a name="[3de]"></a>_main_stk</STRONG> (Thumb, 0 bytes, Stack size unknown bytes, entry2.o(.ARM.Collect$$$$00000001))

<P><STRONG><a name="[105]"></a>_main_scatterload</STRONG> (Thumb, 0 bytes, Stack size unknown bytes, entry5.o(.ARM.Collect$$$$00000004))
<BR><BR>[Calls]<UL><LI><a href="#[106]">&gt;&gt;</a>&nbsp;&nbsp;&nbsp;__scatterload
</UL>

<P><STRONG><a name="[117]"></a>__main_after_scatterload</STRONG> (Thumb, 0 bytes, Stack size unknown bytes, entry5.o(.ARM.Collect$$$$00000004))
<BR><BR>[Called By]<UL><LI><a href="#[106]">&gt;&gt;</a>&nbsp;&nbsp;&nbsp;__scatterload
</UL>

<P><STRONG><a name="[3df]"></a>_main_clock</STRONG> (Thumb, 0 bytes, Stack size unknown bytes, entry7b.o(.ARM.Collect$$$$00000008))

<P><STRONG><a name="[3e0]"></a>_main_cpp_init</STRONG> (Thumb, 0 bytes, Stack size unknown bytes, entry8b.o(.ARM.Collect$$$$0000000A))

<P><STRONG><a name="[3e1]"></a>_main_init</STRONG> (Thumb, 0 bytes, Stack size unknown bytes, entry9a.o(.ARM.Collect$$$$0000000B))

<P><STRONG><a name="[3e2]"></a>__rt_final_cpp</STRONG> (Thumb, 0 bytes, Stack size unknown bytes, entry10a.o(.ARM.Collect$$$$0000000D))

<P><STRONG><a name="[3e3]"></a>__rt_final_exit</STRONG> (Thumb, 0 bytes, Stack size unknown bytes, entry11a.o(.ARM.Collect$$$$0000000F))

<P><STRONG><a name="[24]"></a>Reset_Handler</STRONG> (Thumb, 8 bytes, Stack size 0 bytes, startup_stm32h723xx.o(.text))
<BR>[Address Reference Count : 1]<UL><LI> startup_stm32h723xx.o(RESET)
</UL>
<P><STRONG><a name="[97]"></a>ADC3_IRQHandler</STRONG> (Thumb, 0 bytes, Stack size 0 bytes, startup_stm32h723xx.o(.text))
<BR><BR>[Calls]<UL><LI><a href="#[97]">&gt;&gt;</a>&nbsp;&nbsp;&nbsp;ADC3_IRQHandler
</UL>
<BR>[Called By]<UL><LI><a href="#[97]">&gt;&gt;</a>&nbsp;&nbsp;&nbsp;ADC3_IRQHandler
</UL>
<BR>[Address Reference Count : 1]<UL><LI> startup_stm32h723xx.o(RESET)
</UL>
<P><STRONG><a name="[40]"></a>ADC_IRQHandler</STRONG> (Thumb, 0 bytes, Stack size 0 bytes, startup_stm32h723xx.o(.text))
<BR>[Address Reference Count : 1]<UL><LI> startup_stm32h723xx.o(RESET)
</UL>
<P><STRONG><a name="[99]"></a>BDMA_Channel0_IRQHandler</STRONG> (Thumb, 0 bytes, Stack size 0 bytes, startup_stm32h723xx.o(.text))
<BR>[Address Reference Count : 1]<UL><LI> startup_stm32h723xx.o(RESET)
</UL>
<P><STRONG><a name="[9a]"></a>BDMA_Channel1_IRQHandler</STRONG> (Thumb, 0 bytes, Stack size 0 bytes, startup_stm32h723xx.o(.text))
<BR>[Address Reference Count : 1]<UL><LI> startup_stm32h723xx.o(RESET)
</UL>
<P><STRONG><a name="[9b]"></a>BDMA_Channel2_IRQHandler</STRONG> (Thumb, 0 bytes, Stack size 0 bytes, startup_stm32h723xx.o(.text))
<BR>[Address Reference Count : 1]<UL><LI> startup_stm32h723xx.o(RESET)
</UL>
<P><STRONG><a name="[9c]"></a>BDMA_Channel3_IRQHandler</STRONG> (Thumb, 0 bytes, Stack size 0 bytes, startup_stm32h723xx.o(.text))
<BR>[Address Reference Count : 1]<UL><LI> startup_stm32h723xx.o(RESET)
</UL>
<P><STRONG><a name="[9d]"></a>BDMA_Channel4_IRQHandler</STRONG> (Thumb, 0 bytes, Stack size 0 bytes, startup_stm32h723xx.o(.text))
<BR>[Address Reference Count : 1]<UL><LI> startup_stm32h723xx.o(RESET)
</UL>
<P><STRONG><a name="[9e]"></a>BDMA_Channel5_IRQHandler</STRONG> (Thumb, 0 bytes, Stack size 0 bytes, startup_stm32h723xx.o(.text))
<BR>[Address Reference Count : 1]<UL><LI> startup_stm32h723xx.o(RESET)
</UL>
<P><STRONG><a name="[9f]"></a>BDMA_Channel6_IRQHandler</STRONG> (Thumb, 0 bytes, Stack size 0 bytes, startup_stm32h723xx.o(.text))
<BR>[Address Reference Count : 1]<UL><LI> startup_stm32h723xx.o(RESET)
</UL>
<P><STRONG><a name="[a0]"></a>BDMA_Channel7_IRQHandler</STRONG> (Thumb, 0 bytes, Stack size 0 bytes, startup_stm32h723xx.o(.text))
<BR>[Address Reference Count : 1]<UL><LI> startup_stm32h723xx.o(RESET)
</UL>
<P><STRONG><a name="[85]"></a>CEC_IRQHandler</STRONG> (Thumb, 0 bytes, Stack size 0 bytes, startup_stm32h723xx.o(.text))
<BR>[Address Reference Count : 1]<UL><LI> startup_stm32h723xx.o(RESET)
</UL>
<P><STRONG><a name="[a1]"></a>COMP1_IRQHandler</STRONG> (Thumb, 0 bytes, Stack size 0 bytes, startup_stm32h723xx.o(.text))
<BR>[Address Reference Count : 1]<UL><LI> startup_stm32h723xx.o(RESET)
</UL>
<P><STRONG><a name="[ae]"></a>CORDIC_IRQHandler</STRONG> (Thumb, 0 bytes, Stack size 0 bytes, startup_stm32h723xx.o(.text))
<BR>[Address Reference Count : 1]<UL><LI> startup_stm32h723xx.o(RESET)
</UL>
<P><STRONG><a name="[a7]"></a>CRS_IRQHandler</STRONG> (Thumb, 0 bytes, Stack size 0 bytes, startup_stm32h723xx.o(.text))
<BR>[Address Reference Count : 1]<UL><LI> startup_stm32h723xx.o(RESET)
</UL>
<P><STRONG><a name="[77]"></a>DCMI_PSSI_IRQHandler</STRONG> (Thumb, 0 bytes, Stack size 0 bytes, startup_stm32h723xx.o(.text))
<BR>[Address Reference Count : 1]<UL><LI> startup_stm32h723xx.o(RESET)
</UL>
<P><STRONG><a name="[8a]"></a>DFSDM1_FLT0_IRQHandler</STRONG> (Thumb, 0 bytes, Stack size 0 bytes, startup_stm32h723xx.o(.text))
<BR>[Address Reference Count : 1]<UL><LI> startup_stm32h723xx.o(RESET)
</UL>
<P><STRONG><a name="[8b]"></a>DFSDM1_FLT1_IRQHandler</STRONG> (Thumb, 0 bytes, Stack size 0 bytes, startup_stm32h723xx.o(.text))
<BR>[Address Reference Count : 1]<UL><LI> startup_stm32h723xx.o(RESET)
</UL>
<P><STRONG><a name="[8c]"></a>DFSDM1_FLT2_IRQHandler</STRONG> (Thumb, 0 bytes, Stack size 0 bytes, startup_stm32h723xx.o(.text))
<BR>[Address Reference Count : 1]<UL><LI> startup_stm32h723xx.o(RESET)
</UL>
<P><STRONG><a name="[8d]"></a>DFSDM1_FLT3_IRQHandler</STRONG> (Thumb, 0 bytes, Stack size 0 bytes, startup_stm32h723xx.o(.text))
<BR>[Address Reference Count : 1]<UL><LI> startup_stm32h723xx.o(RESET)
</UL>
<P><STRONG><a name="[3e]"></a>DMA1_Stream5_IRQHandler</STRONG> (Thumb, 0 bytes, Stack size 0 bytes, startup_stm32h723xx.o(.text))
<BR>[Address Reference Count : 1]<UL><LI> startup_stm32h723xx.o(RESET)
</UL>
<P><STRONG><a name="[3f]"></a>DMA1_Stream6_IRQHandler</STRONG> (Thumb, 0 bytes, Stack size 0 bytes, startup_stm32h723xx.o(.text))
<BR>[Address Reference Count : 1]<UL><LI> startup_stm32h723xx.o(RESET)
</UL>
<P><STRONG><a name="[82]"></a>DMA2D_IRQHandler</STRONG> (Thumb, 0 bytes, Stack size 0 bytes, startup_stm32h723xx.o(.text))
<BR>[Address Reference Count : 1]<UL><LI> startup_stm32h723xx.o(RESET)
</UL>
<P><STRONG><a name="[68]"></a>DMA2_Stream3_IRQHandler</STRONG> (Thumb, 0 bytes, Stack size 0 bytes, startup_stm32h723xx.o(.text))
<BR>[Address Reference Count : 1]<UL><LI> startup_stm32h723xx.o(RESET)
</UL>
<P><STRONG><a name="[69]"></a>DMA2_Stream4_IRQHandler</STRONG> (Thumb, 0 bytes, Stack size 0 bytes, startup_stm32h723xx.o(.text))
<BR>[Address Reference Count : 1]<UL><LI> startup_stm32h723xx.o(RESET)
</UL>
<P><STRONG><a name="[6f]"></a>DMA2_Stream7_IRQHandler</STRONG> (Thumb, 0 bytes, Stack size 0 bytes, startup_stm32h723xx.o(.text))
<BR>[Address Reference Count : 1]<UL><LI> startup_stm32h723xx.o(RESET)
</UL>
<P><STRONG><a name="[89]"></a>DMAMUX1_OVR_IRQHandler</STRONG> (Thumb, 0 bytes, Stack size 0 bytes, startup_stm32h723xx.o(.text))
<BR>[Address Reference Count : 1]<UL><LI> startup_stm32h723xx.o(RESET)
</UL>
<P><STRONG><a name="[98]"></a>DMAMUX2_OVR_IRQHandler</STRONG> (Thumb, 0 bytes, Stack size 0 bytes, startup_stm32h723xx.o(.text))
<BR>[Address Reference Count : 1]<UL><LI> startup_stm32h723xx.o(RESET)
</UL>
<P><STRONG><a name="[aa]"></a>DTS_IRQHandler</STRONG> (Thumb, 0 bytes, Stack size 0 bytes, startup_stm32h723xx.o(.text))
<BR>[Address Reference Count : 1]<UL><LI> startup_stm32h723xx.o(RESET)
</UL>
<P><STRONG><a name="[a8]"></a>ECC_IRQHandler</STRONG> (Thumb, 0 bytes, Stack size 0 bytes, startup_stm32h723xx.o(.text))
<BR>[Address Reference Count : 1]<UL><LI> startup_stm32h723xx.o(RESET)
</UL>
<P><STRONG><a name="[6a]"></a>ETH_IRQHandler</STRONG> (Thumb, 0 bytes, Stack size 0 bytes, startup_stm32h723xx.o(.text))
<BR>[Address Reference Count : 1]<UL><LI> startup_stm32h723xx.o(RESET)
</UL>
<P><STRONG><a name="[6b]"></a>ETH_WKUP_IRQHandler</STRONG> (Thumb, 0 bytes, Stack size 0 bytes, startup_stm32h723xx.o(.text))
<BR>[Address Reference Count : 1]<UL><LI> startup_stm32h723xx.o(RESET)
</UL>
<P><STRONG><a name="[34]"></a>EXTI0_IRQHandler</STRONG> (Thumb, 0 bytes, Stack size 0 bytes, startup_stm32h723xx.o(.text))
<BR>[Address Reference Count : 1]<UL><LI> startup_stm32h723xx.o(RESET)
</UL>
<P><STRONG><a name="[56]"></a>EXTI15_10_IRQHandler</STRONG> (Thumb, 0 bytes, Stack size 0 bytes, startup_stm32h723xx.o(.text))
<BR>[Address Reference Count : 1]<UL><LI> startup_stm32h723xx.o(RESET)
</UL>
<P><STRONG><a name="[35]"></a>EXTI1_IRQHandler</STRONG> (Thumb, 0 bytes, Stack size 0 bytes, startup_stm32h723xx.o(.text))
<BR>[Address Reference Count : 1]<UL><LI> startup_stm32h723xx.o(RESET)
</UL>
<P><STRONG><a name="[36]"></a>EXTI2_IRQHandler</STRONG> (Thumb, 0 bytes, Stack size 0 bytes, startup_stm32h723xx.o(.text))
<BR>[Address Reference Count : 1]<UL><LI> startup_stm32h723xx.o(RESET)
</UL>
<P><STRONG><a name="[37]"></a>EXTI3_IRQHandler</STRONG> (Thumb, 0 bytes, Stack size 0 bytes, startup_stm32h723xx.o(.text))
<BR>[Address Reference Count : 1]<UL><LI> startup_stm32h723xx.o(RESET)
</UL>
<P><STRONG><a name="[38]"></a>EXTI4_IRQHandler</STRONG> (Thumb, 0 bytes, Stack size 0 bytes, startup_stm32h723xx.o(.text))
<BR>[Address Reference Count : 1]<UL><LI> startup_stm32h723xx.o(RESET)
</UL>
<P><STRONG><a name="[45]"></a>EXTI9_5_IRQHandler</STRONG> (Thumb, 0 bytes, Stack size 0 bytes, startup_stm32h723xx.o(.text))
<BR>[Address Reference Count : 1]<UL><LI> startup_stm32h723xx.o(RESET)
</UL>
<P><STRONG><a name="[43]"></a>FDCAN1_IT1_IRQHandler</STRONG> (Thumb, 0 bytes, Stack size 0 bytes, startup_stm32h723xx.o(.text))
<BR>[Address Reference Count : 1]<UL><LI> startup_stm32h723xx.o(RESET)
</UL>
<P><STRONG><a name="[44]"></a>FDCAN2_IT1_IRQHandler</STRONG> (Thumb, 0 bytes, Stack size 0 bytes, startup_stm32h723xx.o(.text))
<BR>[Address Reference Count : 1]<UL><LI> startup_stm32h723xx.o(RESET)
</UL>
<P><STRONG><a name="[b4]"></a>FDCAN3_IT1_IRQHandler</STRONG> (Thumb, 0 bytes, Stack size 0 bytes, startup_stm32h723xx.o(.text))
<BR>[Address Reference Count : 1]<UL><LI> startup_stm32h723xx.o(RESET)
</UL>
<P><STRONG><a name="[6c]"></a>FDCAN_CAL_IRQHandler</STRONG> (Thumb, 0 bytes, Stack size 0 bytes, startup_stm32h723xx.o(.text))
<BR>[Address Reference Count : 1]<UL><LI> startup_stm32h723xx.o(RESET)
</UL>
<P><STRONG><a name="[32]"></a>FLASH_IRQHandler</STRONG> (Thumb, 0 bytes, Stack size 0 bytes, startup_stm32h723xx.o(.text))
<BR>[Address Reference Count : 1]<UL><LI> startup_stm32h723xx.o(RESET)
</UL>
<P><STRONG><a name="[ad]"></a>FMAC_IRQHandler</STRONG> (Thumb, 0 bytes, Stack size 0 bytes, startup_stm32h723xx.o(.text))
<BR>[Address Reference Count : 1]<UL><LI> startup_stm32h723xx.o(RESET)
</UL>
<P><STRONG><a name="[5d]"></a>FMC_IRQHandler</STRONG> (Thumb, 0 bytes, Stack size 0 bytes, startup_stm32h723xx.o(.text))
<BR>[Address Reference Count : 1]<UL><LI> startup_stm32h723xx.o(RESET)
</UL>
<P><STRONG><a name="[79]"></a>FPU_IRQHandler</STRONG> (Thumb, 0 bytes, Stack size 0 bytes, startup_stm32h723xx.o(.text))
<BR>[Address Reference Count : 1]<UL><LI> startup_stm32h723xx.o(RESET)
</UL>
<P><STRONG><a name="[96]"></a>HSEM1_IRQHandler</STRONG> (Thumb, 0 bytes, Stack size 0 bytes, startup_stm32h723xx.o(.text))
<BR>[Address Reference Count : 1]<UL><LI> startup_stm32h723xx.o(RESET)
</UL>
<P><STRONG><a name="[4e]"></a>I2C1_ER_IRQHandler</STRONG> (Thumb, 0 bytes, Stack size 0 bytes, startup_stm32h723xx.o(.text))
<BR>[Address Reference Count : 1]<UL><LI> startup_stm32h723xx.o(RESET)
</UL>
<P><STRONG><a name="[4d]"></a>I2C1_EV_IRQHandler</STRONG> (Thumb, 0 bytes, Stack size 0 bytes, startup_stm32h723xx.o(.text))
<BR>[Address Reference Count : 1]<UL><LI> startup_stm32h723xx.o(RESET)
</UL>
<P><STRONG><a name="[50]"></a>I2C2_ER_IRQHandler</STRONG> (Thumb, 0 bytes, Stack size 0 bytes, startup_stm32h723xx.o(.text))
<BR>[Address Reference Count : 1]<UL><LI> startup_stm32h723xx.o(RESET)
</UL>
<P><STRONG><a name="[4f]"></a>I2C2_EV_IRQHandler</STRONG> (Thumb, 0 bytes, Stack size 0 bytes, startup_stm32h723xx.o(.text))
<BR>[Address Reference Count : 1]<UL><LI> startup_stm32h723xx.o(RESET)
</UL>
<P><STRONG><a name="[72]"></a>I2C3_ER_IRQHandler</STRONG> (Thumb, 0 bytes, Stack size 0 bytes, startup_stm32h723xx.o(.text))
<BR>[Address Reference Count : 1]<UL><LI> startup_stm32h723xx.o(RESET)
</UL>
<P><STRONG><a name="[71]"></a>I2C3_EV_IRQHandler</STRONG> (Thumb, 0 bytes, Stack size 0 bytes, startup_stm32h723xx.o(.text))
<BR>[Address Reference Count : 1]<UL><LI> startup_stm32h723xx.o(RESET)
</UL>
<P><STRONG><a name="[87]"></a>I2C4_ER_IRQHandler</STRONG> (Thumb, 0 bytes, Stack size 0 bytes, startup_stm32h723xx.o(.text))
<BR>[Address Reference Count : 1]<UL><LI> startup_stm32h723xx.o(RESET)
</UL>
<P><STRONG><a name="[86]"></a>I2C4_EV_IRQHandler</STRONG> (Thumb, 0 bytes, Stack size 0 bytes, startup_stm32h723xx.o(.text))
<BR>[Address Reference Count : 1]<UL><LI> startup_stm32h723xx.o(RESET)
</UL>
<P><STRONG><a name="[b2]"></a>I2C5_ER_IRQHandler</STRONG> (Thumb, 0 bytes, Stack size 0 bytes, startup_stm32h723xx.o(.text))
<BR>[Address Reference Count : 1]<UL><LI> startup_stm32h723xx.o(RESET)
</UL>
<P><STRONG><a name="[b1]"></a>I2C5_EV_IRQHandler</STRONG> (Thumb, 0 bytes, Stack size 0 bytes, startup_stm32h723xx.o(.text))
<BR>[Address Reference Count : 1]<UL><LI> startup_stm32h723xx.o(RESET)
</UL>
<P><STRONG><a name="[84]"></a>LPTIM1_IRQHandler</STRONG> (Thumb, 0 bytes, Stack size 0 bytes, startup_stm32h723xx.o(.text))
<BR>[Address Reference Count : 1]<UL><LI> startup_stm32h723xx.o(RESET)
</UL>
<P><STRONG><a name="[a2]"></a>LPTIM2_IRQHandler</STRONG> (Thumb, 0 bytes, Stack size 0 bytes, startup_stm32h723xx.o(.text))
<BR>[Address Reference Count : 1]<UL><LI> startup_stm32h723xx.o(RESET)
</UL>
<P><STRONG><a name="[a3]"></a>LPTIM3_IRQHandler</STRONG> (Thumb, 0 bytes, Stack size 0 bytes, startup_stm32h723xx.o(.text))
<BR>[Address Reference Count : 1]<UL><LI> startup_stm32h723xx.o(RESET)
</UL>
<P><STRONG><a name="[a4]"></a>LPTIM4_IRQHandler</STRONG> (Thumb, 0 bytes, Stack size 0 bytes, startup_stm32h723xx.o(.text))
<BR>[Address Reference Count : 1]<UL><LI> startup_stm32h723xx.o(RESET)
</UL>
<P><STRONG><a name="[a5]"></a>LPTIM5_IRQHandler</STRONG> (Thumb, 0 bytes, Stack size 0 bytes, startup_stm32h723xx.o(.text))
<BR>[Address Reference Count : 1]<UL><LI> startup_stm32h723xx.o(RESET)
</UL>
<P><STRONG><a name="[a6]"></a>LPUART1_IRQHandler</STRONG> (Thumb, 0 bytes, Stack size 0 bytes, startup_stm32h723xx.o(.text))
<BR>[Address Reference Count : 1]<UL><LI> startup_stm32h723xx.o(RESET)
</UL>
<P><STRONG><a name="[81]"></a>LTDC_ER_IRQHandler</STRONG> (Thumb, 0 bytes, Stack size 0 bytes, startup_stm32h723xx.o(.text))
<BR>[Address Reference Count : 1]<UL><LI> startup_stm32h723xx.o(RESET)
</UL>
<P><STRONG><a name="[80]"></a>LTDC_IRQHandler</STRONG> (Thumb, 0 bytes, Stack size 0 bytes, startup_stm32h723xx.o(.text))
<BR>[Address Reference Count : 1]<UL><LI> startup_stm32h723xx.o(RESET)
</UL>
<P><STRONG><a name="[93]"></a>MDIOS_IRQHandler</STRONG> (Thumb, 0 bytes, Stack size 0 bytes, startup_stm32h723xx.o(.text))
<BR>[Address Reference Count : 1]<UL><LI> startup_stm32h723xx.o(RESET)
</UL>
<P><STRONG><a name="[92]"></a>MDIOS_WKUP_IRQHandler</STRONG> (Thumb, 0 bytes, Stack size 0 bytes, startup_stm32h723xx.o(.text))
<BR>[Address Reference Count : 1]<UL><LI> startup_stm32h723xx.o(RESET)
</UL>
<P><STRONG><a name="[94]"></a>MDMA_IRQHandler</STRONG> (Thumb, 0 bytes, Stack size 0 bytes, startup_stm32h723xx.o(.text))
<BR>[Address Reference Count : 1]<UL><LI> startup_stm32h723xx.o(RESET)
</UL>
<P><STRONG><a name="[83]"></a>OCTOSPI1_IRQHandler</STRONG> (Thumb, 0 bytes, Stack size 0 bytes, startup_stm32h723xx.o(.text))
<BR>[Address Reference Count : 1]<UL><LI> startup_stm32h723xx.o(RESET)
</UL>
<P><STRONG><a name="[ac]"></a>OCTOSPI2_IRQHandler</STRONG> (Thumb, 0 bytes, Stack size 0 bytes, startup_stm32h723xx.o(.text))
<BR>[Address Reference Count : 1]<UL><LI> startup_stm32h723xx.o(RESET)
</UL>
<P><STRONG><a name="[75]"></a>OTG_HS_WKUP_IRQHandler</STRONG> (Thumb, 0 bytes, Stack size 0 bytes, startup_stm32h723xx.o(.text))
<BR>[Address Reference Count : 1]<UL><LI> startup_stm32h723xx.o(RESET)
</UL>
<P><STRONG><a name="[2f]"></a>PVD_AVD_IRQHandler</STRONG> (Thumb, 0 bytes, Stack size 0 bytes, startup_stm32h723xx.o(.text))
<BR>[Address Reference Count : 1]<UL><LI> startup_stm32h723xx.o(RESET)
</UL>
<P><STRONG><a name="[33]"></a>RCC_IRQHandler</STRONG> (Thumb, 0 bytes, Stack size 0 bytes, startup_stm32h723xx.o(.text))
<BR>[Address Reference Count : 1]<UL><LI> startup_stm32h723xx.o(RESET)
</UL>
<P><STRONG><a name="[78]"></a>RNG_IRQHandler</STRONG> (Thumb, 0 bytes, Stack size 0 bytes, startup_stm32h723xx.o(.text))
<BR>[Address Reference Count : 1]<UL><LI> startup_stm32h723xx.o(RESET)
</UL>
<P><STRONG><a name="[57]"></a>RTC_Alarm_IRQHandler</STRONG> (Thumb, 0 bytes, Stack size 0 bytes, startup_stm32h723xx.o(.text))
<BR>[Address Reference Count : 1]<UL><LI> startup_stm32h723xx.o(RESET)
</UL>
<P><STRONG><a name="[31]"></a>RTC_WKUP_IRQHandler</STRONG> (Thumb, 0 bytes, Stack size 0 bytes, startup_stm32h723xx.o(.text))
<BR>[Address Reference Count : 1]<UL><LI> startup_stm32h723xx.o(RESET)
</UL>
<P><STRONG><a name="[7f]"></a>SAI1_IRQHandler</STRONG> (Thumb, 0 bytes, Stack size 0 bytes, startup_stm32h723xx.o(.text))
<BR>[Address Reference Count : 1]<UL><LI> startup_stm32h723xx.o(RESET)
</UL>
<P><STRONG><a name="[a9]"></a>SAI4_IRQHandler</STRONG> (Thumb, 0 bytes, Stack size 0 bytes, startup_stm32h723xx.o(.text))
<BR>[Address Reference Count : 1]<UL><LI> startup_stm32h723xx.o(RESET)
</UL>
<P><STRONG><a name="[5e]"></a>SDMMC1_IRQHandler</STRONG> (Thumb, 0 bytes, Stack size 0 bytes, startup_stm32h723xx.o(.text))
<BR>[Address Reference Count : 1]<UL><LI> startup_stm32h723xx.o(RESET)
</UL>
<P><STRONG><a name="[95]"></a>SDMMC2_IRQHandler</STRONG> (Thumb, 0 bytes, Stack size 0 bytes, startup_stm32h723xx.o(.text))
<BR>[Address Reference Count : 1]<UL><LI> startup_stm32h723xx.o(RESET)
</UL>
<P><STRONG><a name="[88]"></a>SPDIF_RX_IRQHandler</STRONG> (Thumb, 0 bytes, Stack size 0 bytes, startup_stm32h723xx.o(.text))
<BR>[Address Reference Count : 1]<UL><LI> startup_stm32h723xx.o(RESET)
</UL>
<P><STRONG><a name="[52]"></a>SPI2_IRQHandler</STRONG> (Thumb, 0 bytes, Stack size 0 bytes, startup_stm32h723xx.o(.text))
<BR>[Address Reference Count : 1]<UL><LI> startup_stm32h723xx.o(RESET)
</UL>
<P><STRONG><a name="[60]"></a>SPI3_IRQHandler</STRONG> (Thumb, 0 bytes, Stack size 0 bytes, startup_stm32h723xx.o(.text))
<BR>[Address Reference Count : 1]<UL><LI> startup_stm32h723xx.o(RESET)
</UL>
<P><STRONG><a name="[7c]"></a>SPI4_IRQHandler</STRONG> (Thumb, 0 bytes, Stack size 0 bytes, startup_stm32h723xx.o(.text))
<BR>[Address Reference Count : 1]<UL><LI> startup_stm32h723xx.o(RESET)
</UL>
<P><STRONG><a name="[7d]"></a>SPI5_IRQHandler</STRONG> (Thumb, 0 bytes, Stack size 0 bytes, startup_stm32h723xx.o(.text))
<BR>[Address Reference Count : 1]<UL><LI> startup_stm32h723xx.o(RESET)
</UL>
<P><STRONG><a name="[7e]"></a>SPI6_IRQHandler</STRONG> (Thumb, 0 bytes, Stack size 0 bytes, startup_stm32h723xx.o(.text))
<BR>[Address Reference Count : 1]<UL><LI> startup_stm32h723xx.o(RESET)
</UL>
<P><STRONG><a name="[8e]"></a>SWPMI1_IRQHandler</STRONG> (Thumb, 0 bytes, Stack size 0 bytes, startup_stm32h723xx.o(.text))
<BR>[Address Reference Count : 1]<UL><LI> startup_stm32h723xx.o(RESET)
</UL>
<P><STRONG><a name="[30]"></a>TAMP_STAMP_IRQHandler</STRONG> (Thumb, 0 bytes, Stack size 0 bytes, startup_stm32h723xx.o(.text))
<BR>[Address Reference Count : 1]<UL><LI> startup_stm32h723xx.o(RESET)
</UL>
<P><STRONG><a name="[8f]"></a>TIM15_IRQHandler</STRONG> (Thumb, 0 bytes, Stack size 0 bytes, startup_stm32h723xx.o(.text))
<BR>[Address Reference Count : 1]<UL><LI> startup_stm32h723xx.o(RESET)
</UL>
<P><STRONG><a name="[90]"></a>TIM16_IRQHandler</STRONG> (Thumb, 0 bytes, Stack size 0 bytes, startup_stm32h723xx.o(.text))
<BR>[Address Reference Count : 1]<UL><LI> startup_stm32h723xx.o(RESET)
</UL>
<P><STRONG><a name="[91]"></a>TIM17_IRQHandler</STRONG> (Thumb, 0 bytes, Stack size 0 bytes, startup_stm32h723xx.o(.text))
<BR>[Address Reference Count : 1]<UL><LI> startup_stm32h723xx.o(RESET)
</UL>
<P><STRONG><a name="[46]"></a>TIM1_BRK_IRQHandler</STRONG> (Thumb, 0 bytes, Stack size 0 bytes, startup_stm32h723xx.o(.text))
<BR>[Address Reference Count : 1]<UL><LI> startup_stm32h723xx.o(RESET)
</UL>
<P><STRONG><a name="[49]"></a>TIM1_CC_IRQHandler</STRONG> (Thumb, 0 bytes, Stack size 0 bytes, startup_stm32h723xx.o(.text))
<BR>[Address Reference Count : 1]<UL><LI> startup_stm32h723xx.o(RESET)
</UL>
<P><STRONG><a name="[48]"></a>TIM1_TRG_COM_IRQHandler</STRONG> (Thumb, 0 bytes, Stack size 0 bytes, startup_stm32h723xx.o(.text))
<BR>[Address Reference Count : 1]<UL><LI> startup_stm32h723xx.o(RESET)
</UL>
<P><STRONG><a name="[b5]"></a>TIM23_IRQHandler</STRONG> (Thumb, 0 bytes, Stack size 0 bytes, startup_stm32h723xx.o(.text))
<BR>[Address Reference Count : 1]<UL><LI> startup_stm32h723xx.o(RESET)
</UL>
<P><STRONG><a name="[b6]"></a>TIM24_IRQHandler</STRONG> (Thumb, 0 bytes, Stack size 0 bytes, startup_stm32h723xx.o(.text))
<BR>[Address Reference Count : 1]<UL><LI> startup_stm32h723xx.o(RESET)
</UL>
<P><STRONG><a name="[4b]"></a>TIM3_IRQHandler</STRONG> (Thumb, 0 bytes, Stack size 0 bytes, startup_stm32h723xx.o(.text))
<BR>[Address Reference Count : 1]<UL><LI> startup_stm32h723xx.o(RESET)
</UL>
<P><STRONG><a name="[4c]"></a>TIM4_IRQHandler</STRONG> (Thumb, 0 bytes, Stack size 0 bytes, startup_stm32h723xx.o(.text))
<BR>[Address Reference Count : 1]<UL><LI> startup_stm32h723xx.o(RESET)
</UL>
<P><STRONG><a name="[5f]"></a>TIM5_IRQHandler</STRONG> (Thumb, 0 bytes, Stack size 0 bytes, startup_stm32h723xx.o(.text))
<BR>[Address Reference Count : 1]<UL><LI> startup_stm32h723xx.o(RESET)
</UL>
<P><STRONG><a name="[63]"></a>TIM6_DAC_IRQHandler</STRONG> (Thumb, 0 bytes, Stack size 0 bytes, startup_stm32h723xx.o(.text))
<BR>[Address Reference Count : 1]<UL><LI> startup_stm32h723xx.o(RESET)
</UL>
<P><STRONG><a name="[64]"></a>TIM7_IRQHandler</STRONG> (Thumb, 0 bytes, Stack size 0 bytes, startup_stm32h723xx.o(.text))
<BR>[Address Reference Count : 1]<UL><LI> startup_stm32h723xx.o(RESET)
</UL>
<P><STRONG><a name="[58]"></a>TIM8_BRK_TIM12_IRQHandler</STRONG> (Thumb, 0 bytes, Stack size 0 bytes, startup_stm32h723xx.o(.text))
<BR>[Address Reference Count : 1]<UL><LI> startup_stm32h723xx.o(RESET)
</UL>
<P><STRONG><a name="[5b]"></a>TIM8_CC_IRQHandler</STRONG> (Thumb, 0 bytes, Stack size 0 bytes, startup_stm32h723xx.o(.text))
<BR>[Address Reference Count : 1]<UL><LI> startup_stm32h723xx.o(RESET)
</UL>
<P><STRONG><a name="[5a]"></a>TIM8_TRG_COM_TIM14_IRQHandler</STRONG> (Thumb, 0 bytes, Stack size 0 bytes, startup_stm32h723xx.o(.text))
<BR>[Address Reference Count : 1]<UL><LI> startup_stm32h723xx.o(RESET)
</UL>
<P><STRONG><a name="[59]"></a>TIM8_UP_TIM13_IRQHandler</STRONG> (Thumb, 0 bytes, Stack size 0 bytes, startup_stm32h723xx.o(.text))
<BR>[Address Reference Count : 1]<UL><LI> startup_stm32h723xx.o(RESET)
</UL>
<P><STRONG><a name="[61]"></a>UART4_IRQHandler</STRONG> (Thumb, 0 bytes, Stack size 0 bytes, startup_stm32h723xx.o(.text))
<BR>[Address Reference Count : 1]<UL><LI> startup_stm32h723xx.o(RESET)
</UL>
<P><STRONG><a name="[62]"></a>UART5_IRQHandler</STRONG> (Thumb, 0 bytes, Stack size 0 bytes, startup_stm32h723xx.o(.text))
<BR>[Address Reference Count : 1]<UL><LI> startup_stm32h723xx.o(RESET)
</UL>
<P><STRONG><a name="[7a]"></a>UART7_IRQHandler</STRONG> (Thumb, 0 bytes, Stack size 0 bytes, startup_stm32h723xx.o(.text))
<BR>[Address Reference Count : 1]<UL><LI> startup_stm32h723xx.o(RESET)
</UL>
<P><STRONG><a name="[7b]"></a>UART8_IRQHandler</STRONG> (Thumb, 0 bytes, Stack size 0 bytes, startup_stm32h723xx.o(.text))
<BR>[Address Reference Count : 1]<UL><LI> startup_stm32h723xx.o(RESET)
</UL>
<P><STRONG><a name="[55]"></a>USART3_IRQHandler</STRONG> (Thumb, 0 bytes, Stack size 0 bytes, startup_stm32h723xx.o(.text))
<BR>[Address Reference Count : 1]<UL><LI> startup_stm32h723xx.o(RESET)
</UL>
<P><STRONG><a name="[ab]"></a>WAKEUP_PIN_IRQHandler</STRONG> (Thumb, 0 bytes, Stack size 0 bytes, startup_stm32h723xx.o(.text))
<BR>[Address Reference Count : 1]<UL><LI> startup_stm32h723xx.o(RESET)
</UL>
<P><STRONG><a name="[2e]"></a>WWDG_IRQHandler</STRONG> (Thumb, 0 bytes, Stack size 0 bytes, startup_stm32h723xx.o(.text))
<BR>[Address Reference Count : 1]<UL><LI> startup_stm32h723xx.o(RESET)
</UL>
<P><STRONG><a name="[107]"></a>__aeabi_uldivmod</STRONG> (Thumb, 98 bytes, Stack size 40 bytes, uldiv.o(.text))
<BR><BR>[Stack]<UL><LI>Max Depth = 40<LI>Call Chain = __aeabi_uldivmod
</UL>
<BR>[Calls]<UL><LI><a href="#[108]">&gt;&gt;</a>&nbsp;&nbsp;&nbsp;__aeabi_llsr
<LI><a href="#[109]">&gt;&gt;</a>&nbsp;&nbsp;&nbsp;__aeabi_llsl
</UL>
<BR>[Called By]<UL><LI><a href="#[1f7]">&gt;&gt;</a>&nbsp;&nbsp;&nbsp;UART_SetConfig
<LI><a href="#[34b]">&gt;&gt;</a>&nbsp;&nbsp;&nbsp;_printf_core
<LI><a href="#[360]">&gt;&gt;</a>&nbsp;&nbsp;&nbsp;_fp_digits
</UL>

<P><STRONG><a name="[10a]"></a>qsort</STRONG> (Thumb, 170 bytes, Stack size 48 bytes, qsort.o(.text))
<BR><BR>[Stack]<UL><LI>Max Depth = 48 + In Cycle
<LI>Call Chain = qsort &rArr;  qsort (Cycle)
</UL>
<BR>[Calls]<UL><LI><a href="#[10a]">&gt;&gt;</a>&nbsp;&nbsp;&nbsp;qsort
</UL>
<BR>[Called By]<UL><LI><a href="#[2da]">&gt;&gt;</a>&nbsp;&nbsp;&nbsp;median_filter
<LI><a href="#[10a]">&gt;&gt;</a>&nbsp;&nbsp;&nbsp;qsort
</UL>

<P><STRONG><a name="[26b]"></a>__aeabi_memcpy</STRONG> (Thumb, 36 bytes, Stack size 0 bytes, memcpya.o(.text))
<BR><BR>[Called By]<UL><LI><a href="#[31f]">&gt;&gt;</a>&nbsp;&nbsp;&nbsp;robot_logic_update
<LI><a href="#[3a8]">&gt;&gt;</a>&nbsp;&nbsp;&nbsp;vtm_remote_data_hanler (via Veneer)
<LI><a href="#[28b]">&gt;&gt;</a>&nbsp;&nbsp;&nbsp;container_set
<LI><a href="#[100]">&gt;&gt;</a>&nbsp;&nbsp;&nbsp;keyboard_data_cb (via Veneer)
<LI><a href="#[ff]">&gt;&gt;</a>&nbsp;&nbsp;&nbsp;remote_data_cb (via Veneer)
<LI><a href="#[fd]">&gt;&gt;</a>&nbsp;&nbsp;&nbsp;gimbal_data_cb (via Veneer)
<LI><a href="#[fc]">&gt;&gt;</a>&nbsp;&nbsp;&nbsp;vision_data_cb (via Veneer)
<LI><a href="#[fb]">&gt;&gt;</a>&nbsp;&nbsp;&nbsp;judge_data_cb (via Veneer)
<LI><a href="#[fa]">&gt;&gt;</a>&nbsp;&nbsp;&nbsp;imu_data_cb (via Veneer)
<LI><a href="#[f9]">&gt;&gt;</a>&nbsp;&nbsp;&nbsp;kb_data_cb (via Veneer)
<LI><a href="#[f8]">&gt;&gt;</a>&nbsp;&nbsp;&nbsp;rc_data_cb (via Veneer)
<LI><a href="#[125]">&gt;&gt;</a>&nbsp;&nbsp;&nbsp;vision_get_data
<LI><a href="#[2b2]">&gt;&gt;</a>&nbsp;&nbsp;&nbsp;judge_get_data
<LI><a href="#[156]">&gt;&gt;</a>&nbsp;&nbsp;&nbsp;fdcan_board_comm_get
<LI><a href="#[152]">&gt;&gt;</a>&nbsp;&nbsp;&nbsp;imu_get_data
<LI><a href="#[104]">&gt;&gt;</a>&nbsp;&nbsp;&nbsp;vision_data_cb (via Veneer)
<LI><a href="#[103]">&gt;&gt;</a>&nbsp;&nbsp;&nbsp;vision_data_cb (via Veneer)
<LI><a href="#[102]">&gt;&gt;</a>&nbsp;&nbsp;&nbsp;vision_data_cb (via Veneer)
<LI><a href="#[101]">&gt;&gt;</a>&nbsp;&nbsp;&nbsp;gimbal_data_cb (via Veneer)
<LI><a href="#[2fb]">&gt;&gt;</a>&nbsp;&nbsp;&nbsp;prvCopyDataFromQueue
<LI><a href="#[2fc]">&gt;&gt;</a>&nbsp;&nbsp;&nbsp;prvCopyDataToQueue
<LI><a href="#[26a]">&gt;&gt;</a>&nbsp;&nbsp;&nbsp;VL53L4CD_GetResult
<LI><a href="#[35f]">&gt;&gt;</a>&nbsp;&nbsp;&nbsp;internal_alloc
</UL>

<P><STRONG><a name="[14a]"></a>__aeabi_memcpy4</STRONG> (Thumb, 0 bytes, Stack size 0 bytes, memcpya.o(.text))
<BR><BR>[Called By]<UL><LI><a href="#[149]">&gt;&gt;</a>&nbsp;&nbsp;&nbsp;HAL_FDCAN_Init
<LI><a href="#[2bd]">&gt;&gt;</a>&nbsp;&nbsp;&nbsp;kalman_filter_measure_update
<LI><a href="#[2be]">&gt;&gt;</a>&nbsp;&nbsp;&nbsp;kalman_filter_update
</UL>

<P><STRONG><a name="[3e4]"></a>__aeabi_memcpy8</STRONG> (Thumb, 0 bytes, Stack size 0 bytes, memcpya.o(.text), UNUSED)

<P><STRONG><a name="[10c]"></a>__aeabi_memset</STRONG> (Thumb, 14 bytes, Stack size 0 bytes, memseta.o(.text))
<BR><BR>[Called By]<UL><LI><a href="#[10d]">&gt;&gt;</a>&nbsp;&nbsp;&nbsp;_memset$wrapper
<LI><a href="#[10b]">&gt;&gt;</a>&nbsp;&nbsp;&nbsp;__aeabi_memclr
</UL>

<P><STRONG><a name="[303]"></a>__aeabi_memset4</STRONG> (Thumb, 0 bytes, Stack size 0 bytes, memseta.o(.text))
<BR><BR>[Called By]<UL><LI><a href="#[302]">&gt;&gt;</a>&nbsp;&nbsp;&nbsp;prvInitialiseNewTask
</UL>

<P><STRONG><a name="[3e5]"></a>__aeabi_memset8</STRONG> (Thumb, 0 bytes, Stack size 0 bytes, memseta.o(.text), UNUSED)

<P><STRONG><a name="[10b]"></a>__aeabi_memclr</STRONG> (Thumb, 4 bytes, Stack size 0 bytes, memseta.o(.text))
<BR><BR>[Calls]<UL><LI><a href="#[10c]">&gt;&gt;</a>&nbsp;&nbsp;&nbsp;__aeabi_memset
</UL>
<BR>[Called By]<UL><LI><a href="#[228]">&gt;&gt;</a>&nbsp;&nbsp;&nbsp;usart_user_handler
<LI><a href="#[2b0]">&gt;&gt;</a>&nbsp;&nbsp;&nbsp;dr16_get_data
</UL>

<P><STRONG><a name="[226]"></a>__aeabi_memclr4</STRONG> (Thumb, 0 bytes, Stack size 0 bytes, memseta.o(.text))
<BR><BR>[Called By]<UL><LI><a href="#[31e]">&gt;&gt;</a>&nbsp;&nbsp;&nbsp;robot_logic_init
<LI><a href="#[225]">&gt;&gt;</a>&nbsp;&nbsp;&nbsp;SystemClock_Config
<LI><a href="#[289]">&gt;&gt;</a>&nbsp;&nbsp;&nbsp;arm_mat_inverse_f32
<LI><a href="#[2bd]">&gt;&gt;</a>&nbsp;&nbsp;&nbsp;kalman_filter_measure_update
<LI><a href="#[2a4]">&gt;&gt;</a>&nbsp;&nbsp;&nbsp;dji_motor_fill_data
<LI><a href="#[3b7]">&gt;&gt;</a>&nbsp;&nbsp;&nbsp;shoot_init (via Veneer)
<LI><a href="#[2bb]">&gt;&gt;</a>&nbsp;&nbsp;&nbsp;kalman_filter_init
<LI><a href="#[2ec]">&gt;&gt;</a>&nbsp;&nbsp;&nbsp;power_init
<LI><a href="#[374]">&gt;&gt;</a>&nbsp;&nbsp;&nbsp;chassis_init (via Veneer)
<LI><a href="#[39d]">&gt;&gt;</a>&nbsp;&nbsp;&nbsp;gimbal_init (via Veneer)
<LI><a href="#[7]">&gt;&gt;</a>&nbsp;&nbsp;&nbsp;USBD_CDC_Init
</UL>

<P><STRONG><a name="[161]"></a>__aeabi_memclr8</STRONG> (Thumb, 0 bytes, Stack size 0 bytes, memseta.o(.text))
<BR><BR>[Called By]<UL><LI><a href="#[1a2]">&gt;&gt;</a>&nbsp;&nbsp;&nbsp;HAL_PCD_MspInit
<LI><a href="#[11c]">&gt;&gt;</a>&nbsp;&nbsp;&nbsp;I2C1_MspInit
<LI><a href="#[1f5]">&gt;&gt;</a>&nbsp;&nbsp;&nbsp;HAL_UART_MspInit
<LI><a href="#[1c0]">&gt;&gt;</a>&nbsp;&nbsp;&nbsp;HAL_RNG_MspInit
<LI><a href="#[15a]">&gt;&gt;</a>&nbsp;&nbsp;&nbsp;HAL_I2C_MspInit
<LI><a href="#[223]">&gt;&gt;</a>&nbsp;&nbsp;&nbsp;PeriphCommonClock_Config
</UL>

<P><STRONG><a name="[10d]"></a>_memset$wrapper</STRONG> (Thumb, 18 bytes, Stack size 8 bytes, memseta.o(.text), UNUSED)
<BR><BR>[Calls]<UL><LI><a href="#[10c]">&gt;&gt;</a>&nbsp;&nbsp;&nbsp;__aeabi_memset
</UL>

<P><STRONG><a name="[326]"></a>strlen</STRONG> (Thumb, 14 bytes, Stack size 0 bytes, strlen.o(.text))
<BR><BR>[Called By]<UL><LI><a href="#[280]">&gt;&gt;</a>&nbsp;&nbsp;&nbsp;ui_proc_string_frame
</UL>

<P><STRONG><a name="[27f]"></a>strcpy</STRONG> (Thumb, 18 bytes, Stack size 0 bytes, strcpy.o(.text))
<BR><BR>[Called By]<UL><LI><a href="#[3cf]">&gt;&gt;</a>&nbsp;&nbsp;&nbsp;ui_update (via Veneer)
<LI><a href="#[285]">&gt;&gt;</a>&nbsp;&nbsp;&nbsp;_ui_init_g_4_0
<LI><a href="#[284]">&gt;&gt;</a>&nbsp;&nbsp;&nbsp;_ui_init_g_3_5
<LI><a href="#[283]">&gt;&gt;</a>&nbsp;&nbsp;&nbsp;_ui_init_g_3_4
<LI><a href="#[282]">&gt;&gt;</a>&nbsp;&nbsp;&nbsp;_ui_init_g_3_3
<LI><a href="#[281]">&gt;&gt;</a>&nbsp;&nbsp;&nbsp;_ui_init_g_3_2
<LI><a href="#[27e]">&gt;&gt;</a>&nbsp;&nbsp;&nbsp;_ui_init_g_3_1
</UL>

<P><STRONG><a name="[3e6]"></a>__aeabi_uidiv</STRONG> (Thumb, 0 bytes, Stack size 12 bytes, uidiv.o(.text), UNUSED)

<P><STRONG><a name="[364]"></a>__aeabi_uidivmod</STRONG> (Thumb, 44 bytes, Stack size 12 bytes, uidiv.o(.text), UNUSED)
<BR><BR>[Called By]<UL><LI><a href="#[34b]">&gt;&gt;</a>&nbsp;&nbsp;&nbsp;_printf_core
</UL>

<P><STRONG><a name="[109]"></a>__aeabi_llsl</STRONG> (Thumb, 30 bytes, Stack size 0 bytes, llshl.o(.text))
<BR><BR>[Called By]<UL><LI><a href="#[110]">&gt;&gt;</a>&nbsp;&nbsp;&nbsp;_double_epilogue
<LI><a href="#[10e]">&gt;&gt;</a>&nbsp;&nbsp;&nbsp;__aeabi_dadd
<LI><a href="#[116]">&gt;&gt;</a>&nbsp;&nbsp;&nbsp;__aeabi_d2ulz
<LI><a href="#[107]">&gt;&gt;</a>&nbsp;&nbsp;&nbsp;__aeabi_uldivmod
</UL>

<P><STRONG><a name="[3e7]"></a>_ll_shift_l</STRONG> (Thumb, 0 bytes, Stack size 0 bytes, llshl.o(.text), UNUSED)

<P><STRONG><a name="[108]"></a>__aeabi_llsr</STRONG> (Thumb, 32 bytes, Stack size 0 bytes, llushr.o(.text))
<BR><BR>[Called By]<UL><LI><a href="#[110]">&gt;&gt;</a>&nbsp;&nbsp;&nbsp;_double_epilogue
<LI><a href="#[116]">&gt;&gt;</a>&nbsp;&nbsp;&nbsp;__aeabi_d2ulz
<LI><a href="#[107]">&gt;&gt;</a>&nbsp;&nbsp;&nbsp;__aeabi_uldivmod
</UL>

<P><STRONG><a name="[3e8]"></a>_ll_ushift_r</STRONG> (Thumb, 0 bytes, Stack size 0 bytes, llushr.o(.text), UNUSED)

<P><STRONG><a name="[3e9]"></a>__I$use$fp</STRONG> (Thumb, 0 bytes, Stack size 48 bytes, iusefp.o(.text), UNUSED)

<P><STRONG><a name="[10e]"></a>__aeabi_dadd</STRONG> (Thumb, 322 bytes, Stack size 48 bytes, dadd.o(.text), UNUSED)
<BR><BR>[Calls]<UL><LI><a href="#[10f]">&gt;&gt;</a>&nbsp;&nbsp;&nbsp;__aeabi_lasr
<LI><a href="#[111]">&gt;&gt;</a>&nbsp;&nbsp;&nbsp;_double_round
<LI><a href="#[110]">&gt;&gt;</a>&nbsp;&nbsp;&nbsp;_double_epilogue
<LI><a href="#[109]">&gt;&gt;</a>&nbsp;&nbsp;&nbsp;__aeabi_llsl
</UL>
<BR>[Called By]<UL><LI><a href="#[113]">&gt;&gt;</a>&nbsp;&nbsp;&nbsp;__aeabi_drsub
<LI><a href="#[112]">&gt;&gt;</a>&nbsp;&nbsp;&nbsp;__aeabi_dsub
<LI><a href="#[360]">&gt;&gt;</a>&nbsp;&nbsp;&nbsp;_fp_digits
</UL>

<P><STRONG><a name="[112]"></a>__aeabi_dsub</STRONG> (Thumb, 6 bytes, Stack size 0 bytes, dadd.o(.text), UNUSED)
<BR><BR>[Calls]<UL><LI><a href="#[10e]">&gt;&gt;</a>&nbsp;&nbsp;&nbsp;__aeabi_dadd
</UL>

<P><STRONG><a name="[113]"></a>__aeabi_drsub</STRONG> (Thumb, 6 bytes, Stack size 0 bytes, dadd.o(.text), UNUSED)
<BR><BR>[Calls]<UL><LI><a href="#[10e]">&gt;&gt;</a>&nbsp;&nbsp;&nbsp;__aeabi_dadd
</UL>

<P><STRONG><a name="[114]"></a>__aeabi_dmul</STRONG> (Thumb, 228 bytes, Stack size 48 bytes, dmul.o(.text), UNUSED)
<BR><BR>[Calls]<UL><LI><a href="#[110]">&gt;&gt;</a>&nbsp;&nbsp;&nbsp;_double_epilogue
</UL>
<BR>[Called By]<UL><LI><a href="#[360]">&gt;&gt;</a>&nbsp;&nbsp;&nbsp;_fp_digits
</UL>

<P><STRONG><a name="[115]"></a>__aeabi_ddiv</STRONG> (Thumb, 222 bytes, Stack size 32 bytes, ddiv.o(.text), UNUSED)
<BR><BR>[Calls]<UL><LI><a href="#[111]">&gt;&gt;</a>&nbsp;&nbsp;&nbsp;_double_round
</UL>
<BR>[Called By]<UL><LI><a href="#[360]">&gt;&gt;</a>&nbsp;&nbsp;&nbsp;_fp_digits
</UL>

<P><STRONG><a name="[116]"></a>__aeabi_d2ulz</STRONG> (Thumb, 48 bytes, Stack size 0 bytes, dfixul.o(.text), UNUSED)
<BR><BR>[Calls]<UL><LI><a href="#[108]">&gt;&gt;</a>&nbsp;&nbsp;&nbsp;__aeabi_llsr
<LI><a href="#[109]">&gt;&gt;</a>&nbsp;&nbsp;&nbsp;__aeabi_llsl
</UL>
<BR>[Called By]<UL><LI><a href="#[360]">&gt;&gt;</a>&nbsp;&nbsp;&nbsp;_fp_digits
</UL>

<P><STRONG><a name="[361]"></a>__aeabi_cdrcmple</STRONG> (Thumb, 48 bytes, Stack size 0 bytes, cdrcmple.o(.text), UNUSED)
<BR><BR>[Called By]<UL><LI><a href="#[360]">&gt;&gt;</a>&nbsp;&nbsp;&nbsp;_fp_digits
</UL>

<P><STRONG><a name="[3ea]"></a>__fp_status</STRONG> (Thumb, 4 bytes, Stack size 0 bytes, fpstat.o(.text), UNUSED)

<P><STRONG><a name="[359]"></a>__ieee_status</STRONG> (Thumb, 0 bytes, Stack size 0 bytes, fpstat.o(.text))
<BR><BR>[Called By]<UL><LI><a href="#[358]">&gt;&gt;</a>&nbsp;&nbsp;&nbsp;__hardfp_powf
</UL>

<P><STRONG><a name="[106]"></a>__scatterload</STRONG> (Thumb, 38 bytes, Stack size 0 bytes, init.o(.text))
<BR><BR>[Calls]<UL><LI><a href="#[117]">&gt;&gt;</a>&nbsp;&nbsp;&nbsp;__main_after_scatterload
</UL>
<BR>[Called By]<UL><LI><a href="#[105]">&gt;&gt;</a>&nbsp;&nbsp;&nbsp;_main_scatterload
</UL>

<P><STRONG><a name="[3eb]"></a>__scatterload_rt2</STRONG> (Thumb, 0 bytes, Stack size 0 bytes, init.o(.text), UNUSED)

<P><STRONG><a name="[10f]"></a>__aeabi_lasr</STRONG> (Thumb, 36 bytes, Stack size 0 bytes, llsshr.o(.text), UNUSED)
<BR><BR>[Called By]<UL><LI><a href="#[10e]">&gt;&gt;</a>&nbsp;&nbsp;&nbsp;__aeabi_dadd
</UL>

<P><STRONG><a name="[3ec]"></a>_ll_sshift_r</STRONG> (Thumb, 0 bytes, Stack size 0 bytes, llsshr.o(.text), UNUSED)

<P><STRONG><a name="[111]"></a>_double_round</STRONG> (Thumb, 30 bytes, Stack size 8 bytes, depilogue.o(.text), UNUSED)
<BR><BR>[Called By]<UL><LI><a href="#[110]">&gt;&gt;</a>&nbsp;&nbsp;&nbsp;_double_epilogue
<LI><a href="#[115]">&gt;&gt;</a>&nbsp;&nbsp;&nbsp;__aeabi_ddiv
<LI><a href="#[10e]">&gt;&gt;</a>&nbsp;&nbsp;&nbsp;__aeabi_dadd
</UL>

<P><STRONG><a name="[110]"></a>_double_epilogue</STRONG> (Thumb, 156 bytes, Stack size 32 bytes, depilogue.o(.text), UNUSED)
<BR><BR>[Calls]<UL><LI><a href="#[111]">&gt;&gt;</a>&nbsp;&nbsp;&nbsp;_double_round
<LI><a href="#[108]">&gt;&gt;</a>&nbsp;&nbsp;&nbsp;__aeabi_llsr
<LI><a href="#[109]">&gt;&gt;</a>&nbsp;&nbsp;&nbsp;__aeabi_llsl
</UL>
<BR>[Called By]<UL><LI><a href="#[114]">&gt;&gt;</a>&nbsp;&nbsp;&nbsp;__aeabi_dmul
<LI><a href="#[10e]">&gt;&gt;</a>&nbsp;&nbsp;&nbsp;__aeabi_dadd
</UL>

<P><STRONG><a name="[3ed]"></a>__decompress</STRONG> (Thumb, 0 bytes, Stack size unknown bytes, __dczerorl2.o(.text), UNUSED)

<P><STRONG><a name="[3ee]"></a>__decompress1</STRONG> (Thumb, 86 bytes, Stack size unknown bytes, __dczerorl2.o(.text), UNUSED)

<P><STRONG><a name="[c5]"></a>BSP_GetTick</STRONG> (Thumb, 8 bytes, Stack size 8 bytes, custom_bus.o(.text.BSP_GetTick))
<BR><BR>[Stack]<UL><LI>Max Depth = 8<LI>Call Chain = BSP_GetTick
</UL>
<BR>[Calls]<UL><LI><a href="#[118]">&gt;&gt;</a>&nbsp;&nbsp;&nbsp;HAL_GetTick
</UL>
<BR>[Address Reference Count : 1]<UL><LI> custom_ranging_sensor.o(.text.VL53L4CD_Probe)
</UL>
<P><STRONG><a name="[c2]"></a>BSP_I2C1_DeInit</STRONG> (Thumb, 82 bytes, Stack size 16 bytes, custom_bus.o(.text.BSP_I2C1_DeInit))
<BR><BR>[Stack]<UL><LI>Max Depth = 108<LI>Call Chain = BSP_I2C1_DeInit &rArr; HAL_I2C_DeInit &rArr; HAL_I2C_MspDeInit &rArr; HAL_GPIO_DeInit
</UL>
<BR>[Calls]<UL><LI><a href="#[11a]">&gt;&gt;</a>&nbsp;&nbsp;&nbsp;HAL_I2C_DeInit
<LI><a href="#[119]">&gt;&gt;</a>&nbsp;&nbsp;&nbsp;I2C1_MspDeInit
</UL>
<BR>[Address Reference Count : 1]<UL><LI> custom_ranging_sensor.o(.text.VL53L4CD_Probe)
</UL>
<P><STRONG><a name="[c1]"></a>BSP_I2C1_Init</STRONG> (Thumb, 148 bytes, Stack size 16 bytes, custom_bus.o(.text.BSP_I2C1_Init))
<BR><BR>[Stack]<UL><LI>Max Depth = 416<LI>Call Chain = BSP_I2C1_Init &rArr; MX_I2C1_Init &rArr; HAL_I2C_Init &rArr; HAL_I2C_MspInit &rArr; HAL_RCCEx_PeriphCLKConfig &rArr; RCCEx_PLL3_Config
</UL>
<BR>[Calls]<UL><LI><a href="#[11d]">&gt;&gt;</a>&nbsp;&nbsp;&nbsp;MX_I2C1_Init
<LI><a href="#[11b]">&gt;&gt;</a>&nbsp;&nbsp;&nbsp;HAL_I2C_GetState
<LI><a href="#[11c]">&gt;&gt;</a>&nbsp;&nbsp;&nbsp;I2C1_MspInit
<LI><a href="#[11e]">&gt;&gt;</a>&nbsp;&nbsp;&nbsp;HAL_I2CEx_ConfigAnalogFilter
</UL>
<BR>[Address Reference Count : 1]<UL><LI> custom_ranging_sensor.o(.text.VL53L4CD_Probe)
</UL>
<P><STRONG><a name="[c4]"></a>BSP_I2C1_Recv</STRONG> (Thumb, 96 bytes, Stack size 32 bytes, custom_bus.o(.text.BSP_I2C1_Recv))
<BR><BR>[Stack]<UL><LI>Max Depth = 156<LI>Call Chain = BSP_I2C1_Recv &rArr; HAL_I2C_Master_Receive &rArr; I2C_WaitOnRXNEFlagUntilTimeout &rArr; I2C_IsErrorOccurred &rArr; I2C_Flush_TXDR
</UL>
<BR>[Calls]<UL><LI><a href="#[11f]">&gt;&gt;</a>&nbsp;&nbsp;&nbsp;HAL_I2C_Master_Receive
<LI><a href="#[120]">&gt;&gt;</a>&nbsp;&nbsp;&nbsp;HAL_I2C_GetError
</UL>
<BR>[Address Reference Count : 1]<UL><LI> custom_ranging_sensor.o(.text.VL53L4CD_Probe)
</UL>
<P><STRONG><a name="[c3]"></a>BSP_I2C1_Send</STRONG> (Thumb, 96 bytes, Stack size 32 bytes, custom_bus.o(.text.BSP_I2C1_Send))
<BR><BR>[Stack]<UL><LI>Max Depth = 156<LI>Call Chain = BSP_I2C1_Send &rArr; HAL_I2C_Master_Transmit &rArr; I2C_WaitOnFlagUntilTimeout &rArr; I2C_IsErrorOccurred &rArr; I2C_Flush_TXDR
</UL>
<BR>[Calls]<UL><LI><a href="#[121]">&gt;&gt;</a>&nbsp;&nbsp;&nbsp;HAL_I2C_Master_Transmit
<LI><a href="#[120]">&gt;&gt;</a>&nbsp;&nbsp;&nbsp;HAL_I2C_GetError
</UL>
<BR>[Address Reference Count : 1]<UL><LI> custom_ranging_sensor.o(.text.VL53L4CD_Probe)
</UL>
<P><STRONG><a name="[2aa]"></a>BranchlessNormalizeAngle</STRONG> (Thumb, 44 bytes, Stack size 4 bytes, math_lib.o(.text.BranchlessNormalizeAngle))
<BR><BR>[Stack]<UL><LI>Max Depth = 4<LI>Call Chain = BranchlessNormalizeAngle
</UL>
<BR>[Called By]<UL><LI><a href="#[2a8]">&gt;&gt;</a>&nbsp;&nbsp;&nbsp;dm_motor_get_single_data
</UL>

<P><STRONG><a name="[28]"></a>BusFault_Handler</STRONG> (Thumb, 4 bytes, Stack size 0 bytes, stm32h7xx_it.o(.text.BusFault_Handler))
<BR>[Address Reference Count : 1]<UL><LI> startup_stm32h723xx.o(RESET)
</UL>
<P><STRONG><a name="[21e]"></a>CUSTOM_RANGING_SENSOR_ConfigProfile</STRONG> (Thumb, 84 bytes, Stack size 24 bytes, custom_ranging_sensor.o(.text.CUSTOM_RANGING_SENSOR_ConfigProfile))
<BR><BR>[Stack]<UL><LI>Max Depth = 24<LI>Call Chain = CUSTOM_RANGING_SENSOR_ConfigProfile
</UL>
<BR>[Called By]<UL><LI><a href="#[210]">&gt;&gt;</a>&nbsp;&nbsp;&nbsp;MX_VL53L4CD_SimpleRanging_Process
</UL>

<P><STRONG><a name="[21d]"></a>CUSTOM_RANGING_SENSOR_GetCapabilities</STRONG> (Thumb, 84 bytes, Stack size 24 bytes, custom_ranging_sensor.o(.text.CUSTOM_RANGING_SENSOR_GetCapabilities))
<BR><BR>[Stack]<UL><LI>Max Depth = 24<LI>Call Chain = CUSTOM_RANGING_SENSOR_GetCapabilities
</UL>
<BR>[Called By]<UL><LI><a href="#[210]">&gt;&gt;</a>&nbsp;&nbsp;&nbsp;MX_VL53L4CD_SimpleRanging_Process
</UL>

<P><STRONG><a name="[220]"></a>CUSTOM_RANGING_SENSOR_GetDistance</STRONG> (Thumb, 84 bytes, Stack size 24 bytes, custom_ranging_sensor.o(.text.CUSTOM_RANGING_SENSOR_GetDistance))
<BR><BR>[Stack]<UL><LI>Max Depth = 24<LI>Call Chain = CUSTOM_RANGING_SENSOR_GetDistance
</UL>
<BR>[Called By]<UL><LI><a href="#[210]">&gt;&gt;</a>&nbsp;&nbsp;&nbsp;MX_VL53L4CD_SimpleRanging_Process
</UL>

<P><STRONG><a name="[126]"></a>CUSTOM_RANGING_SENSOR_Init</STRONG> (Thumb, 72 bytes, Stack size 16 bytes, custom_ranging_sensor.o(.text.CUSTOM_RANGING_SENSOR_Init))
<BR><BR>[Stack]<UL><LI>Max Depth = 144<LI>Call Chain = CUSTOM_RANGING_SENSOR_Init &rArr; VL53L4CD_Probe &rArr; VL53L4CD_ReadID &rArr; VL53L4CD_RdWord &rArr; _I2CRead
</UL>
<BR>[Calls]<UL><LI><a href="#[128]">&gt;&gt;</a>&nbsp;&nbsp;&nbsp;VL53L4CD_Probe
<LI><a href="#[127]">&gt;&gt;</a>&nbsp;&nbsp;&nbsp;reset_device
</UL>
<BR>[Called By]<UL><LI><a href="#[20e]">&gt;&gt;</a>&nbsp;&nbsp;&nbsp;MX_VL53L4CD_SimpleRanging_Init
</UL>

<P><STRONG><a name="[21c]"></a>CUSTOM_RANGING_SENSOR_ReadID</STRONG> (Thumb, 84 bytes, Stack size 24 bytes, custom_ranging_sensor.o(.text.CUSTOM_RANGING_SENSOR_ReadID))
<BR><BR>[Stack]<UL><LI>Max Depth = 24<LI>Call Chain = CUSTOM_RANGING_SENSOR_ReadID
</UL>
<BR>[Called By]<UL><LI><a href="#[210]">&gt;&gt;</a>&nbsp;&nbsp;&nbsp;MX_VL53L4CD_SimpleRanging_Process
</UL>

<P><STRONG><a name="[21f]"></a>CUSTOM_RANGING_SENSOR_Start</STRONG> (Thumb, 88 bytes, Stack size 24 bytes, custom_ranging_sensor.o(.text.CUSTOM_RANGING_SENSOR_Start))
<BR><BR>[Stack]<UL><LI>Max Depth = 24<LI>Call Chain = CUSTOM_RANGING_SENSOR_Start
</UL>
<BR>[Called By]<UL><LI><a href="#[210]">&gt;&gt;</a>&nbsp;&nbsp;&nbsp;MX_VL53L4CD_SimpleRanging_Process
</UL>

<P><STRONG><a name="[39]"></a>DMA1_Stream0_IRQHandler</STRONG> (Thumb, 16 bytes, Stack size 8 bytes, stm32h7xx_it.o(.text.DMA1_Stream0_IRQHandler))
<BR><BR>[Stack]<UL><LI>Max Depth = 80<LI>Call Chain = DMA1_Stream0_IRQHandler &rArr; HAL_DMA_IRQHandler
</UL>
<BR>[Calls]<UL><LI><a href="#[129]">&gt;&gt;</a>&nbsp;&nbsp;&nbsp;HAL_DMA_IRQHandler
</UL>
<BR>[Address Reference Count : 1]<UL><LI> startup_stm32h723xx.o(RESET)
</UL>
<P><STRONG><a name="[3a]"></a>DMA1_Stream1_IRQHandler</STRONG> (Thumb, 16 bytes, Stack size 8 bytes, stm32h7xx_it.o(.text.DMA1_Stream1_IRQHandler))
<BR><BR>[Stack]<UL><LI>Max Depth = 80<LI>Call Chain = DMA1_Stream1_IRQHandler &rArr; HAL_DMA_IRQHandler
</UL>
<BR>[Calls]<UL><LI><a href="#[129]">&gt;&gt;</a>&nbsp;&nbsp;&nbsp;HAL_DMA_IRQHandler
</UL>
<BR>[Address Reference Count : 1]<UL><LI> startup_stm32h723xx.o(RESET)
</UL>
<P><STRONG><a name="[3b]"></a>DMA1_Stream2_IRQHandler</STRONG> (Thumb, 16 bytes, Stack size 8 bytes, stm32h7xx_it.o(.text.DMA1_Stream2_IRQHandler))
<BR><BR>[Stack]<UL><LI>Max Depth = 80<LI>Call Chain = DMA1_Stream2_IRQHandler &rArr; HAL_DMA_IRQHandler
</UL>
<BR>[Calls]<UL><LI><a href="#[129]">&gt;&gt;</a>&nbsp;&nbsp;&nbsp;HAL_DMA_IRQHandler
</UL>
[...]
<BR><BR>[Stack]<UL><LI>Max Depth = 16<LI>Call Chain = rem_low_execute &rArr; fsm_change
</UL>
<BR>[Calls]<UL><LI><a href="#[31c]">&gt;&gt;</a>&nbsp;&nbsp;&nbsp;rc_fsm_check
<LI><a href="#[31d]">&gt;&gt;</a>&nbsp;&nbsp;&nbsp;check_ch3_trigger
<LI><a href="#[2c3]">&gt;&gt;</a>&nbsp;&nbsp;&nbsp;fsm_change
</UL>
<BR>[Address Reference Count : 1]<UL><LI> robot_logic.o(.rodata.state_rem_low)
</UL>
<P><STRONG><a name="[31d]"></a>check_ch3_trigger</STRONG> (Thumb, 70 bytes, Stack size 4 bytes, robot_logic.o(.text.check_ch3_trigger))
<BR><BR>[Stack]<UL><LI>Max Depth = 4<LI>Call Chain = check_ch3_trigger
</UL>
<BR>[Called By]<UL><LI><a href="#[f3]">&gt;&gt;</a>&nbsp;&nbsp;&nbsp;rem_spin_execute
<LI><a href="#[f1]">&gt;&gt;</a>&nbsp;&nbsp;&nbsp;rem_low_execute
</UL>

<P><STRONG><a name="[f2]"></a>rem_spin_enter</STRONG> (Thumb, 14 bytes, Stack size 0 bytes, robot_logic.o(.text.rem_spin_enter))
<BR>[Address Reference Count : 1]<UL><LI> robot_logic.o(.rodata.state_rem_spin)
</UL>
<P><STRONG><a name="[f3]"></a>rem_spin_execute</STRONG> (Thumb, 52 bytes, Stack size 8 bytes, robot_logic.o(.text.rem_spin_execute))
<BR><BR>[Stack]<UL><LI>Max Depth = 16<LI>Call Chain = rem_spin_execute &rArr; fsm_change
</UL>
<BR>[Calls]<UL><LI><a href="#[31d]">&gt;&gt;</a>&nbsp;&nbsp;&nbsp;check_ch3_trigger
<LI><a href="#[2c3]">&gt;&gt;</a>&nbsp;&nbsp;&nbsp;fsm_change
</UL>
<BR>[Address Reference Count : 1]<UL><LI> robot_logic.o(.rodata.state_rem_spin)
</UL>
<P><STRONG><a name="[ee]"></a>rem_high_enter</STRONG> (Thumb, 14 bytes, Stack size 0 bytes, robot_logic.o(.text.rem_high_enter))
<BR>[Address Reference Count : 1]<UL><LI> robot_logic.o(.rodata.state_rem_high)
</UL>
<P><STRONG><a name="[ef]"></a>rem_high_execute</STRONG> (Thumb, 126 bytes, Stack size 8 bytes, robot_logic.o(.text.rem_high_execute))
<BR><BR>[Stack]<UL><LI>Max Depth = 16<LI>Call Chain = rem_high_execute &rArr; fsm_change
</UL>
<BR>[Calls]<UL><LI><a href="#[31c]">&gt;&gt;</a>&nbsp;&nbsp;&nbsp;rc_fsm_check
<LI><a href="#[2c3]">&gt;&gt;</a>&nbsp;&nbsp;&nbsp;fsm_change
</UL>
<BR>[Address Reference Count : 1]<UL><LI> robot_logic.o(.rodata.state_rem_high)
</UL>
<P><STRONG><a name="[ec]"></a>rem_ascend_enter</STRONG> (Thumb, 14 bytes, Stack size 0 bytes, robot_logic.o(.text.rem_ascend_enter))
<BR>[Address Reference Count : 1]<UL><LI> robot_logic.o(.rodata.state_rem_ascend)
</UL>
<P><STRONG><a name="[ed]"></a>rem_ascend_execute</STRONG> (Thumb, 150 bytes, Stack size 8 bytes, robot_logic.o(.text.rem_ascend_execute))
<BR><BR>[Stack]<UL><LI>Max Depth = 16<LI>Call Chain = rem_ascend_execute &rArr; fsm_change
</UL>
<BR>[Calls]<UL><LI><a href="#[31c]">&gt;&gt;</a>&nbsp;&nbsp;&nbsp;rc_fsm_check
<LI><a href="#[2c3]">&gt;&gt;</a>&nbsp;&nbsp;&nbsp;fsm_change
</UL>
<BR>[Address Reference Count : 1]<UL><LI> robot_logic.o(.rodata.state_rem_ascend)
</UL>
<P><STRONG><a name="[f4]"></a>rem_ter_ready_enter</STRONG> (Thumb, 14 bytes, Stack size 0 bytes, robot_logic.o(.text.rem_ter_ready_enter))
<BR>[Address Reference Count : 1]<UL><LI> robot_logic.o(.rodata.state_rem_ter_ready)
</UL>
<P><STRONG><a name="[f5]"></a>rem_ter_ready_execute</STRONG> (Thumb, 138 bytes, Stack size 8 bytes, robot_logic.o(.text.rem_ter_ready_execute))
<BR><BR>[Stack]<UL><LI>Max Depth = 16<LI>Call Chain = rem_ter_ready_execute &rArr; fsm_change
</UL>
<BR>[Calls]<UL><LI><a href="#[31c]">&gt;&gt;</a>&nbsp;&nbsp;&nbsp;rc_fsm_check
<LI><a href="#[2c3]">&gt;&gt;</a>&nbsp;&nbsp;&nbsp;fsm_change
</UL>
<BR>[Address Reference Count : 1]<UL><LI> robot_logic.o(.rodata.state_rem_ter_ready)
</UL>
<P><STRONG><a name="[e0]"></a>kb_low_enter</STRONG> (Thumb, 14 bytes, Stack size 0 bytes, robot_logic.o(.text.kb_low_enter))
<BR>[Address Reference Count : 1]<UL><LI> robot_logic.o(.rodata.state_kb_low)
</UL>
<P><STRONG><a name="[e1]"></a>kb_low_execute</STRONG> (Thumb, 292 bytes, Stack size 16 bytes, robot_logic.o(.text.kb_low_execute))
<BR><BR>[Stack]<UL><LI>Max Depth = 24<LI>Call Chain = kb_low_execute &rArr; fsm_change
</UL>
<BR>[Calls]<UL><LI><a href="#[2c4]">&gt;&gt;</a>&nbsp;&nbsp;&nbsp;check_key_trigger
<LI><a href="#[2c2]">&gt;&gt;</a>&nbsp;&nbsp;&nbsp;get_kb_shoot_mode
<LI><a href="#[2c1]">&gt;&gt;</a>&nbsp;&nbsp;&nbsp;get_kb_gimbal_mode
<LI><a href="#[2c3]">&gt;&gt;</a>&nbsp;&nbsp;&nbsp;fsm_change
</UL>
<BR>[Address Reference Count : 1]<UL><LI> robot_logic.o(.rodata.state_kb_low)
</UL>
<P><STRONG><a name="[2c1]"></a>get_kb_gimbal_mode</STRONG> (Thumb, 20 bytes, Stack size 0 bytes, robot_logic.o(.text.get_kb_gimbal_mode))
<BR><BR>[Called By]<UL><LI><a href="#[db]">&gt;&gt;</a>&nbsp;&nbsp;&nbsp;kb_energy_execute
<LI><a href="#[d7]">&gt;&gt;</a>&nbsp;&nbsp;&nbsp;kb_ascend_execute
<LI><a href="#[d9]">&gt;&gt;</a>&nbsp;&nbsp;&nbsp;kb_double_ter_execute
<LI><a href="#[e7]">&gt;&gt;</a>&nbsp;&nbsp;&nbsp;kb_ter_run_execute
<LI><a href="#[e5]">&gt;&gt;</a>&nbsp;&nbsp;&nbsp;kb_ter_ready_execute
<LI><a href="#[df]">&gt;&gt;</a>&nbsp;&nbsp;&nbsp;kb_high_execute
<LI><a href="#[e3]">&gt;&gt;</a>&nbsp;&nbsp;&nbsp;kb_spin_execute
<LI><a href="#[dd]">&gt;&gt;</a>&nbsp;&nbsp;&nbsp;kb_fight_execute
<LI><a href="#[e1]">&gt;&gt;</a>&nbsp;&nbsp;&nbsp;kb_low_execute
</UL>

<P><STRONG><a name="[2c2]"></a>get_kb_shoot_mode</STRONG> (Thumb, 4 bytes, Stack size 0 bytes, robot_logic.o(.text.get_kb_shoot_mode))
<BR><BR>[Called By]<UL><LI><a href="#[db]">&gt;&gt;</a>&nbsp;&nbsp;&nbsp;kb_energy_execute
<LI><a href="#[d7]">&gt;&gt;</a>&nbsp;&nbsp;&nbsp;kb_ascend_execute
<LI><a href="#[d9]">&gt;&gt;</a>&nbsp;&nbsp;&nbsp;kb_double_ter_execute
<LI><a href="#[e7]">&gt;&gt;</a>&nbsp;&nbsp;&nbsp;kb_ter_run_execute
<LI><a href="#[e5]">&gt;&gt;</a>&nbsp;&nbsp;&nbsp;kb_ter_ready_execute
<LI><a href="#[df]">&gt;&gt;</a>&nbsp;&nbsp;&nbsp;kb_high_execute
<LI><a href="#[e3]">&gt;&gt;</a>&nbsp;&nbsp;&nbsp;kb_spin_execute
<LI><a href="#[dd]">&gt;&gt;</a>&nbsp;&nbsp;&nbsp;kb_fight_execute
<LI><a href="#[e1]">&gt;&gt;</a>&nbsp;&nbsp;&nbsp;kb_low_execute
</UL>

<P><STRONG><a name="[2c4]"></a>check_key_trigger</STRONG> (Thumb, 70 bytes, Stack size 4 bytes, robot_logic.o(.text.check_key_trigger))
<BR><BR>[Stack]<UL><LI>Max Depth = 4<LI>Call Chain = check_key_trigger
</UL>
<BR>[Called By]<UL><LI><a href="#[db]">&gt;&gt;</a>&nbsp;&nbsp;&nbsp;kb_energy_execute
<LI><a href="#[d7]">&gt;&gt;</a>&nbsp;&nbsp;&nbsp;kb_ascend_execute
<LI><a href="#[d9]">&gt;&gt;</a>&nbsp;&nbsp;&nbsp;kb_double_ter_execute
<LI><a href="#[e7]">&gt;&gt;</a>&nbsp;&nbsp;&nbsp;kb_ter_run_execute
<LI><a href="#[e5]">&gt;&gt;</a>&nbsp;&nbsp;&nbsp;kb_ter_ready_execute
<LI><a href="#[df]">&gt;&gt;</a>&nbsp;&nbsp;&nbsp;kb_high_execute
<LI><a href="#[e3]">&gt;&gt;</a>&nbsp;&nbsp;&nbsp;kb_spin_execute
<LI><a href="#[dd]">&gt;&gt;</a>&nbsp;&nbsp;&nbsp;kb_fight_execute
<LI><a href="#[e1]">&gt;&gt;</a>&nbsp;&nbsp;&nbsp;kb_low_execute
</UL>

<P><STRONG><a name="[dc]"></a>kb_fight_enter</STRONG> (Thumb, 14 bytes, Stack size 0 bytes, robot_logic.o(.text.kb_fight_enter))
<BR>[Address Reference Count : 1]<UL><LI> robot_logic.o(.rodata.state_kb_fight)
</UL>
<P><STRONG><a name="[dd]"></a>kb_fight_execute</STRONG> (Thumb, 156 bytes, Stack size 16 bytes, robot_logic.o(.text.kb_fight_execute))
<BR><BR>[Stack]<UL><LI>Max Depth = 24<LI>Call Chain = kb_fight_execute &rArr; fsm_change
</UL>
<BR>[Calls]<UL><LI><a href="#[2c4]">&gt;&gt;</a>&nbsp;&nbsp;&nbsp;check_key_trigger
<LI><a href="#[2c2]">&gt;&gt;</a>&nbsp;&nbsp;&nbsp;get_kb_shoot_mode
<LI><a href="#[2c1]">&gt;&gt;</a>&nbsp;&nbsp;&nbsp;get_kb_gimbal_mode
<LI><a href="#[2c3]">&gt;&gt;</a>&nbsp;&nbsp;&nbsp;fsm_change
</UL>
<BR>[Address Reference Count : 1]<UL><LI> robot_logic.o(.rodata.state_kb_fight)
</UL>
<P><STRONG><a name="[e2]"></a>kb_spin_enter</STRONG> (Thumb, 14 bytes, Stack size 0 bytes, robot_logic.o(.text.kb_spin_enter))
<BR>[Address Reference Count : 1]<UL><LI> robot_logic.o(.rodata.state_kb_spin)
</UL>
<P><STRONG><a name="[e3]"></a>kb_spin_execute</STRONG> (Thumb, 80 bytes, Stack size 16 bytes, robot_logic.o(.text.kb_spin_execute))
<BR><BR>[Stack]<UL><LI>Max Depth = 24<LI>Call Chain = kb_spin_execute &rArr; fsm_change
</UL>
<BR>[Calls]<UL><LI><a href="#[2c4]">&gt;&gt;</a>&nbsp;&nbsp;&nbsp;check_key_trigger
<LI><a href="#[2c2]">&gt;&gt;</a>&nbsp;&nbsp;&nbsp;get_kb_shoot_mode
<LI><a href="#[2c1]">&gt;&gt;</a>&nbsp;&nbsp;&nbsp;get_kb_gimbal_mode
<LI><a href="#[2c3]">&gt;&gt;</a>&nbsp;&nbsp;&nbsp;fsm_change
</UL>
<BR>[Address Reference Count : 1]<UL><LI> robot_logic.o(.rodata.state_kb_spin)
</UL>
<P><STRONG><a name="[de]"></a>kb_high_enter</STRONG> (Thumb, 14 bytes, Stack size 0 bytes, robot_logic.o(.text.kb_high_enter))
<BR>[Address Reference Count : 1]<UL><LI> robot_logic.o(.rodata.state_kb_high)
</UL>
<P><STRONG><a name="[df]"></a>kb_high_execute</STRONG> (Thumb, 224 bytes, Stack size 16 bytes, robot_logic.o(.text.kb_high_execute))
<BR><BR>[Stack]<UL><LI>Max Depth = 24<LI>Call Chain = kb_high_execute &rArr; fsm_change
</UL>
<BR>[Calls]<UL><LI><a href="#[2c4]">&gt;&gt;</a>&nbsp;&nbsp;&nbsp;check_key_trigger
<LI><a href="#[2c2]">&gt;&gt;</a>&nbsp;&nbsp;&nbsp;get_kb_shoot_mode
<LI><a href="#[2c1]">&gt;&gt;</a>&nbsp;&nbsp;&nbsp;get_kb_gimbal_mode
<LI><a href="#[2c3]">&gt;&gt;</a>&nbsp;&nbsp;&nbsp;fsm_change
</UL>
<BR>[Address Reference Count : 1]<UL><LI> robot_logic.o(.rodata.state_kb_high)
</UL>
<P><STRONG><a name="[e4]"></a>kb_ter_ready_enter</STRONG> (Thumb, 18 bytes, Stack size 0 bytes, robot_logic.o(.text.kb_ter_ready_enter))
<BR>[Address Reference Count : 1]<UL><LI> robot_logic.o(.rodata.state_kb_ter_ready)
</UL>
<P><STRONG><a name="[e5]"></a>kb_ter_ready_execute</STRONG> (Thumb, 178 bytes, Stack size 16 bytes, robot_logic.o(.text.kb_ter_ready_execute))
<BR><BR>[Stack]<UL><LI>Max Depth = 24<LI>Call Chain = kb_ter_ready_execute &rArr; fsm_change
</UL>
<BR>[Calls]<UL><LI><a href="#[2c4]">&gt;&gt;</a>&nbsp;&nbsp;&nbsp;check_key_trigger
<LI><a href="#[2c2]">&gt;&gt;</a>&nbsp;&nbsp;&nbsp;get_kb_shoot_mode
<LI><a href="#[2c1]">&gt;&gt;</a>&nbsp;&nbsp;&nbsp;get_kb_gimbal_mode
<LI><a href="#[2c3]">&gt;&gt;</a>&nbsp;&nbsp;&nbsp;fsm_change
</UL>
<BR>[Address Reference Count : 1]<UL><LI> robot_logic.o(.rodata.state_kb_ter_ready)
</UL>
<P><STRONG><a name="[e6]"></a>kb_ter_run_enter</STRONG> (Thumb, 14 bytes, Stack size 0 bytes, robot_logic.o(.text.kb_ter_run_enter))
<BR>[Address Reference Count : 1]<UL><LI> robot_logic.o(.rodata.state_kb_ter_run)
</UL>
<P><STRONG><a name="[e7]"></a>kb_ter_run_execute</STRONG> (Thumb, 104 bytes, Stack size 16 bytes, robot_logic.o(.text.kb_ter_run_execute))
<BR><BR>[Stack]<UL><LI>Max Depth = 24<LI>Call Chain = kb_ter_run_execute &rArr; fsm_change
</UL>
<BR>[Calls]<UL><LI><a href="#[2c4]">&gt;&gt;</a>&nbsp;&nbsp;&nbsp;check_key_trigger
<LI><a href="#[2c2]">&gt;&gt;</a>&nbsp;&nbsp;&nbsp;get_kb_shoot_mode
<LI><a href="#[2c1]">&gt;&gt;</a>&nbsp;&nbsp;&nbsp;get_kb_gimbal_mode
<LI><a href="#[2c3]">&gt;&gt;</a>&nbsp;&nbsp;&nbsp;fsm_change
</UL>
<BR>[Address Reference Count : 1]<UL><LI> robot_logic.o(.rodata.state_kb_ter_run)
</UL>
<P><STRONG><a name="[d8]"></a>kb_double_ter_enter</STRONG> (Thumb, 14 bytes, Stack size 0 bytes, robot_logic.o(.text.kb_double_ter_enter))
<BR>[Address Reference Count : 1]<UL><LI> robot_logic.o(.rodata.state_kb_double_ter_run)
</UL>
<P><STRONG><a name="[d9]"></a>kb_double_ter_execute</STRONG> (Thumb, 120 bytes, Stack size 16 bytes, robot_logic.o(.text.kb_double_ter_execute))
<BR><BR>[Stack]<UL><LI>Max Depth = 24<LI>Call Chain = kb_double_ter_execute &rArr; fsm_change
</UL>
<BR>[Calls]<UL><LI><a href="#[2c4]">&gt;&gt;</a>&nbsp;&nbsp;&nbsp;check_key_trigger
<LI><a href="#[2c2]">&gt;&gt;</a>&nbsp;&nbsp;&nbsp;get_kb_shoot_mode
<LI><a href="#[2c1]">&gt;&gt;</a>&nbsp;&nbsp;&nbsp;get_kb_gimbal_mode
<LI><a href="#[2c3]">&gt;&gt;</a>&nbsp;&nbsp;&nbsp;fsm_change
</UL>
<BR>[Address Reference Count : 1]<UL><LI> robot_logic.o(.rodata.state_kb_double_ter_run)
</UL>
<P><STRONG><a name="[d6]"></a>kb_ascend_enter</STRONG> (Thumb, 14 bytes, Stack size 0 bytes, robot_logic.o(.text.kb_ascend_enter))
<BR>[Address Reference Count : 1]<UL><LI> robot_logic.o(.rodata.state_kb_ascend)
</UL>
<P><STRONG><a name="[d7]"></a>kb_ascend_execute</STRONG> (Thumb, 172 bytes, Stack size 16 bytes, robot_logic.o(.text.kb_ascend_execute))
<BR><BR>[Stack]<UL><LI>Max Depth = 24<LI>Call Chain = kb_ascend_execute &rArr; fsm_change
</UL>
<BR>[Calls]<UL><LI><a href="#[2c4]">&gt;&gt;</a>&nbsp;&nbsp;&nbsp;check_key_trigger
<LI><a href="#[2c2]">&gt;&gt;</a>&nbsp;&nbsp;&nbsp;get_kb_shoot_mode
<LI><a href="#[2c1]">&gt;&gt;</a>&nbsp;&nbsp;&nbsp;get_kb_gimbal_mode
<LI><a href="#[2c3]">&gt;&gt;</a>&nbsp;&nbsp;&nbsp;fsm_change
</UL>
<BR>[Address Reference Count : 1]<UL><LI> robot_logic.o(.rodata.state_kb_ascend)
</UL>
<P><STRONG><a name="[da]"></a>kb_energy_enter</STRONG> (Thumb, 14 bytes, Stack size 0 bytes, robot_logic.o(.text.kb_energy_enter))
<BR>[Address Reference Count : 1]<UL><LI> robot_logic.o(.rodata.state_kb_energy)
</UL>
<P><STRONG><a name="[db]"></a>kb_energy_execute</STRONG> (Thumb, 72 bytes, Stack size 16 bytes, robot_logic.o(.text.kb_energy_execute))
<BR><BR>[Stack]<UL><LI>Max Depth = 24<LI>Call Chain = kb_energy_execute &rArr; fsm_change
</UL>
<BR>[Calls]<UL><LI><a href="#[2c4]">&gt;&gt;</a>&nbsp;&nbsp;&nbsp;check_key_trigger
<LI><a href="#[2c2]">&gt;&gt;</a>&nbsp;&nbsp;&nbsp;get_kb_shoot_mode
<LI><a href="#[2c1]">&gt;&gt;</a>&nbsp;&nbsp;&nbsp;get_kb_gimbal_mode
<LI><a href="#[2c3]">&gt;&gt;</a>&nbsp;&nbsp;&nbsp;fsm_change
</UL>
<BR>[Address Reference Count : 1]<UL><LI> robot_logic.o(.rodata.state_kb_energy)
</UL>
<P><STRONG><a name="[127]"></a>reset_device</STRONG> (Thumb, 2 bytes, Stack size 0 bytes, custom_ranging_sensor.o(.text.reset_device))
<BR><BR>[Called By]<UL><LI><a href="#[126]">&gt;&gt;</a>&nbsp;&nbsp;&nbsp;CUSTOM_RANGING_SENSOR_Init
</UL>

<P><STRONG><a name="[128]"></a>VL53L4CD_Probe</STRONG> (Thumb, 278 bytes, Stack size 48 bytes, custom_ranging_sensor.o(.text.VL53L4CD_Probe))
<BR><BR>[Stack]<UL><LI>Max Depth = 128<LI>Call Chain = VL53L4CD_Probe &rArr; VL53L4CD_ReadID &rArr; VL53L4CD_RdWord &rArr; _I2CRead
</UL>
<BR>[Calls]<UL><LI><a href="#[18]">&gt;&gt;</a>&nbsp;&nbsp;&nbsp;VL53L4CD_ReadID
<LI><a href="#[26e]">&gt;&gt;</a>&nbsp;&nbsp;&nbsp;VL53L4CD_RegisterBusIO
</UL>
<BR>[Called By]<UL><LI><a href="#[126]">&gt;&gt;</a>&nbsp;&nbsp;&nbsp;CUSTOM_RANGING_SENSOR_Init
</UL>

<P><STRONG><a name="[20e]"></a>MX_VL53L4CD_SimpleRanging_Init</STRONG> (Thumb, 20 bytes, Stack size 8 bytes, app_tof.o(.text.MX_VL53L4CD_SimpleRanging_Init))
<BR><BR>[Stack]<UL><LI>Max Depth = 152<LI>Call Chain = MX_VL53L4CD_SimpleRanging_Init &rArr; CUSTOM_RANGING_SENSOR_Init &rArr; VL53L4CD_Probe &rArr; VL53L4CD_ReadID &rArr; VL53L4CD_RdWord &rArr; _I2CRead
</UL>
<BR>[Calls]<UL><LI><a href="#[126]">&gt;&gt;</a>&nbsp;&nbsp;&nbsp;CUSTOM_RANGING_SENSOR_Init
</UL>
<BR>[Called By]<UL><LI><a href="#[20d]">&gt;&gt;</a>&nbsp;&nbsp;&nbsp;MX_TOF_Init
</UL>

<P><STRONG><a name="[210]"></a>MX_VL53L4CD_SimpleRanging_Process</STRONG> (Thumb, 102 bytes, Stack size 24 bytes, app_tof.o(.text.MX_VL53L4CD_SimpleRanging_Process))
<BR><BR>[Stack]<UL><LI>Max Depth = 48<LI>Call Chain = MX_VL53L4CD_SimpleRanging_Process &rArr; CUSTOM_RANGING_SENSOR_Start
</UL>
<BR>[Calls]<UL><LI><a href="#[21f]">&gt;&gt;</a>&nbsp;&nbsp;&nbsp;CUSTOM_RANGING_SENSOR_Start
<LI><a href="#[220]">&gt;&gt;</a>&nbsp;&nbsp;&nbsp;CUSTOM_RANGING_SENSOR_GetDistance
<LI><a href="#[21e]">&gt;&gt;</a>&nbsp;&nbsp;&nbsp;CUSTOM_RANGING_SENSOR_ConfigProfile
<LI><a href="#[21d]">&gt;&gt;</a>&nbsp;&nbsp;&nbsp;CUSTOM_RANGING_SENSOR_GetCapabilities
<LI><a href="#[21c]">&gt;&gt;</a>&nbsp;&nbsp;&nbsp;CUSTOM_RANGING_SENSOR_ReadID
</UL>
<BR>[Called By]<UL><LI><a href="#[20f]">&gt;&gt;</a>&nbsp;&nbsp;&nbsp;MX_TOF_Process
</UL>

<P><STRONG><a name="[26f]"></a>_I2CWrite</STRONG> (Thumb, 28 bytes, Stack size 24 bytes, platform.o(.text._I2CWrite))
<BR><BR>[Stack]<UL><LI>Max Depth = 24<LI>Call Chain = _I2CWrite
</UL>
<BR>[Called By]<UL><LI><a href="#[271]">&gt;&gt;</a>&nbsp;&nbsp;&nbsp;VL53L4CD_RdDWord
<LI><a href="#[276]">&gt;&gt;</a>&nbsp;&nbsp;&nbsp;VL53L4CD_WrDWord
<LI><a href="#[274]">&gt;&gt;</a>&nbsp;&nbsp;&nbsp;VL53L4CD_WrWord
<LI><a href="#[263]">&gt;&gt;</a>&nbsp;&nbsp;&nbsp;VL53L4CD_RdByte
<LI><a href="#[26c]">&gt;&gt;</a>&nbsp;&nbsp;&nbsp;VL53L4CD_RdWord
<LI><a href="#[265]">&gt;&gt;</a>&nbsp;&nbsp;&nbsp;VL53L4CD_WrByte
</UL>

<P><STRONG><a name="[270]"></a>_I2CRead</STRONG> (Thumb, 28 bytes, Stack size 24 bytes, platform.o(.text._I2CRead))
<BR><BR>[Stack]<UL><LI>Max Depth = 24<LI>Call Chain = _I2CRead
</UL>
<BR>[Called By]<UL><LI><a href="#[271]">&gt;&gt;</a>&nbsp;&nbsp;&nbsp;VL53L4CD_RdDWord
<LI><a href="#[263]">&gt;&gt;</a>&nbsp;&nbsp;&nbsp;VL53L4CD_RdByte
<LI><a href="#[26c]">&gt;&gt;</a>&nbsp;&nbsp;&nbsp;VL53L4CD_RdWord
</UL>

<P><STRONG><a name="[268]"></a>vl53l4cd_poll_for_measurement</STRONG> (Thumb, 92 bytes, Stack size 32 bytes, vl53l4cd.o(.text.vl53l4cd_poll_for_measurement))
<BR><BR>[Stack]<UL><LI>Max Depth = 112<LI>Call Chain = vl53l4cd_poll_for_measurement &rArr; VL53L4CD_CheckForDataReady &rArr; VL53L4CD_RdByte &rArr; _I2CRead
</UL>
<BR>[Calls]<UL><LI><a href="#[262]">&gt;&gt;</a>&nbsp;&nbsp;&nbsp;VL53L4CD_CheckForDataReady
</UL>
<BR>[Called By]<UL><LI><a href="#[1d]">&gt;&gt;</a>&nbsp;&nbsp;&nbsp;VL53L4CD_GetDistance
</UL>

<P><STRONG><a name="[269]"></a>vl53l4cd_get_result</STRONG> (Thumb, 158 bytes, Stack size 40 bytes, vl53l4cd.o(.text.vl53l4cd_get_result))
<BR><BR>[Stack]<UL><LI>Max Depth = 144<LI>Call Chain = vl53l4cd_get_result &rArr; VL53L4CD_GetResult &rArr; VL53L4CD_RdWord &rArr; _I2CRead
</UL>
<BR>[Calls]<UL><LI><a href="#[26a]">&gt;&gt;</a>&nbsp;&nbsp;&nbsp;VL53L4CD_GetResult
</UL>
<BR>[Called By]<UL><LI><a href="#[1d]">&gt;&gt;</a>&nbsp;&nbsp;&nbsp;VL53L4CD_GetDistance
</UL>

<P><STRONG><a name="[360]"></a>_fp_digits</STRONG> (Thumb, 366 bytes, Stack size 64 bytes, printfa.o(i._fp_digits), UNUSED)
<BR><BR>[Calls]<UL><LI><a href="#[114]">&gt;&gt;</a>&nbsp;&nbsp;&nbsp;__aeabi_dmul
<LI><a href="#[115]">&gt;&gt;</a>&nbsp;&nbsp;&nbsp;__aeabi_ddiv
<LI><a href="#[10e]">&gt;&gt;</a>&nbsp;&nbsp;&nbsp;__aeabi_dadd
<LI><a href="#[116]">&gt;&gt;</a>&nbsp;&nbsp;&nbsp;__aeabi_d2ulz
<LI><a href="#[361]">&gt;&gt;</a>&nbsp;&nbsp;&nbsp;__aeabi_cdrcmple
<LI><a href="#[107]">&gt;&gt;</a>&nbsp;&nbsp;&nbsp;__aeabi_uldivmod
</UL>
<BR>[Called By]<UL><LI><a href="#[34b]">&gt;&gt;</a>&nbsp;&nbsp;&nbsp;_printf_core
</UL>

<P><STRONG><a name="[34b]"></a>_printf_core</STRONG> (Thumb, 1744 bytes, Stack size 136 bytes, printfa.o(i._printf_core), UNUSED)
<BR><BR>[Calls]<UL><LI><a href="#[364]">&gt;&gt;</a>&nbsp;&nbsp;&nbsp;__aeabi_uidivmod
<LI><a href="#[362]">&gt;&gt;</a>&nbsp;&nbsp;&nbsp;_printf_pre_padding
<LI><a href="#[363]">&gt;&gt;</a>&nbsp;&nbsp;&nbsp;_printf_post_padding
<LI><a href="#[360]">&gt;&gt;</a>&nbsp;&nbsp;&nbsp;_fp_digits
<LI><a href="#[107]">&gt;&gt;</a>&nbsp;&nbsp;&nbsp;__aeabi_uldivmod
</UL>
<BR>[Called By]<UL><LI><a href="#[34a]">&gt;&gt;</a>&nbsp;&nbsp;&nbsp;__0vsnprintf
</UL>

<P><STRONG><a name="[363]"></a>_printf_post_padding</STRONG> (Thumb, 36 bytes, Stack size 24 bytes, printfa.o(i._printf_post_padding), UNUSED)
<BR><BR>[Called By]<UL><LI><a href="#[34b]">&gt;&gt;</a>&nbsp;&nbsp;&nbsp;_printf_core
</UL>

<P><STRONG><a name="[362]"></a>_printf_pre_padding</STRONG> (Thumb, 46 bytes, Stack size 24 bytes, printfa.o(i._printf_pre_padding), UNUSED)
<BR><BR>[Called By]<UL><LI><a href="#[34b]">&gt;&gt;</a>&nbsp;&nbsp;&nbsp;_printf_core
</UL>

<P><STRONG><a name="[ca]"></a>_snputc</STRONG> (Thumb, 22 bytes, Stack size 0 bytes, printfa.o(i._snputc))
<BR>[Address Reference Count : 1]<UL><LI> printfa.o(i.__0vsnprintf)
</UL>
<P><STRONG><a name="[35f]"></a>internal_alloc</STRONG> (Thumb, 76 bytes, Stack size 24 bytes, mallocr.o(i.internal_alloc))
<BR><BR>[Stack]<UL><LI>Max Depth = 24<LI>Call Chain = internal_alloc
</UL>
<BR>[Calls]<UL><LI><a href="#[26b]">&gt;&gt;</a>&nbsp;&nbsp;&nbsp;__aeabi_memcpy
</UL>
<BR>[Called By]<UL><LI><a href="#[2b1]">&gt;&gt;</a>&nbsp;&nbsp;&nbsp;realloc
<LI><a href="#[297]">&gt;&gt;</a>&nbsp;&nbsp;&nbsp;malloc
</UL>
<P>
<H3>
Undefined Global Symbols
</H3><HR></body></html>
